
> advicx-ng@0.0.0 test
> ng test --no-watch --browsers=ChromeHeadless

- Generating browser application bundles (phase: setup)...
✔ Browser application bundle generation complete.
[32m12 03 2026 19:35:28.246:INFO [karma-server]: [39mKarma v6.4.4 server started at http://localhost:9878/
[32m12 03 2026 19:35:28.248:INFO [launcher]: [39mLaunching browsers ChromeHeadless with concurrency unlimited
[32m12 03 2026 19:35:28.252:INFO [launcher]: [39mStarting browser ChromeHeadless
[32m12 03 2026 19:35:29.324:INFO [Chrome Headless 145.0.0.0 (Windows 10)]: [39mConnected on socket BwNIY1Guf96YTQwTAAAB with id 43754366
Chrome Headless 145.0.0.0 (Windows 10): Executed 0 of 171[32m SUCCESS[39m (0 secs / 0 secs)
[1A[2K[31mChrome Headless 145.0.0.0 (Windows 10) CaseStudies1Component should create FAILED[39m
	NullInjectorError: R3InjectorError(DynamicTestModule)[ActivatedRoute -> ActivatedRoute]: 
	  NullInjectorError: No provider for ActivatedRoute!
	error properties: Object({ ngTempTokenPath: null, ngTokenPath: [ 'ActivatedRoute', 'ActivatedRoute' ] })
	    at NullInjector.get (node_modules/@angular/core/fesm2022/core.mjs:1630:27)
	    at R3Injector.get (node_modules/@angular/core/fesm2022/core.mjs:2159:33)
	    at R3Injector.get (node_modules/@angular/core/fesm2022/core.mjs:2159:33)
	    at ChainedInjector.get (node_modules/@angular/core/fesm2022/core.mjs:17277:36)
	    at lookupTokenUsingModuleInjector (node_modules/@angular/core/fesm2022/core.mjs:5071:39)
	    at getOrCreateInjectable (node_modules/@angular/core/fesm2022/core.mjs:5119:12)
	    at Module.ɵɵdirectiveInject (node_modules/@angular/core/fesm2022/core.mjs:17328:19)
	    at NodeInjectorFactory.factory (node_modules/@angular/router/fesm2022/router_module-DTJgGWLd.mjs:357:97)
	    at getNodeInjectable (node_modules/@angular/core/fesm2022/core.mjs:5331:44)
	    at instantiateAllDirectives (node_modules/@angular/core/fesm2022/core.mjs:12593:27)
Chrome Headless 145.0.0.0 (Windows 10): Executed 1 of 171[31m (1 FAILED)[39m (0 secs / 0.047 secs)
[1A[2KChrome Headless 145.0.0.0 (Windows 10): Executed 2 of 171[31m (1 FAILED)[39m (0 secs / 0.062 secs)
[1A[2K[31mChrome Headless 145.0.0.0 (Windows 10) BlogDetailLeftComponent should create FAILED[39m
	NullInjectorError: R3InjectorError(Standalone[BlogDetailLeftComponent])[ActivatedRoute -> ActivatedRoute -> ActivatedRoute]: 
	  NullInjectorError: No provider for ActivatedRoute!
	error properties: Object({ ngTempTokenPath: null, ngTokenPath: [ 'ActivatedRoute', 'ActivatedRoute', 'ActivatedRoute' ] })
	    at NullInjector.get (node_modules/@angular/core/fesm2022/core.mjs:1630:27)
	    at R3Injector.get (node_modules/@angular/core/fesm2022/core.mjs:2159:33)
	    at R3Injector.get (node_modules/@angular/core/fesm2022/core.mjs:2159:33)
	    at R3Injector.get (node_modules/@angular/core/fesm2022/core.mjs:2159:33)
	    at ChainedInjector.get (node_modules/@angular/core/fesm2022/core.mjs:17277:36)
	    at lookupTokenUsingModuleInjector (node_modules/@angular/core/fesm2022/core.mjs:5071:39)
	    at getOrCreateInjectable (node_modules/@angular/core/fesm2022/core.mjs:5119:12)
	    at Module.ɵɵdirectiveInject (node_modules/@angular/core/fesm2022/core.mjs:17328:19)
	    at NodeInjectorFactory.factory (node_modules/@angular/router/fesm2022/router_module-DTJgGWLd.mjs:357:97)
	    at getNodeInjectable (node_modules/@angular/core/fesm2022/core.mjs:5331:44)
Chrome Headless 145.0.0.0 (Windows 10): Executed 3 of 171[31m (2 FAILED)[39m (0 secs / 0.088 secs)
[1A[2K[31mChrome Headless 145.0.0.0 (Windows 10) BlogLeftComponent should create FAILED[39m
	NullInjectorError: R3InjectorError(Standalone[BlogLeftComponent])[ActivatedRoute -> ActivatedRoute -> ActivatedRoute]: 
	  NullInjectorError: No provider for ActivatedRoute!
	error properties: Object({ ngTempTokenPath: null, ngTokenPath: [ 'ActivatedRoute', 'ActivatedRoute', 'ActivatedRoute' ] })
	    at NullInjector.get (node_modules/@angular/core/fesm2022/core.mjs:1630:27)
	    at R3Injector.get (node_modules/@angular/core/fesm2022/core.mjs:2159:33)
	    at R3Injector.get (node_modules/@angular/core/fesm2022/core.mjs:2159:33)
	    at R3Injector.get (node_modules/@angular/core/fesm2022/core.mjs:2159:33)
	    at ChainedInjector.get (node_modules/@angular/core/fesm2022/core.mjs:17277:36)
	    at lookupTokenUsingModuleInjector (node_modules/@angular/core/fesm2022/core.mjs:5071:39)
	    at getOrCreateInjectable (node_modules/@angular/core/fesm2022/core.mjs:5119:12)
	    at Module.ɵɵdirectiveInject (node_modules/@angular/core/fesm2022/core.mjs:17328:19)
	    at NodeInjectorFactory.factory (node_modules/@angular/router/fesm2022/router_module-DTJgGWLd.mjs:357:97)
	    at getNodeInjectable (node_modules/@angular/core/fesm2022/core.mjs:5331:44)
Chrome Headless 145.0.0.0 (Windows 10): Executed 4 of 171[31m (3 FAILED)[39m (0 secs / 0.097 secs)
[1A[2K[31mChrome Headless 145.0.0.0 (Windows 10) About2Component should create FAILED[39m
	NullInjectorError: R3InjectorError(Standalone[About2Component])[ActivatedRoute -> ActivatedRoute -> ActivatedRoute]: 
	  NullInjectorError: No provider for ActivatedRoute!
	error properties: Object({ ngTempTokenPath: null, ngTokenPath: [ 'ActivatedRoute', 'ActivatedRoute', 'ActivatedRoute' ] })
	    at NullInjector.get (node_modules/@angular/core/fesm2022/core.mjs:1630:27)
	    at R3Injector.get (node_modules/@angular/core/fesm2022/core.mjs:2159:33)
	    at R3Injector.get (node_modules/@angular/core/fesm2022/core.mjs:2159:33)
	    at R3Injector.get (node_modules/@angular/core/fesm2022/core.mjs:2159:33)
	    at ChainedInjector.get (node_modules/@angular/core/fesm2022/core.mjs:17277:36)
	    at lookupTokenUsingModuleInjector (node_modules/@angular/core/fesm2022/core.mjs:5071:39)
	    at getOrCreateInjectable (node_modules/@angular/core/fesm2022/core.mjs:5119:12)
	    at Module.ɵɵdirectiveInject (node_modules/@angular/core/fesm2022/core.mjs:17328:19)
	    at NodeInjectorFactory.factory (node_modules/@angular/router/fesm2022/router_module-DTJgGWLd.mjs:357:97)
	    at getNodeInjectable (node_modules/@angular/core/fesm2022/core.mjs:5331:44)
Chrome Headless 145.0.0.0 (Windows 10): Executed 5 of 171[31m (4 FAILED)[39m (0 secs / 0.106 secs)
[1A[2K[31mChrome Headless 145.0.0.0 (Windows 10) TestimonialSwiperComponent should create FAILED[39m
	TypeError: this.el.nativeElement.initialize is not a function
	    at SwiperDirective.call [as ngAfterViewInit] (src/app/core/directives/swiper-directive.component.ts:22:27)
	    at callHookInternal (node_modules/@angular/core/fesm2022/core.mjs:4215:14)
	    at callHook (node_modules/@angular/core/fesm2022/core.mjs:4242:13)
	    at callHooks (node_modules/@angular/core/fesm2022/core.mjs:4196:17)
	    at executeInitAndCheckHooks (node_modules/@angular/core/fesm2022/core.mjs:4146:9)
	    at refreshView (node_modules/@angular/core/fesm2022/core.mjs:14130:21)
	    at detectChangesInView (node_modules/@angular/core/fesm2022/core.mjs:14274:9)
	    at detectChangesInViewIfAttached (node_modules/@angular/core/fesm2022/core.mjs:14234:5)
	    at detectChangesInComponent (node_modules/@angular/core/fesm2022/core.mjs:14222:5)
	    at detectChangesInChildComponents (node_modules/@angular/core/fesm2022/core.mjs:14293:9)
Chrome Headless 145.0.0.0 (Windows 10): Executed 6 of 171[31m (5 FAILED)[39m (0 secs / 0.117 secs)
[1A[2K[31mChrome Headless 145.0.0.0 (Windows 10) Blogs1Component should create FAILED[39m
	NullInjectorError: R3InjectorError(Standalone[Blogs1Component])[ActivatedRoute -> ActivatedRoute -> ActivatedRoute]: 
	  NullInjectorError: No provider for ActivatedRoute!
	error properties: Object({ ngTempTokenPath: null, ngTokenPath: [ 'ActivatedRoute', 'ActivatedRoute', 'ActivatedRoute' ] })
	    at NullInjector.get (node_modules/@angular/core/fesm2022/core.mjs:1630:27)
	    at R3Injector.get (node_modules/@angular/core/fesm2022/core.mjs:2159:33)
	    at R3Injector.get (node_modules/@angular/core/fesm2022/core.mjs:2159:33)
	    at R3Injector.get (node_modules/@angular/core/fesm2022/core.mjs:2159:33)
	    at ChainedInjector.get (node_modules/@angular/core/fesm2022/core.mjs:17277:36)
	    at lookupTokenUsingModuleInjector (node_modules/@angular/core/fesm2022/core.mjs:5071:39)
	    at getOrCreateInjectable (node_modules/@angular/core/fesm2022/core.mjs:5119:12)
	    at Module.ɵɵdirectiveInject (node_modules/@angular/core/fesm2022/core.mjs:17328:19)
	    at NodeInjectorFactory.factory (node_modules/@angular/router/fesm2022/router_module-DTJgGWLd.mjs:357:97)
	    at getNodeInjectable (node_modules/@angular/core/fesm2022/core.mjs:5331:44)
Chrome Headless 145.0.0.0 (Windows 10): Executed 7 of 171[31m (6 FAILED)[39m (0 secs / 0.122 secs)
[1A[2K[31mChrome Headless 145.0.0.0 (Windows 10) Work1Component should create FAILED[39m
	NullInjectorError: R3InjectorError(Standalone[Work1Component])[ActivatedRoute -> ActivatedRoute -> ActivatedRoute]: 
	  NullInjectorError: No provider for ActivatedRoute!
	error properties: Object({ ngTempTokenPath: null, ngTokenPath: [ 'ActivatedRoute', 'ActivatedRoute', 'ActivatedRoute' ] })
	    at NullInjector.get (node_modules/@angular/core/fesm2022/core.mjs:1630:27)
	    at R3Injector.get (node_modules/@angular/core/fesm2022/core.mjs:2159:33)
	    at R3Injector.get (node_modules/@angular/core/fesm2022/core.mjs:2159:33)
	    at R3Injector.get (node_modules/@angular/core/fesm2022/core.mjs:2159:33)
	    at ChainedInjector.get (node_modules/@angular/core/fesm2022/core.mjs:17277:36)
	    at lookupTokenUsingModuleInjector (node_modules/@angular/core/fesm2022/core.mjs:5071:39)
	    at getOrCreateInjectable (node_modules/@angular/core/fesm2022/core.mjs:5119:12)
	    at Module.ɵɵdirectiveInject (node_modules/@angular/core/fesm2022/core.mjs:17328:19)
	    at NodeInjectorFactory.factory (node_modules/@angular/router/fesm2022/router_module-DTJgGWLd.mjs:357:97)
	    at getNodeInjectable (node_modules/@angular/core/fesm2022/core.mjs:5331:44)
Chrome Headless 145.0.0.0 (Windows 10): Executed 8 of 171[31m (7 FAILED)[39m (0 secs / 0.127 secs)
[1A[2K[31mChrome Headless 145.0.0.0 (Windows 10) BlogRightComponent should create FAILED[39m
	NullInjectorError: R3InjectorError(Standalone[BlogRightComponent])[ActivatedRoute -> ActivatedRoute -> ActivatedRoute]: 
	  NullInjectorError: No provider for ActivatedRoute!
	error properties: Object({ ngTempTokenPath: null, ngTokenPath: [ 'ActivatedRoute', 'ActivatedRoute', 'ActivatedRoute' ] })
	    at NullInjector.get (node_modules/@angular/core/fesm2022/core.mjs:1630:27)
	    at R3Injector.get (node_modules/@angular/core/fesm2022/core.mjs:2159:33)
	    at R3Injector.get (node_modules/@angular/core/fesm2022/core.mjs:2159:33)
	    at R3Injector.get (node_modules/@angular/core/fesm2022/core.mjs:2159:33)
	    at ChainedInjector.get (node_modules/@angular/core/fesm2022/core.mjs:17277:36)
	    at lookupTokenUsingModuleInjector (node_modules/@angular/core/fesm2022/core.mjs:5071:39)
	    at getOrCreateInjectable (node_modules/@angular/core/fesm2022/core.mjs:5119:12)
	    at Module.ɵɵdirectiveInject (node_modules/@angular/core/fesm2022/core.mjs:17328:19)
	    at NodeInjectorFactory.factory (node_modules/@angular/router/fesm2022/router_module-DTJgGWLd.mjs:357:97)
	    at getNodeInjectable (node_modules/@angular/core/fesm2022/core.mjs:5331:44)
Chrome Headless 145.0.0.0 (Windows 10): Executed 9 of 171[31m (8 FAILED)[39m (0 secs / 0.132 secs)
[1A[2K[31mChrome Headless 145.0.0.0 (Windows 10) Header2Component should create FAILED[39m
	NullInjectorError: R3InjectorError(Standalone[Header2Component])[ActivatedRoute -> ActivatedRoute -> ActivatedRoute]: 
	  NullInjectorError: No provider for ActivatedRoute!
	error properties: Object({ ngTempTokenPath: null, ngTokenPath: [ 'ActivatedRoute', 'ActivatedRoute', 'ActivatedRoute' ] })
	    at NullInjector.get (node_modules/@angular/core/fesm2022/core.mjs:1630:27)
	    at R3Injector.get (node_modules/@angular/core/fesm2022/core.mjs:2159:33)
	    at R3Injector.get (node_modules/@angular/core/fesm2022/core.mjs:2159:33)
	    at R3Injector.get (node_modules/@angular/core/fesm2022/core.mjs:2159:33)
	    at ChainedInjector.get (node_modules/@angular/core/fesm2022/core.mjs:17277:36)
	    at lookupTokenUsingModuleInjector (node_modules/@angular/core/fesm2022/core.mjs:5071:39)
	    at getOrCreateInjectable (node_modules/@angular/core/fesm2022/core.mjs:5119:12)
	    at Module.ɵɵdirectiveInject (node_modules/@angular/core/fesm2022/core.mjs:17328:19)
	    at NodeInjectorFactory.factory (node_modules/@angular/router/fesm2022/router_module-DTJgGWLd.mjs:357:97)
	    at getNodeInjectable (node_modules/@angular/core/fesm2022/core.mjs:5331:44)
Chrome Headless 145.0.0.0 (Windows 10): Executed 10 of 171[31m (9 FAILED)[39m (0 secs / 0.168 secs)
[1A[2KChrome Headless 145.0.0.0 (Windows 10): Executed 11 of 171[31m (9 FAILED)[39m (0 secs / 0.171 secs)
[1A[2K[31mChrome Headless 145.0.0.0 (Windows 10) Services1Component should create FAILED[39m
	NullInjectorError: R3InjectorError(Standalone[Services1Component])[ActivatedRoute -> ActivatedRoute -> ActivatedRoute]: 
	  NullInjectorError: No provider for ActivatedRoute!
	error properties: Object({ ngTempTokenPath: null, ngTokenPath: [ 'ActivatedRoute', 'ActivatedRoute', 'ActivatedRoute' ] })
	    at NullInjector.get (node_modules/@angular/core/fesm2022/core.mjs:1630:27)
	    at R3Injector.get (node_modules/@angular/core/fesm2022/core.mjs:2159:33)
	    at R3Injector.get (node_modules/@angular/core/fesm2022/core.mjs:2159:33)
	    at R3Injector.get (node_modules/@angular/core/fesm2022/core.mjs:2159:33)
	    at ChainedInjector.get (node_modules/@angular/core/fesm2022/core.mjs:17277:36)
	    at lookupTokenUsingModuleInjector (node_modules/@angular/core/fesm2022/core.mjs:5071:39)
	    at getOrCreateInjectable (node_modules/@angular/core/fesm2022/core.mjs:5119:12)
	    at Module.ɵɵdirectiveInject (node_modules/@angular/core/fesm2022/core.mjs:17328:19)
	    at NodeInjectorFactory.factory (node_modules/@angular/router/fesm2022/router_module-DTJgGWLd.mjs:357:97)
	    at getNodeInjectable (node_modules/@angular/core/fesm2022/core.mjs:5331:44)
Chrome Headless 145.0.0.0 (Windows 10): Executed 12 of 171[31m (10 FAILED)[39m (0 secs / 0.177 secs)
[1A[2KChrome Headless 145.0.0.0 (Windows 10): Executed 13 of 171[31m (10 FAILED)[39m (0 secs / 0.182 secs)
[1A[2KChrome Headless 145.0.0.0 (Windows 10): Executed 14 of 171[31m (10 FAILED)[39m (0 secs / 0.193 secs)
[1A[2K[31mChrome Headless 145.0.0.0 (Windows 10) BlogCardComponent should create FAILED[39m
	NullInjectorError: R3InjectorError(DynamicTestModule)[ActivatedRoute -> ActivatedRoute]: 
	  NullInjectorError: No provider for ActivatedRoute!
	error properties: Object({ ngTempTokenPath: null, ngTokenPath: [ 'ActivatedRoute', 'ActivatedRoute' ] })
	    at NullInjector.get (node_modules/@angular/core/fesm2022/core.mjs:1630:27)
	    at R3Injector.get (node_modules/@angular/core/fesm2022/core.mjs:2159:33)
	    at R3Injector.get (node_modules/@angular/core/fesm2022/core.mjs:2159:33)
	    at ChainedInjector.get (node_modules/@angular/core/fesm2022/core.mjs:17277:36)
	    at lookupTokenUsingModuleInjector (node_modules/@angular/core/fesm2022/core.mjs:5071:39)
	    at getOrCreateInjectable (node_modules/@angular/core/fesm2022/core.mjs:5119:12)
	    at Module.ɵɵdirectiveInject (node_modules/@angular/core/fesm2022/core.mjs:17328:19)
	    at NodeInjectorFactory.factory (node_modules/@angular/router/fesm2022/router_module-DTJgGWLd.mjs:357:97)
	    at getNodeInjectable (node_modules/@angular/core/fesm2022/core.mjs:5331:44)
	    at instantiateAllDirectives (node_modules/@angular/core/fesm2022/core.mjs:12593:27)
Chrome Headless 145.0.0.0 (Windows 10): Executed 15 of 171[31m (11 FAILED)[39m (0 secs / 0.195 secs)
[1A[2K[31mChrome Headless 145.0.0.0 (Windows 10) Footer2Component should create FAILED[39m
	NullInjectorError: R3InjectorError(Standalone[Footer2Component])[ActivatedRoute -> ActivatedRoute -> ActivatedRoute]: 
	  NullInjectorError: No provider for ActivatedRoute!
	error properties: Object({ ngTempTokenPath: null, ngTokenPath: [ 'ActivatedRoute', 'ActivatedRoute', 'ActivatedRoute' ] })
	    at NullInjector.get (node_modules/@angular/core/fesm2022/core.mjs:1630:27)
	    at R3Injector.get (node_modules/@angular/core/fesm2022/core.mjs:2159:33)
	    at R3Injector.get (node_modules/@angular/core/fesm2022/core.mjs:2159:33)
	    at R3Injector.get (node_modules/@angular/core/fesm2022/core.mjs:2159:33)
	    at ChainedInjector.get (node_modules/@angular/core/fesm2022/core.mjs:17277:36)
	    at lookupTokenUsingModuleInjector (node_modules/@angular/core/fesm2022/core.mjs:5071:39)
	    at getOrCreateInjectable (node_modules/@angular/core/fesm2022/core.mjs:5119:12)
	    at Module.ɵɵdirectiveInject (node_modules/@angular/core/fesm2022/core.mjs:17328:19)
	    at NodeInjectorFactory.factory (node_modules/@angular/router/fesm2022/router_module-DTJgGWLd.mjs:357:97)
	    at getNodeInjectable (node_modules/@angular/core/fesm2022/core.mjs:5331:44)
Chrome Headless 145.0.0.0 (Windows 10): Executed 16 of 171[31m (12 FAILED)[39m (0 secs / 0.203 secs)
[1A[2KChrome Headless 145.0.0.0 (Windows 10): Executed 17 of 171[31m (12 FAILED)[39m (0 secs / 0.206 secs)
[1A[2KChrome Headless 145.0.0.0 (Windows 10): Executed 18 of 171[31m (12 FAILED)[39m (0 secs / 0.211 secs)
[1A[2K[31mChrome Headless 145.0.0.0 (Windows 10) Services2Component should create FAILED[39m
	NullInjectorError: R3InjectorError(Standalone[Services2Component])[ActivatedRoute -> ActivatedRoute -> ActivatedRoute]: 
	  NullInjectorError: No provider for ActivatedRoute!
	error properties: Object({ ngTempTokenPath: null, ngTokenPath: [ 'ActivatedRoute', 'ActivatedRoute', 'ActivatedRoute' ] })
	    at NullInjector.get (node_modules/@angular/core/fesm2022/core.mjs:1630:27)
	    at R3Injector.get (node_modules/@angular/core/fesm2022/core.mjs:2159:33)
	    at R3Injector.get (node_modules/@angular/core/fesm2022/core.mjs:2159:33)
	    at R3Injector.get (node_modules/@angular/core/fesm2022/core.mjs:2159:33)
	    at ChainedInjector.get (node_modules/@angular/core/fesm2022/core.mjs:17277:36)
	    at lookupTokenUsingModuleInjector (node_modules/@angular/core/fesm2022/core.mjs:5071:39)
	    at getOrCreateInjectable (node_modules/@angular/core/fesm2022/core.mjs:5119:12)
	    at Module.ɵɵdirectiveInject (node_modules/@angular/core/fesm2022/core.mjs:17328:19)
	    at NodeInjectorFactory.factory (node_modules/@angular/router/fesm2022/router_module-DTJgGWLd.mjs:357:97)
	    at getNodeInjectable (node_modules/@angular/core/fesm2022/core.mjs:5331:44)
Chrome Headless 145.0.0.0 (Windows 10): Executed 19 of 171[31m (13 FAILED)[39m (0 secs / 0.219 secs)
[1A[2K[31mChrome Headless 145.0.0.0 (Windows 10) BlogDetailRightComponent should create FAILED[39m
	NullInjectorError: R3InjectorError(Standalone[BlogDetailRightComponent])[ActivatedRoute -> ActivatedRoute -> ActivatedRoute]: 
	  NullInjectorError: No provider for ActivatedRoute!
	error properties: Object({ ngTempTokenPath: null, ngTokenPath: [ 'ActivatedRoute', 'ActivatedRoute', 'ActivatedRoute' ] })
	    at NullInjector.get (node_modules/@angular/core/fesm2022/core.mjs:1630:27)
	    at R3Injector.get (node_modules/@angular/core/fesm2022/core.mjs:2159:33)
	    at R3Injector.get (node_modules/@angular/core/fesm2022/core.mjs:2159:33)
	    at R3Injector.get (node_modules/@angular/core/fesm2022/core.mjs:2159:33)
	    at ChainedInjector.get (node_modules/@angular/core/fesm2022/core.mjs:17277:36)
	    at lookupTokenUsingModuleInjector (node_modules/@angular/core/fesm2022/core.mjs:5071:39)
	    at getOrCreateInjectable (node_modules/@angular/core/fesm2022/core.mjs:5119:12)
	    at Module.ɵɵdirectiveInject (node_modules/@angular/core/fesm2022/core.mjs:17328:19)
	    at NodeInjectorFactory.factory (node_modules/@angular/router/fesm2022/router_module-DTJgGWLd.mjs:357:97)
	    at getNodeInjectable (node_modules/@angular/core/fesm2022/core.mjs:5331:44)
Chrome Headless 145.0.0.0 (Windows 10): Executed 20 of 171[31m (14 FAILED)[39m (0 secs / 0.222 secs)
[1A[2K[31mChrome Headless 145.0.0.0 (Windows 10) Hero2Component should create FAILED[39m
	NullInjectorError: R3InjectorError(Standalone[Hero2Component])[ActivatedRoute -> ActivatedRoute -> ActivatedRoute]: 
	  NullInjectorError: No provider for ActivatedRoute!
	error properties: Object({ ngTempTokenPath: null, ngTokenPath: [ 'ActivatedRoute', 'ActivatedRoute', 'ActivatedRoute' ] })
	    at NullInjector.get (node_modules/@angular/core/fesm2022/core.mjs:1630:27)
	    at R3Injector.get (node_modules/@angular/core/fesm2022/core.mjs:2159:33)
	    at R3Injector.get (node_modules/@angular/core/fesm2022/core.mjs:2159:33)
	    at R3Injector.get (node_modules/@angular/core/fesm2022/core.mjs:2159:33)
	    at ChainedInjector.get (node_modules/@angular/core/fesm2022/core.mjs:17277:36)
	    at lookupTokenUsingModuleInjector (node_modules/@angular/core/fesm2022/core.mjs:5071:39)
	    at getOrCreateInjectable (node_modules/@angular/core/fesm2022/core.mjs:5119:12)
	    at Module.ɵɵdirectiveInject (node_modules/@angular/core/fesm2022/core.mjs:17328:19)
	    at NodeInjectorFactory.factory (node_modules/@angular/router/fesm2022/router_module-DTJgGWLd.mjs:357:97)
	    at getNodeInjectable (node_modules/@angular/core/fesm2022/core.mjs:5331:44)
Chrome Headless 145.0.0.0 (Windows 10): Executed 21 of 171[31m (15 FAILED)[39m (0 secs / 0.226 secs)
[1A[2K[31mChrome Headless 145.0.0.0 (Windows 10) BlogGrid3Component should create FAILED[39m
	NullInjectorError: R3InjectorError(Standalone[BlogGrid3Component])[ActivatedRoute -> ActivatedRoute -> ActivatedRoute]: 
	  NullInjectorError: No provider for ActivatedRoute!
	error properties: Object({ ngTempTokenPath: null, ngTokenPath: [ 'ActivatedRoute', 'ActivatedRoute', 'ActivatedRoute' ] })
	    at NullInjector.get (node_modules/@angular/core/fesm2022/core.mjs:1630:27)
	    at R3Injector.get (node_modules/@angular/core/fesm2022/core.mjs:2159:33)
	    at R3Injector.get (node_modules/@angular/core/fesm2022/core.mjs:2159:33)
	    at R3Injector.get (node_modules/@angular/core/fesm2022/core.mjs:2159:33)
	    at ChainedInjector.get (node_modules/@angular/core/fesm2022/core.mjs:17277:36)
	    at lookupTokenUsingModuleInjector (node_modules/@angular/core/fesm2022/core.mjs:5071:39)
	    at getOrCreateInjectable (node_modules/@angular/core/fesm2022/core.mjs:5119:12)
	    at Module.ɵɵdirectiveInject (node_modules/@angular/core/fesm2022/core.mjs:17328:19)
	    at NodeInjectorFactory.factory (node_modules/@angular/router/fesm2022/router_module-DTJgGWLd.mjs:357:97)
	    at getNodeInjectable (node_modules/@angular/core/fesm2022/core.mjs:5331:44)
Chrome Headless 145.0.0.0 (Windows 10): Executed 22 of 171[31m (16 FAILED)[39m (0 secs / 0.229 secs)
[1A[2K[31mChrome Headless 145.0.0.0 (Windows 10) FaqComponent should create FAILED[39m
	NullInjectorError: R3InjectorError(Standalone[FaqComponent])[ActivatedRoute -> ActivatedRoute -> ActivatedRoute]: 
	  NullInjectorError: No provider for ActivatedRoute!
	error properties: Object({ ngTempTokenPath: null, ngTokenPath: [ 'ActivatedRoute', 'ActivatedRoute', 'ActivatedRoute' ] })
	    at NullInjector.get (node_modules/@angular/core/fesm2022/core.mjs:1630:27)
	    at R3Injector.get (node_modules/@angular/core/fesm2022/core.mjs:2159:33)
	    at R3Injector.get (node_modules/@angular/core/fesm2022/core.mjs:2159:33)
	    at R3Injector.get (node_modules/@angular/core/fesm2022/core.mjs:2159:33)
	    at ChainedInjector.get (node_modules/@angular/core/fesm2022/core.mjs:17277:36)
	    at lookupTokenUsingModuleInjector (node_modules/@angular/core/fesm2022/core.mjs:5071:39)
	    at getOrCreateInjectable (node_modules/@angular/core/fesm2022/core.mjs:5119:12)
	    at Module.ɵɵdirectiveInject (node_modules/@angular/core/fesm2022/core.mjs:17328:19)
	    at NodeInjectorFactory.factory (node_modules/@angular/router/fesm2022/router_module-DTJgGWLd.mjs:357:97)
	    at getNodeInjectable (node_modules/@angular/core/fesm2022/core.mjs:5331:44)
Chrome Headless 145.0.0.0 (Windows 10): Executed 23 of 171[31m (17 FAILED)[39m (0 secs / 0.233 secs)
[1A[2K[31mChrome Headless 145.0.0.0 (Windows 10) ServiceDetailsLeftComponent should create FAILED[39m
	NullInjectorError: R3InjectorError(Standalone[ServiceDetailsLeftComponent])[ActivatedRoute -> ActivatedRoute -> ActivatedRoute]: 
	  NullInjectorError: No provider for ActivatedRoute!
	error properties: Object({ ngTempTokenPath: null, ngTokenPath: [ 'ActivatedRoute', 'ActivatedRoute', 'ActivatedRoute' ] })
	    at NullInjector.get (node_modules/@angular/core/fesm2022/core.mjs:1630:27)
	    at R3Injector.get (node_modules/@angular/core/fesm2022/core.mjs:2159:33)
	    at R3Injector.get (node_modules/@angular/core/fesm2022/core.mjs:2159:33)
	    at R3Injector.get (node_modules/@angular/core/fesm2022/core.mjs:2159:33)
	    at ChainedInjector.get (node_modules/@angular/core/fesm2022/core.mjs:17277:36)
	    at lookupTokenUsingModuleInjector (node_modules/@angular/core/fesm2022/core.mjs:5071:39)
	    at getOrCreateInjectable (node_modules/@angular/core/fesm2022/core.mjs:5119:12)
	    at Module.ɵɵdirectiveInject (node_modules/@angular/core/fesm2022/core.mjs:17328:19)
	    at NodeInjectorFactory.factory (node_modules/@angular/router/fesm2022/router_module-DTJgGWLd.mjs:357:97)
	    at getNodeInjectable (node_modules/@angular/core/fesm2022/core.mjs:5331:44)
Chrome Headless 145.0.0.0 (Windows 10): Executed 24 of 171[31m (18 FAILED)[39m (0 secs / 0.24 secs)
[1A[2K[31mChrome Headless 145.0.0.0 (Windows 10) Hero3Component should create FAILED[39m
	NullInjectorError: R3InjectorError(DynamicTestModule)[ActivatedRoute -> ActivatedRoute]: 
	  NullInjectorError: No provider for ActivatedRoute!
	error properties: Object({ ngTempTokenPath: null, ngTokenPath: [ 'ActivatedRoute', 'ActivatedRoute' ] })
	    at NullInjector.get (node_modules/@angular/core/fesm2022/core.mjs:1630:27)
	    at R3Injector.get (node_modules/@angular/core/fesm2022/core.mjs:2159:33)
	    at R3Injector.get (node_modules/@angular/core/fesm2022/core.mjs:2159:33)
	    at ChainedInjector.get (node_modules/@angular/core/fesm2022/core.mjs:17277:36)
	    at lookupTokenUsingModuleInjector (node_modules/@angular/core/fesm2022/core.mjs:5071:39)
	    at getOrCreateInjectable (node_modules/@angular/core/fesm2022/core.mjs:5119:12)
	    at Module.ɵɵdirectiveInject (node_modules/@angular/core/fesm2022/core.mjs:17328:19)
	    at NodeInjectorFactory.factory (node_modules/@angular/router/fesm2022/router_module-DTJgGWLd.mjs:357:97)
	    at getNodeInjectable (node_modules/@angular/core/fesm2022/core.mjs:5331:44)
	    at instantiateAllDirectives (node_modules/@angular/core/fesm2022/core.mjs:12593:27)
Chrome Headless 145.0.0.0 (Windows 10): Executed 25 of 171[31m (19 FAILED)[39m (0 secs / 0.243 secs)
[1A[2K[31mChrome Headless 145.0.0.0 (Windows 10) FooterComponent should create FAILED[39m
	NullInjectorError: R3InjectorError(DynamicTestModule)[ActivatedRoute -> ActivatedRoute]: 
	  NullInjectorError: No provider for ActivatedRoute!
	error properties: Object({ ngTempTokenPath: null, ngTokenPath: [ 'ActivatedRoute', 'ActivatedRoute' ] })
	    at NullInjector.get (node_modules/@angular/core/fesm2022/core.mjs:1630:27)
	    at R3Injector.get (node_modules/@angular/core/fesm2022/core.mjs:2159:33)
	    at R3Injector.get (node_modules/@angular/core/fesm2022/core.mjs:2159:33)
	    at ChainedInjector.get (node_modules/@angular/core/fesm2022/core.mjs:17277:36)
	    at lookupTokenUsingModuleInjector (node_modules/@angular/core/fesm2022/core.mjs:5071:39)
	    at getOrCreateInjectable (node_modules/@angular/core/fesm2022/core.mjs:5119:12)
	    at Module.ɵɵdirectiveInject (node_modules/@angular/core/fesm2022/core.mjs:17328:19)
	    at NodeInjectorFactory.factory (node_modules/@angular/router/fesm2022/router_module-DTJgGWLd.mjs:357:97)
	    at getNodeInjectable (node_modules/@angular/core/fesm2022/core.mjs:5331:44)
	    at instantiateAllDirectives (node_modules/@angular/core/fesm2022/core.mjs:12593:27)
Chrome Headless 145.0.0.0 (Windows 10): Executed 26 of 171[31m (20 FAILED)[39m (0 secs / 0.249 secs)
[1A[2KChrome Headless 145.0.0.0 (Windows 10): Executed 27 of 171[31m (20 FAILED)[39m (0 secs / 0.254 secs)
[1A[2K[31mChrome Headless 145.0.0.0 (Windows 10) AboutTeamComponent should create FAILED[39m
	TypeError: this.el.nativeElement.initialize is not a function
	    at SwiperDirective.call [as ngAfterViewInit] (src/app/core/directives/swiper-directive.component.ts:22:27)
	    at callHookInternal (node_modules/@angular/core/fesm2022/core.mjs:4215:14)
	    at callHook (node_modules/@angular/core/fesm2022/core.mjs:4242:13)
	    at callHooks (node_modules/@angular/core/fesm2022/core.mjs:4196:17)
	    at executeInitAndCheckHooks (node_modules/@angular/core/fesm2022/core.mjs:4146:9)
	    at refreshView (node_modules/@angular/core/fesm2022/core.mjs:14130:21)
	    at detectChangesInView (node_modules/@angular/core/fesm2022/core.mjs:14274:9)
	    at detectChangesInViewIfAttached (node_modules/@angular/core/fesm2022/core.mjs:14234:5)
	    at detectChangesInComponent (node_modules/@angular/core/fesm2022/core.mjs:14222:5)
	    at detectChangesInChildComponents (node_modules/@angular/core/fesm2022/core.mjs:14293:9)
Chrome Headless 145.0.0.0 (Windows 10): Executed 28 of 171[31m (21 FAILED)[39m (0 secs / 0.259 secs)
[1A[2K[31mChrome Headless 145.0.0.0 (Windows 10) Home1Component should create FAILED[39m
	NullInjectorError: R3InjectorError(Standalone[Home1Component])[ActivatedRoute -> ActivatedRoute -> ActivatedRoute]: 
	  NullInjectorError: No provider for ActivatedRoute!
	error properties: Object({ ngTempTokenPath: null, ngTokenPath: [ 'ActivatedRoute', 'ActivatedRoute', 'ActivatedRoute' ] })
	    at NullInjector.get (node_modules/@angular/core/fesm2022/core.mjs:1630:27)
	    at R3Injector.get (node_modules/@angular/core/fesm2022/core.mjs:2159:33)
	    at R3Injector.get (node_modules/@angular/core/fesm2022/core.mjs:2159:33)
	    at R3Injector.get (node_modules/@angular/core/fesm2022/core.mjs:2159:33)
	    at ChainedInjector.get (node_modules/@angular/core/fesm2022/core.mjs:17277:36)
	    at lookupTokenUsingModuleInjector (node_modules/@angular/core/fesm2022/core.mjs:5071:39)
	    at getOrCreateInjectable (node_modules/@angular/core/fesm2022/core.mjs:5119:12)
	    at Module.ɵɵdirectiveInject (node_modules/@angular/core/fesm2022/core.mjs:17328:19)
	    at NodeInjectorFactory.factory (node_modules/@angular/router/fesm2022/router_module-DTJgGWLd.mjs:357:97)
	    at getNodeInjectable (node_modules/@angular/core/fesm2022/core.mjs:5331:44)
Chrome Headless 145.0.0.0 (Windows 10): Executed 29 of 171[31m (22 FAILED)[39m (0 secs / 0.273 secs)
[1A[2K[31mChrome Headless 145.0.0.0 (Windows 10) MoreBlogsComponent should create FAILED[39m
	NullInjectorError: R3InjectorError(Standalone[MoreBlogsComponent])[ActivatedRoute -> ActivatedRoute -> ActivatedRoute]: 
	  NullInjectorError: No provider for ActivatedRoute!
	error properties: Object({ ngTempTokenPath: null, ngTokenPath: [ 'ActivatedRoute', 'ActivatedRoute', 'ActivatedRoute' ] })
	    at NullInjector.get (node_modules/@angular/core/fesm2022/core.mjs:1630:27)
	    at R3Injector.get (node_modules/@angular/core/fesm2022/core.mjs:2159:33)
	    at R3Injector.get (node_modules/@angular/core/fesm2022/core.mjs:2159:33)
	    at R3Injector.get (node_modules/@angular/core/fesm2022/core.mjs:2159:33)
	    at ChainedInjector.get (node_modules/@angular/core/fesm2022/core.mjs:17277:36)
	    at lookupTokenUsingModuleInjector (node_modules/@angular/core/fesm2022/core.mjs:5071:39)
	    at getOrCreateInjectable (node_modules/@angular/core/fesm2022/core.mjs:5119:12)
	    at Module.ɵɵdirectiveInject (node_modules/@angular/core/fesm2022/core.mjs:17328:19)
	    at NodeInjectorFactory.factory (node_modules/@angular/router/fesm2022/router_module-DTJgGWLd.mjs:357:97)
	    at getNodeInjectable (node_modules/@angular/core/fesm2022/core.mjs:5331:44)
Chrome Headless 145.0.0.0 (Windows 10): Executed 30 of 171[31m (23 FAILED)[39m (0 secs / 0.276 secs)
[1A[2K[31mChrome Headless 145.0.0.0 (Windows 10) Hero1Component should create FAILED[39m
	NullInjectorError: R3InjectorError(Standalone[Hero1Component])[ActivatedRoute -> ActivatedRoute -> ActivatedRoute]: 
	  NullInjectorError: No provider for ActivatedRoute!
	error properties: Object({ ngTempTokenPath: null, ngTokenPath: [ 'ActivatedRoute', 'ActivatedRoute', 'ActivatedRoute' ] })
	    at NullInjector.get (node_modules/@angular/core/fesm2022/core.mjs:1630:27)
	    at R3Injector.get (node_modules/@angular/core/fesm2022/core.mjs:2159:33)
	    at R3Injector.get (node_modules/@angular/core/fesm2022/core.mjs:2159:33)
	    at R3Injector.get (node_modules/@angular/core/fesm2022/core.mjs:2159:33)
	    at ChainedInjector.get (node_modules/@angular/core/fesm2022/core.mjs:17277:36)
	    at lookupTokenUsingModuleInjector (node_modules/@angular/core/fesm2022/core.mjs:5071:39)
	    at getOrCreateInjectable (node_modules/@angular/core/fesm2022/core.mjs:5119:12)
	    at Module.ɵɵdirectiveInject (node_modules/@angular/core/fesm2022/core.mjs:17328:19)
	    at NodeInjectorFactory.factory (node_modules/@angular/router/fesm2022/router_module-DTJgGWLd.mjs:357:97)
	    at getNodeInjectable (node_modules/@angular/core/fesm2022/core.mjs:5331:44)
Chrome Headless 145.0.0.0 (Windows 10): Executed 31 of 171[31m (24 FAILED)[39m (0 secs / 0.278 secs)
[1A[2K[31mChrome Headless 145.0.0.0 (Windows 10) CaseDetailLeftComponent should create FAILED[39m
	NullInjectorError: R3InjectorError(Standalone[CaseDetailLeftComponent])[ActivatedRoute -> ActivatedRoute -> ActivatedRoute]: 
	  NullInjectorError: No provider for ActivatedRoute!
	error properties: Object({ ngTempTokenPath: null, ngTokenPath: [ 'ActivatedRoute', 'ActivatedRoute', 'ActivatedRoute' ] })
	    at NullInjector.get (node_modules/@angular/core/fesm2022/core.mjs:1630:27)
	    at R3Injector.get (node_modules/@angular/core/fesm2022/core.mjs:2159:33)
	    at R3Injector.get (node_modules/@angular/core/fesm2022/core.mjs:2159:33)
	    at R3Injector.get (node_modules/@angular/core/fesm2022/core.mjs:2159:33)
	    at ChainedInjector.get (node_modules/@angular/core/fesm2022/core.mjs:17277:36)
	    at lookupTokenUsingModuleInjector (node_modules/@angular/core/fesm2022/core.mjs:5071:39)
	    at getOrCreateInjectable (node_modules/@angular/core/fesm2022/core.mjs:5119:12)
	    at Module.ɵɵdirectiveInject (node_modules/@angular/core/fesm2022/core.mjs:17328:19)
	    at NodeInjectorFactory.factory (node_modules/@angular/router/fesm2022/router_module-DTJgGWLd.mjs:357:97)
	    at getNodeInjectable (node_modules/@angular/core/fesm2022/core.mjs:5331:44)
Chrome Headless 145.0.0.0 (Windows 10): Executed 32 of 171[31m (25 FAILED)[39m (0 secs / 0.282 secs)
[1A[2K[31mChrome Headless 145.0.0.0 (Windows 10) OurServiceComponent should create FAILED[39m
	NullInjectorError: R3InjectorError(Standalone[OurServiceComponent])[ActivatedRoute -> ActivatedRoute -> ActivatedRoute]: 
	  NullInjectorError: No provider for ActivatedRoute!
	error properties: Object({ ngTempTokenPath: null, ngTokenPath: [ 'ActivatedRoute', 'ActivatedRoute', 'ActivatedRoute' ] })
	    at NullInjector.get (node_modules/@angular/core/fesm2022/core.mjs:1630:27)
	    at R3Injector.get (node_modules/@angular/core/fesm2022/core.mjs:2159:33)
	    at R3Injector.get (node_modules/@angular/core/fesm2022/core.mjs:2159:33)
	    at R3Injector.get (node_modules/@angular/core/fesm2022/core.mjs:2159:33)
	    at ChainedInjector.get (node_modules/@angular/core/fesm2022/core.mjs:17277:36)
	    at lookupTokenUsingModuleInjector (node_modules/@angular/core/fesm2022/core.mjs:5071:39)
	    at getOrCreateInjectable (node_modules/@angular/core/fesm2022/core.mjs:5119:12)
	    at Module.ɵɵdirectiveInject (node_modules/@angular/core/fesm2022/core.mjs:17328:19)
	    at NodeInjectorFactory.factory (node_modules/@angular/router/fesm2022/router_module-DTJgGWLd.mjs:357:97)
	    at getNodeInjectable (node_modules/@angular/core/fesm2022/core.mjs:5331:44)
Chrome Headless 145.0.0.0 (Windows 10): Executed 33 of 171[31m (26 FAILED)[39m (0 secs / 0.289 secs)
[1A[2K[31mChrome Headless 145.0.0.0 (Windows 10) Blogs5Component should create FAILED[39m
	NullInjectorError: R3InjectorError(Standalone[Blogs5Component])[ActivatedRoute -> ActivatedRoute -> ActivatedRoute]: 
	  NullInjectorError: No provider for ActivatedRoute!
	error properties: Object({ ngTempTokenPath: null, ngTokenPath: [ 'ActivatedRoute', 'ActivatedRoute', 'ActivatedRoute' ] })
	    at NullInjector.get (node_modules/@angular/core/fesm2022/core.mjs:1630:27)
	    at R3Injector.get (node_modules/@angular/core/fesm2022/core.mjs:2159:33)
	    at R3Injector.get (node_modules/@angular/core/fesm2022/core.mjs:2159:33)
	    at R3Injector.get (node_modules/@angular/core/fesm2022/core.mjs:2159:33)
	    at ChainedInjector.get (node_modules/@angular/core/fesm2022/core.mjs:17277:36)
	    at lookupTokenUsingModuleInjector (node_modules/@angular/core/fesm2022/core.mjs:5071:39)
	    at getOrCreateInjectable (node_modules/@angular/core/fesm2022/core.mjs:5119:12)
	    at Module.ɵɵdirectiveInject (node_modules/@angular/core/fesm2022/core.mjs:17328:19)
	    at NodeInjectorFactory.factory (node_modules/@angular/router/fesm2022/router_module-DTJgGWLd.mjs:357:97)
	    at getNodeInjectable (node_modules/@angular/core/fesm2022/core.mjs:5331:44)
Chrome Headless 145.0.0.0 (Windows 10): Executed 34 of 171[31m (27 FAILED)[39m (0 secs / 0.293 secs)
[1A[2K[31mChrome Headless 145.0.0.0 (Windows 10) OurTeamComponent should create FAILED[39m
	NullInjectorError: R3InjectorError(Standalone[OurTeamComponent])[ActivatedRoute -> ActivatedRoute -> ActivatedRoute]: 
	  NullInjectorError: No provider for ActivatedRoute!
	error properties: Object({ ngTempTokenPath: null, ngTokenPath: [ 'ActivatedRoute', 'ActivatedRoute', 'ActivatedRoute' ] })
	    at NullInjector.get (node_modules/@angular/core/fesm2022/core.mjs:1630:27)
	    at R3Injector.get (node_modules/@angular/core/fesm2022/core.mjs:2159:33)
	    at R3Injector.get (node_modules/@angular/core/fesm2022/core.mjs:2159:33)
	    at R3Injector.get (node_modules/@angular/core/fesm2022/core.mjs:2159:33)
	    at ChainedInjector.get (node_modules/@angular/core/fesm2022/core.mjs:17277:36)
	    at lookupTokenUsingModuleInjector (node_modules/@angular/core/fesm2022/core.mjs:5071:39)
	    at getOrCreateInjectable (node_modules/@angular/core/fesm2022/core.mjs:5119:12)
	    at Module.ɵɵdirectiveInject (node_modules/@angular/core/fesm2022/core.mjs:17328:19)
	    at NodeInjectorFactory.factory (node_modules/@angular/router/fesm2022/router_module-DTJgGWLd.mjs:357:97)
	    at getNodeInjectable (node_modules/@angular/core/fesm2022/core.mjs:5331:44)
Chrome Headless 145.0.0.0 (Windows 10): Executed 35 of 171[31m (28 FAILED)[39m (0 secs / 0.296 secs)
[1A[2K[31mChrome Headless 145.0.0.0 (Windows 10) Work2Component should create FAILED[39m
	NullInjectorError: R3InjectorError(Standalone[Work2Component])[ActivatedRoute -> ActivatedRoute -> ActivatedRoute]: 
	  NullInjectorError: No provider for ActivatedRoute!
	error properties: Object({ ngTempTokenPath: null, ngTokenPath: [ 'ActivatedRoute', 'ActivatedRoute', 'ActivatedRoute' ] })
	    at NullInjector.get (node_modules/@angular/core/fesm2022/core.mjs:1630:27)
	    at R3Injector.get (node_modules/@angular/core/fesm2022/core.mjs:2159:33)
	    at R3Injector.get (node_modules/@angular/core/fesm2022/core.mjs:2159:33)
	    at R3Injector.get (node_modules/@angular/core/fesm2022/core.mjs:2159:33)
	    at ChainedInjector.get (node_modules/@angular/core/fesm2022/core.mjs:17277:36)
	    at lookupTokenUsingModuleInjector (node_modules/@angular/core/fesm2022/core.mjs:5071:39)
	    at getOrCreateInjectable (node_modules/@angular/core/fesm2022/core.mjs:5119:12)
	    at Module.ɵɵdirectiveInject (node_modules/@angular/core/fesm2022/core.mjs:17328:19)
	    at NodeInjectorFactory.factory (node_modules/@angular/router/fesm2022/router_module-DTJgGWLd.mjs:357:97)
	    at getNodeInjectable (node_modules/@angular/core/fesm2022/core.mjs:5331:44)
Chrome Headless 145.0.0.0 (Windows 10): Executed 36 of 171[31m (29 FAILED)[39m (0 secs / 0.3 secs)
[1A[2K[31mChrome Headless 145.0.0.0 (Windows 10) Team4Component should create FAILED[39m
	NullInjectorError: R3InjectorError(Standalone[Team4Component])[ActivatedRoute -> ActivatedRoute -> ActivatedRoute]: 
	  NullInjectorError: No provider for ActivatedRoute!
	error properties: Object({ ngTempTokenPath: null, ngTokenPath: [ 'ActivatedRoute', 'ActivatedRoute', 'ActivatedRoute' ] })
	    at NullInjector.get (node_modules/@angular/core/fesm2022/core.mjs:1630:27)
	    at R3Injector.get (node_modules/@angular/core/fesm2022/core.mjs:2159:33)
	    at R3Injector.get (node_modules/@angular/core/fesm2022/core.mjs:2159:33)
	    at R3Injector.get (node_modules/@angular/core/fesm2022/core.mjs:2159:33)
	    at ChainedInjector.get (node_modules/@angular/core/fesm2022/core.mjs:17277:36)
	    at lookupTokenUsingModuleInjector (node_modules/@angular/core/fesm2022/core.mjs:5071:39)
	    at getOrCreateInjectable (node_modules/@angular/core/fesm2022/core.mjs:5119:12)
	    at Module.ɵɵdirectiveInject (node_modules/@angular/core/fesm2022/core.mjs:17328:19)
	    at NodeInjectorFactory.factory (node_modules/@angular/router/fesm2022/router_module-DTJgGWLd.mjs:357:97)
	    at getNodeInjectable (node_modules/@angular/core/fesm2022/core.mjs:5331:44)
Chrome Headless 145.0.0.0 (Windows 10): Executed 37 of 171[31m (30 FAILED)[39m (0 secs / 0.304 secs)
[1A[2K[31mChrome Headless 145.0.0.0 (Windows 10) About1Component should create FAILED[39m
	NullInjectorError: R3InjectorError(DynamicTestModule)[ActivatedRoute -> ActivatedRoute]: 
	  NullInjectorError: No provider for ActivatedRoute!
	error properties: Object({ ngTempTokenPath: null, ngTokenPath: [ 'ActivatedRoute', 'ActivatedRoute' ] })
	    at NullInjector.get (node_modules/@angular/core/fesm2022/core.mjs:1630:27)
	    at R3Injector.get (node_modules/@angular/core/fesm2022/core.mjs:2159:33)
	    at R3Injector.get (node_modules/@angular/core/fesm2022/core.mjs:2159:33)
	    at ChainedInjector.get (node_modules/@angular/core/fesm2022/core.mjs:17277:36)
	    at lookupTokenUsingModuleInjector (node_modules/@angular/core/fesm2022/core.mjs:5071:39)
	    at getOrCreateInjectable (node_modules/@angular/core/fesm2022/core.mjs:5119:12)
	    at Module.ɵɵdirectiveInject (node_modules/@angular/core/fesm2022/core.mjs:17328:19)
	    at NodeInjectorFactory.factory (node_modules/@angular/router/fesm2022/router_module-DTJgGWLd.mjs:357:97)
	    at getNodeInjectable (node_modules/@angular/core/fesm2022/core.mjs:5331:44)
	    at instantiateAllDirectives (node_modules/@angular/core/fesm2022/core.mjs:12593:27)
Chrome Headless 145.0.0.0 (Windows 10): Executed 38 of 171[31m (31 FAILED)[39m (0 secs / 0.308 secs)
[1A[2K[31mChrome Headless 145.0.0.0 (Windows 10) MobileMenuComponent should create FAILED[39m
	NullInjectorError: R3InjectorError(Standalone[MobileMenuComponent])[ActivatedRoute -> ActivatedRoute -> ActivatedRoute]: 
	  NullInjectorError: No provider for ActivatedRoute!
	error properties: Object({ ngTempTokenPath: null, ngTokenPath: [ 'ActivatedRoute', 'ActivatedRoute', 'ActivatedRoute' ] })
	    at NullInjector.get (node_modules/@angular/core/fesm2022/core.mjs:1630:27)
	    at R3Injector.get (node_modules/@angular/core/fesm2022/core.mjs:2159:33)
	    at R3Injector.get (node_modules/@angular/core/fesm2022/core.mjs:2159:33)
	    at R3Injector.get (node_modules/@angular/core/fesm2022/core.mjs:2159:33)
	    at ChainedInjector.get (node_modules/@angular/core/fesm2022/core.mjs:17277:36)
	    at lookupTokenUsingModuleInjector (node_modules/@angular/core/fesm2022/core.mjs:5071:39)
	    at getOrCreateInjectable (node_modules/@angular/core/fesm2022/core.mjs:5119:12)
	    at Module.ɵɵdirectiveInject (node_modules/@angular/core/fesm2022/core.mjs:17328:19)
	    at NodeInjectorFactory.factory (node_modules/@angular/router/fesm2022/router_module-DTJgGWLd.mjs:357:97)
	    at getNodeInjectable (node_modules/@angular/core/fesm2022/core.mjs:5331:44)
Chrome Headless 145.0.0.0 (Windows 10): Executed 39 of 171[31m (32 FAILED)[39m (0 secs / 0.311 secs)
[1A[2KChrome Headless 145.0.0.0 (Windows 10): Executed 40 of 171[31m (32 FAILED)[39m (0 secs / 0.312 secs)
[1A[2K[31mChrome Headless 145.0.0.0 (Windows 10) CaseStudies4Component should create FAILED[39m
	NullInjectorError: R3InjectorError(Standalone[CaseStudies4Component])[ActivatedRoute -> ActivatedRoute -> ActivatedRoute]: 
	  NullInjectorError: No provider for ActivatedRoute!
	error properties: Object({ ngTempTokenPath: null, ngTokenPath: [ 'ActivatedRoute', 'ActivatedRoute', 'ActivatedRoute' ] })
	    at NullInjector.get (node_modules/@angular/core/fesm2022/core.mjs:1630:27)
	    at R3Injector.get (node_modules/@angular/core/fesm2022/core.mjs:2159:33)
	    at R3Injector.get (node_modules/@angular/core/fesm2022/core.mjs:2159:33)
	    at R3Injector.get (node_modules/@angular/core/fesm2022/core.mjs:2159:33)
	    at ChainedInjector.get (node_modules/@angular/core/fesm2022/core.mjs:17277:36)
	    at lookupTokenUsingModuleInjector (node_modules/@angular/core/fesm2022/core.mjs:5071:39)
	    at getOrCreateInjectable (node_modules/@angular/core/fesm2022/core.mjs:5119:12)
	    at Module.ɵɵdirectiveInject (node_modules/@angular/core/fesm2022/core.mjs:17328:19)
	    at NodeInjectorFactory.factory (node_modules/@angular/router/fesm2022/router_module-DTJgGWLd.mjs:357:97)
	    at getNodeInjectable (node_modules/@angular/core/fesm2022/core.mjs:5331:44)
Chrome Headless 145.0.0.0 (Windows 10): Executed 41 of 171[31m (33 FAILED)[39m (0 secs / 0.316 secs)
[1A[2KChrome Headless 145.0.0.0 (Windows 10): Executed 42 of 171[31m (33 FAILED)[39m (0 secs / 0.319 secs)
[1A[2K[31mChrome Headless 145.0.0.0 (Windows 10) CaseStudies2Component should create FAILED[39m
	NullInjectorError: R3InjectorError(Standalone[CaseStudies2Component])[ActivatedRoute -> ActivatedRoute -> ActivatedRoute]: 
	  NullInjectorError: No provider for ActivatedRoute!
	error properties: Object({ ngTempTokenPath: null, ngTokenPath: [ 'ActivatedRoute', 'ActivatedRoute', 'ActivatedRoute' ] })
	    at NullInjector.get (node_modules/@angular/core/fesm2022/core.mjs:1630:27)
	    at R3Injector.get (node_modules/@angular/core/fesm2022/core.mjs:2159:33)
	    at R3Injector.get (node_modules/@angular/core/fesm2022/core.mjs:2159:33)
	    at R3Injector.get (node_modules/@angular/core/fesm2022/core.mjs:2159:33)
	    at ChainedInjector.get (node_modules/@angular/core/fesm2022/core.mjs:17277:36)
	    at lookupTokenUsingModuleInjector (node_modules/@angular/core/fesm2022/core.mjs:5071:39)
	    at getOrCreateInjectable (node_modules/@angular/core/fesm2022/core.mjs:5119:12)
	    at Module.ɵɵdirectiveInject (node_modules/@angular/core/fesm2022/core.mjs:17328:19)
	    at NodeInjectorFactory.factory (node_modules/@angular/router/fesm2022/router_module-DTJgGWLd.mjs:357:97)
	    at getNodeInjectable (node_modules/@angular/core/fesm2022/core.mjs:5331:44)
Chrome Headless 145.0.0.0 (Windows 10): Executed 43 of 171[31m (34 FAILED)[39m (0 secs / 0.323 secs)
[1A[2K[31mChrome Headless 145.0.0.0 (Windows 10) Testimonial5Component should create FAILED[39m
	TypeError: this.el.nativeElement.initialize is not a function
	    at SwiperDirective.call [as ngAfterViewInit] (src/app/core/directives/swiper-directive.component.ts:22:27)
	    at callHookInternal (node_modules/@angular/core/fesm2022/core.mjs:4215:14)
	    at callHook (node_modules/@angular/core/fesm2022/core.mjs:4242:13)
	    at callHooks (node_modules/@angular/core/fesm2022/core.mjs:4196:17)
	    at executeInitAndCheckHooks (node_modules/@angular/core/fesm2022/core.mjs:4146:9)
	    at refreshView (node_modules/@angular/core/fesm2022/core.mjs:14130:21)
	    at detectChangesInView (node_modules/@angular/core/fesm2022/core.mjs:14274:9)
	    at detectChangesInViewIfAttached (node_modules/@angular/core/fesm2022/core.mjs:14234:5)
	    at detectChangesInComponent (node_modules/@angular/core/fesm2022/core.mjs:14222:5)
	    at detectChangesInChildComponents (node_modules/@angular/core/fesm2022/core.mjs:14293:9)
Chrome Headless 145.0.0.0 (Windows 10): Executed 44 of 171[31m (35 FAILED)[39m (0 secs / 0.327 secs)
[1A[2KChrome Headless 145.0.0.0 (Windows 10): Executed 45 of 171[31m (35 FAILED)[39m (0 secs / 0.331 secs)
[1A[2K[31mChrome Headless 145.0.0.0 (Windows 10) TestimonialsComponent should create FAILED[39m
	NullInjectorError: R3InjectorError(Standalone[TestimonialsComponent])[ActivatedRoute -> ActivatedRoute -> ActivatedRoute]: 
	  NullInjectorError: No provider for ActivatedRoute!
	error properties: Object({ ngTempTokenPath: null, ngTokenPath: [ 'ActivatedRoute', 'ActivatedRoute', 'ActivatedRoute' ] })
	    at NullInjector.get (node_modules/@angular/core/fesm2022/core.mjs:1630:27)
	    at R3Injector.get (node_modules/@angular/core/fesm2022/core.mjs:2159:33)
	    at R3Injector.get (node_modules/@angular/core/fesm2022/core.mjs:2159:33)
	    at R3Injector.get (node_modules/@angular/core/fesm2022/core.mjs:2159:33)
	    at ChainedInjector.get (node_modules/@angular/core/fesm2022/core.mjs:17277:36)
	    at lookupTokenUsingModuleInjector (node_modules/@angular/core/fesm2022/core.mjs:5071:39)
	    at getOrCreateInjectable (node_modules/@angular/core/fesm2022/core.mjs:5119:12)
	    at Module.ɵɵdirectiveInject (node_modules/@angular/core/fesm2022/core.mjs:17328:19)
	    at NodeInjectorFactory.factory (node_modules/@angular/router/fesm2022/router_module-DTJgGWLd.mjs:357:97)
	    at getNodeInjectable (node_modules/@angular/core/fesm2022/core.mjs:5331:44)
Chrome Headless 145.0.0.0 (Windows 10): Executed 46 of 171[31m (36 FAILED)[39m (0 secs / 0.335 secs)
[1A[2KChrome Headless 145.0.0.0 (Windows 10): Executed 47 of 171[31m (36 FAILED)[39m (0 secs / 0.366 secs)
[1A[2K[31mChrome Headless 145.0.0.0 (Windows 10) Testimonial4Component should create FAILED[39m
	ReferenceError: jQuery is not defined
	    at SlickCarouselComponent.initSlick (node_modules/ngx-slick-carousel/fesm2022/ngx-slick-carousel.mjs:75:9)
	    at SlickCarouselComponent.ngAfterViewChecked (node_modules/ngx-slick-carousel/fesm2022/ngx-slick-carousel.mjs:46:26)
	    at SlickCarouselComponent.call [as ngAfterViewInit] (node_modules/ngx-slick-carousel/fesm2022/ngx-slick-carousel.mjs:33:14)
	    at callHookInternal (node_modules/@angular/core/fesm2022/core.mjs:4215:14)
	    at callHook (node_modules/@angular/core/fesm2022/core.mjs:4242:13)
	    at callHooks (node_modules/@angular/core/fesm2022/core.mjs:4196:17)
	    at executeInitAndCheckHooks (node_modules/@angular/core/fesm2022/core.mjs:4146:9)
	    at refreshView (node_modules/@angular/core/fesm2022/core.mjs:14130:21)
	    at detectChangesInView (node_modules/@angular/core/fesm2022/core.mjs:14274:9)
	    at detectChangesInViewIfAttached (node_modules/@angular/core/fesm2022/core.mjs:14234:5)
Chrome Headless 145.0.0.0 (Windows 10): Executed 48 of 171[31m (37 FAILED)[39m (0 secs / 0.373 secs)
[1A[2K[31mChrome Headless 145.0.0.0 (Windows 10) Home3Component should create FAILED[39m
	NullInjectorError: R3InjectorError(Standalone[Home3Component])[ActivatedRoute -> ActivatedRoute -> ActivatedRoute]: 
	  NullInjectorError: No provider for ActivatedRoute!
	error properties: Object({ ngTempTokenPath: null, ngTokenPath: [ 'ActivatedRoute', 'ActivatedRoute', 'ActivatedRoute' ] })
	    at NullInjector.get (node_modules/@angular/core/fesm2022/core.mjs:1630:27)
	    at R3Injector.get (node_modules/@angular/core/fesm2022/core.mjs:2159:33)
	    at R3Injector.get (node_modules/@angular/core/fesm2022/core.mjs:2159:33)
	    at R3Injector.get (node_modules/@angular/core/fesm2022/core.mjs:2159:33)
	    at ChainedInjector.get (node_modules/@angular/core/fesm2022/core.mjs:17277:36)
	    at lookupTokenUsingModuleInjector (node_modules/@angular/core/fesm2022/core.mjs:5071:39)
	    at getOrCreateInjectable (node_modules/@angular/core/fesm2022/core.mjs:5119:12)
	    at Module.ɵɵdirectiveInject (node_modules/@angular/core/fesm2022/core.mjs:17328:19)
	    at NodeInjectorFactory.factory (node_modules/@angular/router/fesm2022/router_module-DTJgGWLd.mjs:357:97)
	    at getNodeInjectable (node_modules/@angular/core/fesm2022/core.mjs:5331:44)
Chrome Headless 145.0.0.0 (Windows 10): Executed 49 of 171[31m (38 FAILED)[39m (0 secs / 0.401 secs)
[1A[2K[31mChrome Headless 145.0.0.0 (Windows 10) SingleHome4Component should create FAILED[39m
	NullInjectorError: R3InjectorError(Standalone[SingleHome4Component])[ActivatedRoute -> ActivatedRoute -> ActivatedRoute]: 
	  NullInjectorError: No provider for ActivatedRoute!
	error properties: Object({ ngTempTokenPath: null, ngTokenPath: [ 'ActivatedRoute', 'ActivatedRoute', 'ActivatedRoute' ] })
	    at NullInjector.get (node_modules/@angular/core/fesm2022/core.mjs:1630:27)
	    at R3Injector.get (node_modules/@angular/core/fesm2022/core.mjs:2159:33)
	    at R3Injector.get (node_modules/@angular/core/fesm2022/core.mjs:2159:33)
	    at R3Injector.get (node_modules/@angular/core/fesm2022/core.mjs:2159:33)
	    at ChainedInjector.get (node_modules/@angular/core/fesm2022/core.mjs:17277:36)
	    at lookupTokenUsingModuleInjector (node_modules/@angular/core/fesm2022/core.mjs:5071:39)
	    at getOrCreateInjectable (node_modules/@angular/core/fesm2022/core.mjs:5119:12)
	    at Module.ɵɵdirectiveInject (node_modules/@angular/core/fesm2022/core.mjs:17328:19)
	    at NodeInjectorFactory.factory (node_modules/@angular/router/fesm2022/router_module-DTJgGWLd.mjs:357:97)
	    at getNodeInjectable (node_modules/@angular/core/fesm2022/core.mjs:5331:44)
Chrome Headless 145.0.0.0 (Windows 10): Executed 50 of 171[31m (39 FAILED)[39m (0 secs / 0.436 secs)
[1A[2K[31mChrome Headless 145.0.0.0 (Windows 10) Footer2Component should create FAILED[39m
	NullInjectorError: R3InjectorError(Standalone[Footer2Component])[ActivatedRoute -> ActivatedRoute -> ActivatedRoute]: 
	  NullInjectorError: No provider for ActivatedRoute!
	error properties: Object({ ngTempTokenPath: null, ngTokenPath: [ 'ActivatedRoute', 'ActivatedRoute', 'ActivatedRoute' ] })
	    at NullInjector.get (node_modules/@angular/core/fesm2022/core.mjs:1630:27)
	    at R3Injector.get (node_modules/@angular/core/fesm2022/core.mjs:2159:33)
	    at R3Injector.get (node_modules/@angular/core/fesm2022/core.mjs:2159:33)
	    at R3Injector.get (node_modules/@angular/core/fesm2022/core.mjs:2159:33)
	    at ChainedInjector.get (node_modules/@angular/core/fesm2022/core.mjs:17277:36)
	    at lookupTokenUsingModuleInjector (node_modules/@angular/core/fesm2022/core.mjs:5071:39)
	    at getOrCreateInjectable (node_modules/@angular/core/fesm2022/core.mjs:5119:12)
	    at Module.ɵɵdirectiveInject (node_modules/@angular/core/fesm2022/core.mjs:17328:19)
	    at NodeInjectorFactory.factory (node_modules/@angular/router/fesm2022/router_module-DTJgGWLd.mjs:357:97)
	    at getNodeInjectable (node_modules/@angular/core/fesm2022/core.mjs:5331:44)
Chrome Headless 145.0.0.0 (Windows 10): Executed 51 of 171[31m (40 FAILED)[39m (0 secs / 0.443 secs)
[1A[2K[31mChrome Headless 145.0.0.0 (Windows 10) CaseStudies2Component should create FAILED[39m
	NullInjectorError: R3InjectorError(Standalone[CaseStudies2Component])[ActivatedRoute -> ActivatedRoute -> ActivatedRoute]: 
	  NullInjectorError: No provider for ActivatedRoute!
	error properties: Object({ ngTempTokenPath: null, ngTokenPath: [ 'ActivatedRoute', 'ActivatedRoute', 'ActivatedRoute' ] })
	    at NullInjector.get (node_modules/@angular/core/fesm2022/core.mjs:1630:27)
	    at R3Injector.get (node_modules/@angular/core/fesm2022/core.mjs:2159:33)
	    at R3Injector.get (node_modules/@angular/core/fesm2022/core.mjs:2159:33)
	    at R3Injector.get (node_modules/@angular/core/fesm2022/core.mjs:2159:33)
	    at ChainedInjector.get (node_modules/@angular/core/fesm2022/core.mjs:17277:36)
	    at lookupTokenUsingModuleInjector (node_modules/@angular/core/fesm2022/core.mjs:5071:39)
	    at getOrCreateInjectable (node_modules/@angular/core/fesm2022/core.mjs:5119:12)
	    at Module.ɵɵdirectiveInject (node_modules/@angular/core/fesm2022/core.mjs:17328:19)
	    at NodeInjectorFactory.factory (node_modules/@angular/router/fesm2022/router_module-DTJgGWLd.mjs:357:97)
	    at getNodeInjectable (node_modules/@angular/core/fesm2022/core.mjs:5331:44)
Chrome Headless 145.0.0.0 (Windows 10): Executed 52 of 171[31m (41 FAILED)[39m (0 secs / 0.447 secs)
[1A[2K[31mChrome Headless 145.0.0.0 (Windows 10) Blogs2Component should create FAILED[39m
	NullInjectorError: R3InjectorError(Standalone[Blogs2Component])[ActivatedRoute -> ActivatedRoute -> ActivatedRoute]: 
	  NullInjectorError: No provider for ActivatedRoute!
	error properties: Object({ ngTempTokenPath: null, ngTokenPath: [ 'ActivatedRoute', 'ActivatedRoute', 'ActivatedRoute' ] })
	    at NullInjector.get (node_modules/@angular/core/fesm2022/core.mjs:1630:27)
	    at R3Injector.get (node_modules/@angular/core/fesm2022/core.mjs:2159:33)
	    at R3Injector.get (node_modules/@angular/core/fesm2022/core.mjs:2159:33)
	    at R3Injector.get (node_modules/@angular/core/fesm2022/core.mjs:2159:33)
	    at ChainedInjector.get (node_modules/@angular/core/fesm2022/core.mjs:17277:36)
	    at lookupTokenUsingModuleInjector (node_modules/@angular/core/fesm2022/core.mjs:5071:39)
	    at getOrCreateInjectable (node_modules/@angular/core/fesm2022/core.mjs:5119:12)
	    at Module.ɵɵdirectiveInject (node_modules/@angular/core/fesm2022/core.mjs:17328:19)
	    at NodeInjectorFactory.factory (node_modules/@angular/router/fesm2022/router_module-DTJgGWLd.mjs:357:97)
	    at getNodeInjectable (node_modules/@angular/core/fesm2022/core.mjs:5331:44)
Chrome Headless 145.0.0.0 (Windows 10): Executed 53 of 171[31m (42 FAILED)[39m (0 secs / 0.453 secs)
[1A[2K[31mChrome Headless 145.0.0.0 (Windows 10) AppComponent should create the app FAILED[39m
	NullInjectorError: R3InjectorError(Standalone[AppComponent])[ActivatedRoute -> ActivatedRoute -> ActivatedRoute]: 
	  NullInjectorError: No provider for ActivatedRoute!
	error properties: Object({ ngTempTokenPath: null, ngTokenPath: [ 'ActivatedRoute', 'ActivatedRoute', 'ActivatedRoute' ] })
	    at NullInjector.get (node_modules/@angular/core/fesm2022/core.mjs:1630:27)
	    at R3Injector.get (node_modules/@angular/core/fesm2022/core.mjs:2159:33)
	    at R3Injector.get (node_modules/@angular/core/fesm2022/core.mjs:2159:33)
	    at R3Injector.get (node_modules/@angular/core/fesm2022/core.mjs:2159:33)
	    at ChainedInjector.get (node_modules/@angular/core/fesm2022/core.mjs:17277:36)
	    at lookupTokenUsingModuleInjector (node_modules/@angular/core/fesm2022/core.mjs:5071:39)
	    at getOrCreateInjectable (node_modules/@angular/core/fesm2022/core.mjs:5119:12)
	    at ɵɵdirectiveInject (node_modules/@angular/core/fesm2022/core.mjs:17328:19)
	    at ɵɵinject (node_modules/@angular/core/fesm2022/core.mjs:1131:60)
	    at inject (node_modules/@angular/core/fesm2022/core.mjs:1217:12)
Chrome Headless 145.0.0.0 (Windows 10): Executed 54 of 171[31m (43 FAILED)[39m (0 secs / 0.457 secs)
[1A[2K[31mChrome Headless 145.0.0.0 (Windows 10) SearchPopupComponent should create FAILED[39m
	NullInjectorError: R3InjectorError(Standalone[SearchPopupComponent])[ActivatedRoute -> ActivatedRoute -> ActivatedRoute]: 
	  NullInjectorError: No provider for ActivatedRoute!
	error properties: Object({ ngTempTokenPath: null, ngTokenPath: [ 'ActivatedRoute', 'ActivatedRoute', 'ActivatedRoute' ] })
	    at NullInjector.get (node_modules/@angular/core/fesm2022/core.mjs:1630:27)
	    at R3Injector.get (node_modules/@angular/core/fesm2022/core.mjs:2159:33)
	    at R3Injector.get (node_modules/@angular/core/fesm2022/core.mjs:2159:33)
	    at R3Injector.get (node_modules/@angular/core/fesm2022/core.mjs:2159:33)
	    at ChainedInjector.get (node_modules/@angular/core/fesm2022/core.mjs:17277:36)
	    at lookupTokenUsingModuleInjector (node_modules/@angular/core/fesm2022/core.mjs:5071:39)
	    at getOrCreateInjectable (node_modules/@angular/core/fesm2022/core.mjs:5119:12)
	    at Module.ɵɵdirectiveInject (node_modules/@angular/core/fesm2022/core.mjs:17328:19)
	    at NodeInjectorFactory.factory (node_modules/@angular/router/fesm2022/router_module-DTJgGWLd.mjs:357:97)
	    at getNodeInjectable (node_modules/@angular/core/fesm2022/core.mjs:5331:44)
Chrome Headless 145.0.0.0 (Windows 10): Executed 55 of 171[31m (44 FAILED)[39m (0 secs / 0.459 secs)
[1A[2K[31mChrome Headless 145.0.0.0 (Windows 10) Footer4Component should create FAILED[39m
	NullInjectorError: R3InjectorError(Standalone[Footer4Component])[ActivatedRoute -> ActivatedRoute -> ActivatedRoute]: 
	  NullInjectorError: No provider for ActivatedRoute!
	error properties: Object({ ngTempTokenPath: null, ngTokenPath: [ 'ActivatedRoute', 'ActivatedRoute', 'ActivatedRoute' ] })
	    at NullInjector.get (node_modules/@angular/core/fesm2022/core.mjs:1630:27)
	    at R3Injector.get (node_modules/@angular/core/fesm2022/core.mjs:2159:33)
	    at R3Injector.get (node_modules/@angular/core/fesm2022/core.mjs:2159:33)
	    at R3Injector.get (node_modules/@angular/core/fesm2022/core.mjs:2159:33)
	    at ChainedInjector.get (node_modules/@angular/core/fesm2022/core.mjs:17277:36)
	    at lookupTokenUsingModuleInjector (node_modules/@angular/core/fesm2022/core.mjs:5071:39)
	    at getOrCreateInjectable (node_modules/@angular/core/fesm2022/core.mjs:5119:12)
	    at Module.ɵɵdirectiveInject (node_modules/@angular/core/fesm2022/core.mjs:17328:19)
	    at NodeInjectorFactory.factory (node_modules/@angular/router/fesm2022/router_module-DTJgGWLd.mjs:357:97)
	    at getNodeInjectable (node_modules/@angular/core/fesm2022/core.mjs:5331:44)
Chrome Headless 145.0.0.0 (Windows 10): Executed 56 of 171[31m (45 FAILED)[39m (0 secs / 0.465 secs)
[1A[2K[31mChrome Headless 145.0.0.0 (Windows 10) Services4Component should create FAILED[39m
	NullInjectorError: R3InjectorError(Standalone[Services4Component])[ActivatedRoute -> ActivatedRoute -> ActivatedRoute]: 
	  NullInjectorError: No provider for ActivatedRoute!
	error properties: Object({ ngTempTokenPath: null, ngTokenPath: [ 'ActivatedRoute', 'ActivatedRoute', 'ActivatedRoute' ] })
	    at NullInjector.get (node_modules/@angular/core/fesm2022/core.mjs:1630:27)
	    at R3Injector.get (node_modules/@angular/core/fesm2022/core.mjs:2159:33)
	    at R3Injector.get (node_modules/@angular/core/fesm2022/core.mjs:2159:33)
	    at R3Injector.get (node_modules/@angular/core/fesm2022/core.mjs:2159:33)
	    at ChainedInjector.get (node_modules/@angular/core/fesm2022/core.mjs:17277:36)
	    at lookupTokenUsingModuleInjector (node_modules/@angular/core/fesm2022/core.mjs:5071:39)
	    at getOrCreateInjectable (node_modules/@angular/core/fesm2022/core.mjs:5119:12)
	    at Module.ɵɵdirectiveInject (node_modules/@angular/core/fesm2022/core.mjs:17328:19)
	    at NodeInjectorFactory.factory (node_modules/@angular/router/fesm2022/router_module-DTJgGWLd.mjs:357:97)
	    at getNodeInjectable (node_modules/@angular/core/fesm2022/core.mjs:5331:44)
Chrome Headless 145.0.0.0 (Windows 10): Executed 57 of 171[31m (46 FAILED)[39m (0 secs / 0.467 secs)
[1A[2K[31mChrome Headless 145.0.0.0 (Windows 10) BlogGrid2Component should create FAILED[39m
	NullInjectorError: R3InjectorError(Standalone[BlogGrid2Component])[ActivatedRoute -> ActivatedRoute -> ActivatedRoute]: 
	  NullInjectorError: No provider for ActivatedRoute!
	error properties: Object({ ngTempTokenPath: null, ngTokenPath: [ 'ActivatedRoute', 'ActivatedRoute', 'ActivatedRoute' ] })
	    at NullInjector.get (node_modules/@angular/core/fesm2022/core.mjs:1630:27)
	    at R3Injector.get (node_modules/@angular/core/fesm2022/core.mjs:2159:33)
	    at R3Injector.get (node_modules/@angular/core/fesm2022/core.mjs:2159:33)
	    at R3Injector.get (node_modules/@angular/core/fesm2022/core.mjs:2159:33)
	    at ChainedInjector.get (node_modules/@angular/core/fesm2022/core.mjs:17277:36)
	    at lookupTokenUsingModuleInjector (node_modules/@angular/core/fesm2022/core.mjs:5071:39)
	    at getOrCreateInjectable (node_modules/@angular/core/fesm2022/core.mjs:5119:12)
	    at Module.ɵɵdirectiveInject (node_modules/@angular/core/fesm2022/core.mjs:17328:19)
	    at NodeInjectorFactory.factory (node_modules/@angular/router/fesm2022/router_module-DTJgGWLd.mjs:357:97)
	    at getNodeInjectable (node_modules/@angular/core/fesm2022/core.mjs:5331:44)
Chrome Headless 145.0.0.0 (Windows 10): Executed 58 of 171[31m (47 FAILED)[39m (0 secs / 0.471 secs)
[1A[2K[31mChrome Headless 145.0.0.0 (Windows 10) Services3Component should create FAILED[39m
	NullInjectorError: R3InjectorError(DynamicTestModule)[ActivatedRoute -> ActivatedRoute]: 
	  NullInjectorError: No provider for ActivatedRoute!
	error properties: Object({ ngTempTokenPath: null, ngTokenPath: [ 'ActivatedRoute', 'ActivatedRoute' ] })
	    at NullInjector.get (node_modules/@angular/core/fesm2022/core.mjs:1630:27)
	    at R3Injector.get (node_modules/@angular/core/fesm2022/core.mjs:2159:33)
	    at R3Injector.get (node_modules/@angular/core/fesm2022/core.mjs:2159:33)
	    at ChainedInjector.get (node_modules/@angular/core/fesm2022/core.mjs:17277:36)
	    at lookupTokenUsingModuleInjector (node_modules/@angular/core/fesm2022/core.mjs:5071:39)
	    at getOrCreateInjectable (node_modules/@angular/core/fesm2022/core.mjs:5119:12)
	    at Module.ɵɵdirectiveInject (node_modules/@angular/core/fesm2022/core.mjs:17328:19)
	    at NodeInjectorFactory.factory (node_modules/@angular/router/fesm2022/router_module-DTJgGWLd.mjs:357:97)
	    at getNodeInjectable (node_modules/@angular/core/fesm2022/core.mjs:5331:44)
	    at instantiateAllDirectives (node_modules/@angular/core/fesm2022/core.mjs:12593:27)
Chrome Headless 145.0.0.0 (Windows 10): Executed 59 of 171[31m (48 FAILED)[39m (0 secs / 0.472 secs)
[1A[2K[31mChrome Headless 145.0.0.0 (Windows 10) ServiceDetailsRightComponent should create FAILED[39m
	NullInjectorError: R3InjectorError(Standalone[ServiceDetailsRightComponent])[ActivatedRoute -> ActivatedRoute -> ActivatedRoute]: 
	  NullInjectorError: No provider for ActivatedRoute!
	error properties: Object({ ngTempTokenPath: null, ngTokenPath: [ 'ActivatedRoute', 'ActivatedRoute', 'ActivatedRoute' ] })
	    at NullInjector.get (node_modules/@angular/core/fesm2022/core.mjs:1630:27)
	    at R3Injector.get (node_modules/@angular/core/fesm2022/core.mjs:2159:33)
	    at R3Injector.get (node_modules/@angular/core/fesm2022/core.mjs:2159:33)
	    at R3Injector.get (node_modules/@angular/core/fesm2022/core.mjs:2159:33)
	    at ChainedInjector.get (node_modules/@angular/core/fesm2022/core.mjs:17277:36)
	    at lookupTokenUsingModuleInjector (node_modules/@angular/core/fesm2022/core.mjs:5071:39)
	    at getOrCreateInjectable (node_modules/@angular/core/fesm2022/core.mjs:5119:12)
	    at Module.ɵɵdirectiveInject (node_modules/@angular/core/fesm2022/core.mjs:17328:19)
	    at NodeInjectorFactory.factory (node_modules/@angular/router/fesm2022/router_module-DTJgGWLd.mjs:357:97)
	    at getNodeInjectable (node_modules/@angular/core/fesm2022/core.mjs:5331:44)
Chrome Headless 145.0.0.0 (Windows 10): Executed 60 of 171[31m (49 FAILED)[39m (0 secs / 0.476 secs)
[1A[2K[31mChrome Headless 145.0.0.0 (Windows 10) About1Component should create FAILED[39m
	NullInjectorError: R3InjectorError(DynamicTestModule)[ActivatedRoute -> ActivatedRoute]: 
	  NullInjectorError: No provider for ActivatedRoute!
	error properties: Object({ ngTempTokenPath: null, ngTokenPath: [ 'ActivatedRoute', 'ActivatedRoute' ] })
	    at NullInjector.get (node_modules/@angular/core/fesm2022/core.mjs:1630:27)
	    at R3Injector.get (node_modules/@angular/core/fesm2022/core.mjs:2159:33)
	    at R3Injector.get (node_modules/@angular/core/fesm2022/core.mjs:2159:33)
	    at ChainedInjector.get (node_modules/@angular/core/fesm2022/core.mjs:17277:36)
	    at lookupTokenUsingModuleInjector (node_modules/@angular/core/fesm2022/core.mjs:5071:39)
	    at getOrCreateInjectable (node_modules/@angular/core/fesm2022/core.mjs:5119:12)
	    at Module.ɵɵdirectiveInject (node_modules/@angular/core/fesm2022/core.mjs:17328:19)
	    at NodeInjectorFactory.factory (node_modules/@angular/router/fesm2022/router_module-DTJgGWLd.mjs:357:97)
	    at getNodeInjectable (node_modules/@angular/core/fesm2022/core.mjs:5331:44)
	    at instantiateAllDirectives (node_modules/@angular/core/fesm2022/core.mjs:12593:27)
Chrome Headless 145.0.0.0 (Windows 10): Executed 61 of 171[31m (50 FAILED)[39m (0 secs / 0.478 secs)
[1A[2K[31mChrome Headless 145.0.0.0 (Windows 10) Hero2Component should create FAILED[39m
	NullInjectorError: R3InjectorError(Standalone[Hero2Component])[ActivatedRoute -> ActivatedRoute -> ActivatedRoute]: 
	  NullInjectorError: No provider for ActivatedRoute!
	error properties: Object({ ngTempTokenPath: null, ngTokenPath: [ 'ActivatedRoute', 'ActivatedRoute', 'ActivatedRoute' ] })
	    at NullInjector.get (node_modules/@angular/core/fesm2022/core.mjs:1630:27)
	    at R3Injector.get (node_modules/@angular/core/fesm2022/core.mjs:2159:33)
	    at R3Injector.get (node_modules/@angular/core/fesm2022/core.mjs:2159:33)
	    at R3Injector.get (node_modules/@angular/core/fesm2022/core.mjs:2159:33)
	    at ChainedInjector.get (node_modules/@angular/core/fesm2022/core.mjs:17277:36)
	    at lookupTokenUsingModuleInjector (node_modules/@angular/core/fesm2022/core.mjs:5071:39)
	    at getOrCreateInjectable (node_modules/@angular/core/fesm2022/core.mjs:5119:12)
	    at Module.ɵɵdirectiveInject (node_modules/@angular/core/fesm2022/core.mjs:17328:19)
	    at NodeInjectorFactory.factory (node_modules/@angular/router/fesm2022/router_module-DTJgGWLd.mjs:357:97)
	    at getNodeInjectable (node_modules/@angular/core/fesm2022/core.mjs:5331:44)
Chrome Headless 145.0.0.0 (Windows 10): Executed 62 of 171[31m (51 FAILED)[39m (0 secs / 0.481 secs)
[1A[2K[31mChrome Headless 145.0.0.0 (Windows 10) SingleHeader5Component should create FAILED[39m
	NullInjectorError: R3InjectorError(Standalone[SingleHeader5Component])[ActivatedRoute -> ActivatedRoute -> ActivatedRoute]: 
	  NullInjectorError: No provider for ActivatedRoute!
	error properties: Object({ ngTempTokenPath: null, ngTokenPath: [ 'ActivatedRoute', 'ActivatedRoute', 'ActivatedRoute' ] })
	    at NullInjector.get (node_modules/@angular/core/fesm2022/core.mjs:1630:27)
	    at R3Injector.get (node_modules/@angular/core/fesm2022/core.mjs:2159:33)
	    at R3Injector.get (node_modules/@angular/core/fesm2022/core.mjs:2159:33)
	    at R3Injector.get (node_modules/@angular/core/fesm2022/core.mjs:2159:33)
	    at ChainedInjector.get (node_modules/@angular/core/fesm2022/core.mjs:17277:36)
	    at lookupTokenUsingModuleInjector (node_modules/@angular/core/fesm2022/core.mjs:5071:39)
	    at getOrCreateInjectable (node_modules/@angular/core/fesm2022/core.mjs:5119:12)
	    at Module.ɵɵdirectiveInject (node_modules/@angular/core/fesm2022/core.mjs:17328:19)
	    at NodeInjectorFactory.factory (node_modules/@angular/router/fesm2022/router_module-DTJgGWLd.mjs:357:97)
	    at getNodeInjectable (node_modules/@angular/core/fesm2022/core.mjs:5331:44)
Chrome Headless 145.0.0.0 (Windows 10): Executed 63 of 171[31m (52 FAILED)[39m (0 secs / 0.486 secs)
[1A[2K[31mChrome Headless 145.0.0.0 (Windows 10) BlogSidebarComponent should create FAILED[39m
	NullInjectorError: R3InjectorError(Standalone[BlogSidebarComponent])[ActivatedRoute -> ActivatedRoute -> ActivatedRoute]: 
	  NullInjectorError: No provider for ActivatedRoute!
	error properties: Object({ ngTempTokenPath: null, ngTokenPath: [ 'ActivatedRoute', 'ActivatedRoute', 'ActivatedRoute' ] })
	    at NullInjector.get (node_modules/@angular/core/fesm2022/core.mjs:1630:27)
	    at R3Injector.get (node_modules/@angular/core/fesm2022/core.mjs:2159:33)
	    at R3Injector.get (node_modules/@angular/core/fesm2022/core.mjs:2159:33)
	    at R3Injector.get (node_modules/@angular/core/fesm2022/core.mjs:2159:33)
	    at ChainedInjector.get (node_modules/@angular/core/fesm2022/core.mjs:17277:36)
	    at lookupTokenUsingModuleInjector (node_modules/@angular/core/fesm2022/core.mjs:5071:39)
	    at getOrCreateInjectable (node_modules/@angular/core/fesm2022/core.mjs:5119:12)
	    at Module.ɵɵdirectiveInject (node_modules/@angular/core/fesm2022/core.mjs:17328:19)
	    at NodeInjectorFactory.factory (node_modules/@angular/router/fesm2022/router_module-DTJgGWLd.mjs:357:97)
	    at getNodeInjectable (node_modules/@angular/core/fesm2022/core.mjs:5331:44)
Chrome Headless 145.0.0.0 (Windows 10): Executed 64 of 171[31m (53 FAILED)[39m (0 secs / 0.488 secs)
[1A[2K[31mChrome Headless 145.0.0.0 (Windows 10) CompaniesComponent should create FAILED[39m
	ReferenceError: jQuery is not defined
	    at SlickCarouselComponent.initSlick (node_modules/ngx-slick-carousel/fesm2022/ngx-slick-carousel.mjs:75:9)
	    at SlickCarouselComponent.ngAfterViewChecked (node_modules/ngx-slick-carousel/fesm2022/ngx-slick-carousel.mjs:46:26)
	    at SlickCarouselComponent.call [as ngAfterViewInit] (node_modules/ngx-slick-carousel/fesm2022/ngx-slick-carousel.mjs:33:14)
	    at callHookInternal (node_modules/@angular/core/fesm2022/core.mjs:4215:14)
	    at callHook (node_modules/@angular/core/fesm2022/core.mjs:4242:13)
	    at callHooks (node_modules/@angular/core/fesm2022/core.mjs:4196:17)
	    at executeInitAndCheckHooks (node_modules/@angular/core/fesm2022/core.mjs:4146:9)
	    at refreshView (node_modules/@angular/core/fesm2022/core.mjs:14130:21)
	    at detectChangesInView (node_modules/@angular/core/fesm2022/core.mjs:14274:9)
	    at detectChangesInViewIfAttached (node_modules/@angular/core/fesm2022/core.mjs:14234:5)
Chrome Headless 145.0.0.0 (Windows 10): Executed 65 of 171[31m (54 FAILED)[39m (0 secs / 0.492 secs)
[1A[2K[31mChrome Headless 145.0.0.0 (Windows 10) ServiceDetailsComponent should create FAILED[39m
	NullInjectorError: R3InjectorError(Standalone[ServiceDetailsComponent])[ActivatedRoute -> ActivatedRoute -> ActivatedRoute]: 
	  NullInjectorError: No provider for ActivatedRoute!
	error properties: Object({ ngTempTokenPath: null, ngTokenPath: [ 'ActivatedRoute', 'ActivatedRoute', 'ActivatedRoute' ] })
	    at NullInjector.get (node_modules/@angular/core/fesm2022/core.mjs:1630:27)
	    at R3Injector.get (node_modules/@angular/core/fesm2022/core.mjs:2159:33)
	    at R3Injector.get (node_modules/@angular/core/fesm2022/core.mjs:2159:33)
	    at R3Injector.get (node_modules/@angular/core/fesm2022/core.mjs:2159:33)
	    at ChainedInjector.get (node_modules/@angular/core/fesm2022/core.mjs:17277:36)
	    at lookupTokenUsingModuleInjector (node_modules/@angular/core/fesm2022/core.mjs:5071:39)
	    at getOrCreateInjectable (node_modules/@angular/core/fesm2022/core.mjs:5119:12)
	    at Module.ɵɵdirectiveInject (node_modules/@angular/core/fesm2022/core.mjs:17328:19)
	    at NodeInjectorFactory.factory (node_modules/@angular/router/fesm2022/router_module-DTJgGWLd.mjs:357:97)
	    at getNodeInjectable (node_modules/@angular/core/fesm2022/core.mjs:5331:44)
Chrome Headless 145.0.0.0 (Windows 10): Executed 66 of 171[31m (55 FAILED)[39m (0 secs / 0.495 secs)
[1A[2K[31mChrome Headless 145.0.0.0 (Windows 10) Home2Component should create FAILED[39m
	NullInjectorError: R3InjectorError(Standalone[Home2Component])[ActivatedRoute -> ActivatedRoute -> ActivatedRoute]: 
	  NullInjectorError: No provider for ActivatedRoute!
	error properties: Object({ ngTempTokenPath: null, ngTokenPath: [ 'ActivatedRoute', 'ActivatedRoute', 'ActivatedRoute' ] })
	    at NullInjector.get (node_modules/@angular/core/fesm2022/core.mjs:1630:27)
	    at R3Injector.get (node_modules/@angular/core/fesm2022/core.mjs:2159:33)
	    at R3Injector.get (node_modules/@angular/core/fesm2022/core.mjs:2159:33)
	    at R3Injector.get (node_modules/@angular/core/fesm2022/core.mjs:2159:33)
	    at ChainedInjector.get (node_modules/@angular/core/fesm2022/core.mjs:17277:36)
	    at lookupTokenUsingModuleInjector (node_modules/@angular/core/fesm2022/core.mjs:5071:39)
	    at getOrCreateInjectable (node_modules/@angular/core/fesm2022/core.mjs:5119:12)
	    at Module.ɵɵdirectiveInject (node_modules/@angular/core/fesm2022/core.mjs:17328:19)
	    at NodeInjectorFactory.factory (node_modules/@angular/router/fesm2022/router_module-DTJgGWLd.mjs:357:97)
	    at getNodeInjectable (node_modules/@angular/core/fesm2022/core.mjs:5331:44)
Chrome Headless 145.0.0.0 (Windows 10): Executed 67 of 171[31m (56 FAILED)[39m (0 secs / 0.512 secs)
[1A[2KChrome Headless 145.0.0.0 (Windows 10): Executed 68 of 171[31m (56 FAILED)[39m (0 secs / 0.513 secs)
[1A[2K[31mChrome Headless 145.0.0.0 (Windows 10) SingleHome5Component should create FAILED[39m
	NullInjectorError: R3InjectorError(Standalone[SingleHome5Component])[ActivatedRoute -> ActivatedRoute -> ActivatedRoute]: 
	  NullInjectorError: No provider for ActivatedRoute!
	error properties: Object({ ngTempTokenPath: null, ngTokenPath: [ 'ActivatedRoute', 'ActivatedRoute', 'ActivatedRoute' ] })
	    at NullInjector.get (node_modules/@angular/core/fesm2022/core.mjs:1630:27)
	    at R3Injector.get (node_modules/@angular/core/fesm2022/core.mjs:2159:33)
	    at R3Injector.get (node_modules/@angular/core/fesm2022/core.mjs:2159:33)
	    at R3Injector.get (node_modules/@angular/core/fesm2022/core.mjs:2159:33)
	    at ChainedInjector.get (node_modules/@angular/core/fesm2022/core.mjs:17277:36)
	    at lookupTokenUsingModuleInjector (node_modules/@angular/core/fesm2022/core.mjs:5071:39)
	    at getOrCreateInjectable (node_modules/@angular/core/fesm2022/core.mjs:5119:12)
	    at Module.ɵɵdirectiveInject (node_modules/@angular/core/fesm2022/core.mjs:17328:19)
	    at NodeInjectorFactory.factory (node_modules/@angular/router/fesm2022/router_module-DTJgGWLd.mjs:357:97)
	    at getNodeInjectable (node_modules/@angular/core/fesm2022/core.mjs:5331:44)
Chrome Headless 145.0.0.0 (Windows 10): Executed 69 of 171[31m (57 FAILED)[39m (0 secs / 0.533 secs)
[1A[2K[31mChrome Headless 145.0.0.0 (Windows 10) Services4Component should create FAILED[39m
	NullInjectorError: R3InjectorError(Standalone[Services4Component])[ActivatedRoute -> ActivatedRoute -> ActivatedRoute]: 
	  NullInjectorError: No provider for ActivatedRoute!
	error properties: Object({ ngTempTokenPath: null, ngTokenPath: [ 'ActivatedRoute', 'ActivatedRoute', 'ActivatedRoute' ] })
	    at NullInjector.get (node_modules/@angular/core/fesm2022/core.mjs:1630:27)
	    at R3Injector.get (node_modules/@angular/core/fesm2022/core.mjs:2159:33)
	    at R3Injector.get (node_modules/@angular/core/fesm2022/core.mjs:2159:33)
	    at R3Injector.get (node_modules/@angular/core/fesm2022/core.mjs:2159:33)
	    at ChainedInjector.get (node_modules/@angular/core/fesm2022/core.mjs:17277:36)
	    at lookupTokenUsingModuleInjector (node_modules/@angular/core/fesm2022/core.mjs:5071:39)
	    at getOrCreateInjectable (node_modules/@angular/core/fesm2022/core.mjs:5119:12)
	    at Module.ɵɵdirectiveInject (node_modules/@angular/core/fesm2022/core.mjs:17328:19)
	    at NodeInjectorFactory.factory (node_modules/@angular/router/fesm2022/router_module-DTJgGWLd.mjs:357:97)
	    at getNodeInjectable (node_modules/@angular/core/fesm2022/core.mjs:5331:44)
Chrome Headless 145.0.0.0 (Windows 10): Executed 70 of 171[31m (58 FAILED)[39m (0 secs / 0.537 secs)
[1A[2K[31mChrome Headless 145.0.0.0 (Windows 10) Contact4Component should create FAILED[39m
	ReferenceError: NiceSelect is not defined
	    at NiceSelectDirective.call [as ngAfterViewInit] (src/app/core/directives/nice-select.directive.ts:12:9)
	    at callHookInternal (node_modules/@angular/core/fesm2022/core.mjs:4215:14)
	    at callHook (node_modules/@angular/core/fesm2022/core.mjs:4242:13)
	    at callHooks (node_modules/@angular/core/fesm2022/core.mjs:4196:17)
	    at executeInitAndCheckHooks (node_modules/@angular/core/fesm2022/core.mjs:4146:9)
	    at refreshView (node_modules/@angular/core/fesm2022/core.mjs:14130:21)
	    at detectChangesInView (node_modules/@angular/core/fesm2022/core.mjs:14274:9)
	    at detectChangesInViewIfAttached (node_modules/@angular/core/fesm2022/core.mjs:14234:5)
	    at detectChangesInComponent (node_modules/@angular/core/fesm2022/core.mjs:14222:5)
	    at detectChangesInChildComponents (node_modules/@angular/core/fesm2022/core.mjs:14293:9)
Chrome Headless 145.0.0.0 (Windows 10): Executed 71 of 171[31m (59 FAILED)[39m (0 secs / 0.542 secs)
[1A[2K[31mChrome Headless 145.0.0.0 (Windows 10) Testimonial1Component should create FAILED[39m
	TypeError: this.el.nativeElement.initialize is not a function
	    at SwiperDirective.call [as ngAfterViewInit] (src/app/core/directives/swiper-directive.component.ts:22:27)
	    at callHookInternal (node_modules/@angular/core/fesm2022/core.mjs:4215:14)
	    at callHook (node_modules/@angular/core/fesm2022/core.mjs:4242:13)
	    at callHooks (node_modules/@angular/core/fesm2022/core.mjs:4196:17)
	    at executeInitAndCheckHooks (node_modules/@angular/core/fesm2022/core.mjs:4146:9)
	    at refreshView (node_modules/@angular/core/fesm2022/core.mjs:14130:21)
	    at detectChangesInView (node_modules/@angular/core/fesm2022/core.mjs:14274:9)
	    at detectChangesInViewIfAttached (node_modules/@angular/core/fesm2022/core.mjs:14234:5)
	    at detectChangesInComponent (node_modules/@angular/core/fesm2022/core.mjs:14222:5)
	    at detectChangesInChildComponents (node_modules/@angular/core/fesm2022/core.mjs:14293:9)
Chrome Headless 145.0.0.0 (Windows 10): Executed 72 of 171[31m (60 FAILED)[39m (0 secs / 0.546 secs)
[1A[2K[31mChrome Headless 145.0.0.0 (Windows 10) LayoutComponent should create FAILED[39m
	NullInjectorError: R3InjectorError(Standalone[LayoutComponent])[ActivatedRoute -> ActivatedRoute -> ActivatedRoute]: 
	  NullInjectorError: No provider for ActivatedRoute!
	error properties: Object({ ngTempTokenPath: null, ngTokenPath: [ 'ActivatedRoute', 'ActivatedRoute', 'ActivatedRoute' ] })
	    at NullInjector.get (node_modules/@angular/core/fesm2022/core.mjs:1630:27)
	    at R3Injector.get (node_modules/@angular/core/fesm2022/core.mjs:2159:33)
	    at R3Injector.get (node_modules/@angular/core/fesm2022/core.mjs:2159:33)
	    at R3Injector.get (node_modules/@angular/core/fesm2022/core.mjs:2159:33)
	    at ChainedInjector.get (node_modules/@angular/core/fesm2022/core.mjs:17277:36)
	    at lookupTokenUsingModuleInjector (node_modules/@angular/core/fesm2022/core.mjs:5071:39)
	    at getOrCreateInjectable (node_modules/@angular/core/fesm2022/core.mjs:5119:12)
	    at Module.ɵɵdirectiveInject (node_modules/@angular/core/fesm2022/core.mjs:17328:19)
	    at NodeInjectorFactory.factory (node_modules/@angular/router/fesm2022/router_module-DTJgGWLd.mjs:357:97)
	    at getNodeInjectable (node_modules/@angular/core/fesm2022/core.mjs:5331:44)
Chrome Headless 145.0.0.0 (Windows 10): Executed 73 of 171[31m (61 FAILED)[39m (0 secs / 0.549 secs)
[1A[2K[31mChrome Headless 145.0.0.0 (Windows 10) AboutComponent should create FAILED[39m
	NullInjectorError: R3InjectorError(Standalone[AboutComponent])[ActivatedRoute -> ActivatedRoute -> ActivatedRoute]: 
	  NullInjectorError: No provider for ActivatedRoute!
	error properties: Object({ ngTempTokenPath: null, ngTokenPath: [ 'ActivatedRoute', 'ActivatedRoute', 'ActivatedRoute' ] })
	    at NullInjector.get (node_modules/@angular/core/fesm2022/core.mjs:1630:27)
	    at R3Injector.get (node_modules/@angular/core/fesm2022/core.mjs:2159:33)
	    at R3Injector.get (node_modules/@angular/core/fesm2022/core.mjs:2159:33)
	    at R3Injector.get (node_modules/@angular/core/fesm2022/core.mjs:2159:33)
	    at ChainedInjector.get (node_modules/@angular/core/fesm2022/core.mjs:17277:36)
	    at lookupTokenUsingModuleInjector (node_modules/@angular/core/fesm2022/core.mjs:5071:39)
	    at getOrCreateInjectable (node_modules/@angular/core/fesm2022/core.mjs:5119:12)
	    at Module.ɵɵdirectiveInject (node_modules/@angular/core/fesm2022/core.mjs:17328:19)
	    at NodeInjectorFactory.factory (node_modules/@angular/router/fesm2022/router_module-DTJgGWLd.mjs:357:97)
	    at getNodeInjectable (node_modules/@angular/core/fesm2022/core.mjs:5331:44)
Chrome Headless 145.0.0.0 (Windows 10): Executed 74 of 171[31m (62 FAILED)[39m (0 secs / 0.552 secs)
[1A[2K[31mChrome Headless 145.0.0.0 (Windows 10) Cta3Component should create FAILED[39m
	NullInjectorError: R3InjectorError(DynamicTestModule)[ActivatedRoute -> ActivatedRoute]: 
	  NullInjectorError: No provider for ActivatedRoute!
	error properties: Object({ ngTempTokenPath: null, ngTokenPath: [ 'ActivatedRoute', 'ActivatedRoute' ] })
	    at NullInjector.get (node_modules/@angular/core/fesm2022/core.mjs:1630:27)
	    at R3Injector.get (node_modules/@angular/core/fesm2022/core.mjs:2159:33)
	    at R3Injector.get (node_modules/@angular/core/fesm2022/core.mjs:2159:33)
	    at ChainedInjector.get (node_modules/@angular/core/fesm2022/core.mjs:17277:36)
	    at lookupTokenUsingModuleInjector (node_modules/@angular/core/fesm2022/core.mjs:5071:39)
	    at getOrCreateInjectable (node_modules/@angular/core/fesm2022/core.mjs:5119:12)
	    at Module.ɵɵdirectiveInject (node_modules/@angular/core/fesm2022/core.mjs:17328:19)
	    at NodeInjectorFactory.factory (node_modules/@angular/router/fesm2022/router_module-DTJgGWLd.mjs:357:97)
	    at getNodeInjectable (node_modules/@angular/core/fesm2022/core.mjs:5331:44)
	    at instantiateAllDirectives (node_modules/@angular/core/fesm2022/core.mjs:12593:27)
Chrome Headless 145.0.0.0 (Windows 10): Executed 75 of 171[31m (63 FAILED)[39m (0 secs / 0.553 secs)
[1A[2K[31mChrome Headless 145.0.0.0 (Windows 10) ServiceSidebarComponent should create FAILED[39m
	NullInjectorError: R3InjectorError(Standalone[ServiceSidebarComponent])[ActivatedRoute -> ActivatedRoute -> ActivatedRoute]: 
	  NullInjectorError: No provider for ActivatedRoute!
	error properties: Object({ ngTempTokenPath: null, ngTokenPath: [ 'ActivatedRoute', 'ActivatedRoute', 'ActivatedRoute' ] })
	    at NullInjector.get (node_modules/@angular/core/fesm2022/core.mjs:1630:27)
	    at R3Injector.get (node_modules/@angular/core/fesm2022/core.mjs:2159:33)
	    at R3Injector.get (node_modules/@angular/core/fesm2022/core.mjs:2159:33)
	    at R3Injector.get (node_modules/@angular/core/fesm2022/core.mjs:2159:33)
	    at ChainedInjector.get (node_modules/@angular/core/fesm2022/core.mjs:17277:36)
	    at lookupTokenUsingModuleInjector (node_modules/@angular/core/fesm2022/core.mjs:5071:39)
	    at getOrCreateInjectable (node_modules/@angular/core/fesm2022/core.mjs:5119:12)
	    at Module.ɵɵdirectiveInject (node_modules/@angular/core/fesm2022/core.mjs:17328:19)
	    at NodeInjectorFactory.factory (node_modules/@angular/router/fesm2022/router_module-DTJgGWLd.mjs:357:97)
	    at getNodeInjectable (node_modules/@angular/core/fesm2022/core.mjs:5331:44)
Chrome Headless 145.0.0.0 (Windows 10): Executed 76 of 171[31m (64 FAILED)[39m (0 secs / 0.554 secs)
[1A[2K[31mChrome Headless 145.0.0.0 (Windows 10) Footer3Component should create FAILED[39m
	NullInjectorError: R3InjectorError(Standalone[Footer3Component])[ActivatedRoute -> ActivatedRoute -> ActivatedRoute]: 
	  NullInjectorError: No provider for ActivatedRoute!
	error properties: Object({ ngTempTokenPath: null, ngTokenPath: [ 'ActivatedRoute', 'ActivatedRoute', 'ActivatedRoute' ] })
	    at NullInjector.get (node_modules/@angular/core/fesm2022/core.mjs:1630:27)
	    at R3Injector.get (node_modules/@angular/core/fesm2022/core.mjs:2159:33)
	    at R3Injector.get (node_modules/@angular/core/fesm2022/core.mjs:2159:33)
	    at R3Injector.get (node_modules/@angular/core/fesm2022/core.mjs:2159:33)
	    at ChainedInjector.get (node_modules/@angular/core/fesm2022/core.mjs:17277:36)
	    at lookupTokenUsingModuleInjector (node_modules/@angular/core/fesm2022/core.mjs:5071:39)
	    at getOrCreateInjectable (node_modules/@angular/core/fesm2022/core.mjs:5119:12)
	    at Module.ɵɵdirectiveInject (node_modules/@angular/core/fesm2022/core.mjs:17328:19)
	    at NodeInjectorFactory.factory (node_modules/@angular/router/fesm2022/router_module-DTJgGWLd.mjs:357:97)
	    at getNodeInjectable (node_modules/@angular/core/fesm2022/core.mjs:5331:44)
Chrome Headless 145.0.0.0 (Windows 10): Executed 77 of 171[31m (65 FAILED)[39m (0 secs / 0.555 secs)
[1A[2K[31mChrome Headless 145.0.0.0 (Windows 10) BlogDetailSidebarComponent should create FAILED[39m
	NullInjectorError: R3InjectorError(Standalone[BlogDetailSidebarComponent])[ActivatedRoute -> ActivatedRoute -> ActivatedRoute]: 
	  NullInjectorError: No provider for ActivatedRoute!
	error properties: Object({ ngTempTokenPath: null, ngTokenPath: [ 'ActivatedRoute', 'ActivatedRoute', 'ActivatedRoute' ] })
	    at NullInjector.get (node_modules/@angular/core/fesm2022/core.mjs:1630:27)
	    at R3Injector.get (node_modules/@angular/core/fesm2022/core.mjs:2159:33)
	    at R3Injector.get (node_modules/@angular/core/fesm2022/core.mjs:2159:33)
	    at R3Injector.get (node_modules/@angular/core/fesm2022/core.mjs:2159:33)
	    at ChainedInjector.get (node_modules/@angular/core/fesm2022/core.mjs:17277:36)
	    at lookupTokenUsingModuleInjector (node_modules/@angular/core/fesm2022/core.mjs:5071:39)
	    at getOrCreateInjectable (node_modules/@angular/core/fesm2022/core.mjs:5119:12)
	    at Module.ɵɵdirectiveInject (node_modules/@angular/core/fesm2022/core.mjs:17328:19)
	    at NodeInjectorFactory.factory (node_modules/@angular/router/fesm2022/router_module-DTJgGWLd.mjs:357:97)
	    at getNodeInjectable (node_modules/@angular/core/fesm2022/core.mjs:5331:44)
Chrome Headless 145.0.0.0 (Windows 10): Executed 78 of 171[31m (66 FAILED)[39m (0 secs / 0.557 secs)
[1A[2K[31mChrome Headless 145.0.0.0 (Windows 10) SingleHome2Component should create FAILED[39m
	NullInjectorError: R3InjectorError(Standalone[SingleHome2Component])[ActivatedRoute -> ActivatedRoute -> ActivatedRoute]: 
	  NullInjectorError: No provider for ActivatedRoute!
	error properties: Object({ ngTempTokenPath: null, ngTokenPath: [ 'ActivatedRoute', 'ActivatedRoute', 'ActivatedRoute' ] })
	    at NullInjector.get (node_modules/@angular/core/fesm2022/core.mjs:1630:27)
	    at R3Injector.get (node_modules/@angular/core/fesm2022/core.mjs:2159:33)
	    at R3Injector.get (node_modules/@angular/core/fesm2022/core.mjs:2159:33)
	    at R3Injector.get (node_modules/@angular/core/fesm2022/core.mjs:2159:33)
	    at ChainedInjector.get (node_modules/@angular/core/fesm2022/core.mjs:17277:36)
	    at lookupTokenUsingModuleInjector (node_modules/@angular/core/fesm2022/core.mjs:5071:39)
	    at getOrCreateInjectable (node_modules/@angular/core/fesm2022/core.mjs:5119:12)
	    at Module.ɵɵdirectiveInject (node_modules/@angular/core/fesm2022/core.mjs:17328:19)
	    at NodeInjectorFactory.factory (node_modules/@angular/router/fesm2022/router_module-DTJgGWLd.mjs:357:97)
	    at getNodeInjectable (node_modules/@angular/core/fesm2022/core.mjs:5331:44)
Chrome Headless 145.0.0.0 (Windows 10): Executed 79 of 171[31m (67 FAILED)[39m (0 secs / 0.578 secs)
[1A[2K[31mChrome Headless 145.0.0.0 (Windows 10) About5Component should create FAILED[39m
	NullInjectorError: R3InjectorError(Standalone[About5Component])[ActivatedRoute -> ActivatedRoute -> ActivatedRoute]: 
	  NullInjectorError: No provider for ActivatedRoute!
	error properties: Object({ ngTempTokenPath: null, ngTokenPath: [ 'ActivatedRoute', 'ActivatedRoute', 'ActivatedRoute' ] })
	    at NullInjector.get (node_modules/@angular/core/fesm2022/core.mjs:1630:27)
	    at R3Injector.get (node_modules/@angular/core/fesm2022/core.mjs:2159:33)
	    at R3Injector.get (node_modules/@angular/core/fesm2022/core.mjs:2159:33)
	    at R3Injector.get (node_modules/@angular/core/fesm2022/core.mjs:2159:33)
	    at ChainedInjector.get (node_modules/@angular/core/fesm2022/core.mjs:17277:36)
	    at lookupTokenUsingModuleInjector (node_modules/@angular/core/fesm2022/core.mjs:5071:39)
	    at getOrCreateInjectable (node_modules/@angular/core/fesm2022/core.mjs:5119:12)
	    at Module.ɵɵdirectiveInject (node_modules/@angular/core/fesm2022/core.mjs:17328:19)
	    at NodeInjectorFactory.factory (node_modules/@angular/router/fesm2022/router_module-DTJgGWLd.mjs:357:97)
	    at getNodeInjectable (node_modules/@angular/core/fesm2022/core.mjs:5331:44)
Chrome Headless 145.0.0.0 (Windows 10): Executed 80 of 171[31m (68 FAILED)[39m (0 secs / 0.58 secs)
[1A[2K[31mChrome Headless 145.0.0.0 (Windows 10) SingleHeader4Component should create FAILED[39m
	NullInjectorError: R3InjectorError(Standalone[SingleHeader4Component])[ActivatedRoute -> ActivatedRoute -> ActivatedRoute]: 
	  NullInjectorError: No provider for ActivatedRoute!
	error properties: Object({ ngTempTokenPath: null, ngTokenPath: [ 'ActivatedRoute', 'ActivatedRoute', 'ActivatedRoute' ] })
	    at NullInjector.get (node_modules/@angular/core/fesm2022/core.mjs:1630:27)
	    at R3Injector.get (node_modules/@angular/core/fesm2022/core.mjs:2159:33)
	    at R3Injector.get (node_modules/@angular/core/fesm2022/core.mjs:2159:33)
	    at R3Injector.get (node_modules/@angular/core/fesm2022/core.mjs:2159:33)
	    at ChainedInjector.get (node_modules/@angular/core/fesm2022/core.mjs:17277:36)
	    at lookupTokenUsingModuleInjector (node_modules/@angular/core/fesm2022/core.mjs:5071:39)
	    at getOrCreateInjectable (node_modules/@angular/core/fesm2022/core.mjs:5119:12)
	    at Module.ɵɵdirectiveInject (node_modules/@angular/core/fesm2022/core.mjs:17328:19)
	    at NodeInjectorFactory.factory (node_modules/@angular/router/fesm2022/router_module-DTJgGWLd.mjs:357:97)
	    at getNodeInjectable (node_modules/@angular/core/fesm2022/core.mjs:5331:44)
Chrome Headless 145.0.0.0 (Windows 10): Executed 81 of 171[31m (69 FAILED)[39m (0 secs / 0.582 secs)
[1A[2KChrome Headless 145.0.0.0 (Windows 10): Executed 82 of 171[31m (69 FAILED)[39m (0 secs / 0.583 secs)
[1A[2K[31mChrome Headless 145.0.0.0 (Windows 10) Work4Component should create FAILED[39m
	NullInjectorError: R3InjectorError(Standalone[Work4Component])[ActivatedRoute -> ActivatedRoute -> ActivatedRoute]: 
	  NullInjectorError: No provider for ActivatedRoute!
	error properties: Object({ ngTempTokenPath: null, ngTokenPath: [ 'ActivatedRoute', 'ActivatedRoute', 'ActivatedRoute' ] })
	    at NullInjector.get (node_modules/@angular/core/fesm2022/core.mjs:1630:27)
	    at R3Injector.get (node_modules/@angular/core/fesm2022/core.mjs:2159:33)
	    at R3Injector.get (node_modules/@angular/core/fesm2022/core.mjs:2159:33)
	    at R3Injector.get (node_modules/@angular/core/fesm2022/core.mjs:2159:33)
	    at ChainedInjector.get (node_modules/@angular/core/fesm2022/core.mjs:17277:36)
	    at lookupTokenUsingModuleInjector (node_modules/@angular/core/fesm2022/core.mjs:5071:39)
	    at getOrCreateInjectable (node_modules/@angular/core/fesm2022/core.mjs:5119:12)
	    at Module.ɵɵdirectiveInject (node_modules/@angular/core/fesm2022/core.mjs:17328:19)
	    at NodeInjectorFactory.factory (node_modules/@angular/router/fesm2022/router_module-DTJgGWLd.mjs:357:97)
	    at getNodeInjectable (node_modules/@angular/core/fesm2022/core.mjs:5331:44)
Chrome Headless 145.0.0.0 (Windows 10): Executed 83 of 171[31m (70 FAILED)[39m (0 secs / 0.587 secs)
[1A[2K[31mChrome Headless 145.0.0.0 (Windows 10) Header4Component should create FAILED[39m
	NullInjectorError: R3InjectorError(Standalone[Header4Component])[ActivatedRoute -> ActivatedRoute -> ActivatedRoute]: 
	  NullInjectorError: No provider for ActivatedRoute!
	error properties: Object({ ngTempTokenPath: null, ngTokenPath: [ 'ActivatedRoute', 'ActivatedRoute', 'ActivatedRoute' ] })
	    at NullInjector.get (node_modules/@angular/core/fesm2022/core.mjs:1630:27)
	    at R3Injector.get (node_modules/@angular/core/fesm2022/core.mjs:2159:33)
	    at R3Injector.get (node_modules/@angular/core/fesm2022/core.mjs:2159:33)
	    at R3Injector.get (node_modules/@angular/core/fesm2022/core.mjs:2159:33)
	    at ChainedInjector.get (node_modules/@angular/core/fesm2022/core.mjs:17277:36)
	    at lookupTokenUsingModuleInjector (node_modules/@angular/core/fesm2022/core.mjs:5071:39)
	    at getOrCreateInjectable (node_modules/@angular/core/fesm2022/core.mjs:5119:12)
	    at Module.ɵɵdirectiveInject (node_modules/@angular/core/fesm2022/core.mjs:17328:19)
	    at NodeInjectorFactory.factory (node_modules/@angular/router/fesm2022/router_module-DTJgGWLd.mjs:357:97)
	    at getNodeInjectable (node_modules/@angular/core/fesm2022/core.mjs:5331:44)
Chrome Headless 145.0.0.0 (Windows 10): Executed 84 of 171[31m (71 FAILED)[39m (0 secs / 0.591 secs)
[1A[2K[31mChrome Headless 145.0.0.0 (Windows 10) ContactComponent should create FAILED[39m
	NullInjectorError: R3InjectorError(DynamicTestModule)[ActivatedRoute -> ActivatedRoute]: 
	  NullInjectorError: No provider for ActivatedRoute!
	error properties: Object({ ngTempTokenPath: null, ngTokenPath: [ 'ActivatedRoute', 'ActivatedRoute' ] })
	    at NullInjector.get (node_modules/@angular/core/fesm2022/core.mjs:1630:27)
	    at R3Injector.get (node_modules/@angular/core/fesm2022/core.mjs:2159:33)
	    at R3Injector.get (node_modules/@angular/core/fesm2022/core.mjs:2159:33)
	    at ChainedInjector.get (node_modules/@angular/core/fesm2022/core.mjs:17277:36)
	    at lookupTokenUsingModuleInjector (node_modules/@angular/core/fesm2022/core.mjs:5071:39)
	    at getOrCreateInjectable (node_modules/@angular/core/fesm2022/core.mjs:5119:12)
	    at Module.ɵɵdirectiveInject (node_modules/@angular/core/fesm2022/core.mjs:17328:19)
	    at NodeInjectorFactory.factory (node_modules/@angular/router/fesm2022/router_module-DTJgGWLd.mjs:357:97)
	    at getNodeInjectable (node_modules/@angular/core/fesm2022/core.mjs:5331:44)
	    at instantiateAllDirectives (node_modules/@angular/core/fesm2022/core.mjs:12593:27)
Chrome Headless 145.0.0.0 (Windows 10): Executed 85 of 171[31m (72 FAILED)[39m (0 secs / 0.597 secs)
[1A[2KChrome Headless 145.0.0.0 (Windows 10): Executed 86 of 171[31m (72 FAILED)[39m (0 secs / 0.6 secs)
[1A[2K[31mChrome Headless 145.0.0.0 (Windows 10) Header3Component should create FAILED[39m
	NullInjectorError: R3InjectorError(Standalone[Header3Component])[ActivatedRoute -> ActivatedRoute -> ActivatedRoute]: 
	  NullInjectorError: No provider for ActivatedRoute!
	error properties: Object({ ngTempTokenPath: null, ngTokenPath: [ 'ActivatedRoute', 'ActivatedRoute', 'ActivatedRoute' ] })
	    at NullInjector.get (node_modules/@angular/core/fesm2022/core.mjs:1630:27)
	    at R3Injector.get (node_modules/@angular/core/fesm2022/core.mjs:2159:33)
	    at R3Injector.get (node_modules/@angular/core/fesm2022/core.mjs:2159:33)
	    at R3Injector.get (node_modules/@angular/core/fesm2022/core.mjs:2159:33)
	    at ChainedInjector.get (node_modules/@angular/core/fesm2022/core.mjs:17277:36)
	    at lookupTokenUsingModuleInjector (node_modules/@angular/core/fesm2022/core.mjs:5071:39)
	    at getOrCreateInjectable (node_modules/@angular/core/fesm2022/core.mjs:5119:12)
	    at Module.ɵɵdirectiveInject (node_modules/@angular/core/fesm2022/core.mjs:17328:19)
	    at NodeInjectorFactory.factory (node_modules/@angular/router/fesm2022/router_module-DTJgGWLd.mjs:357:97)
	    at getNodeInjectable (node_modules/@angular/core/fesm2022/core.mjs:5331:44)
Chrome Headless 145.0.0.0 (Windows 10): Executed 87 of 171[31m (73 FAILED)[39m (0 secs / 0.602 secs)
[1A[2K[31mChrome Headless 145.0.0.0 (Windows 10) CaseStudies3Component should create FAILED[39m
	NullInjectorError: R3InjectorError(Standalone[CaseStudies3Component])[ActivatedRoute -> ActivatedRoute -> ActivatedRoute]: 
	  NullInjectorError: No provider for ActivatedRoute!
	error properties: Object({ ngTempTokenPath: null, ngTokenPath: [ 'ActivatedRoute', 'ActivatedRoute', 'ActivatedRoute' ] })
	    at NullInjector.get (node_modules/@angular/core/fesm2022/core.mjs:1630:27)
	    at R3Injector.get (node_modules/@angular/core/fesm2022/core.mjs:2159:33)
	    at R3Injector.get (node_modules/@angular/core/fesm2022/core.mjs:2159:33)
	    at R3Injector.get (node_modules/@angular/core/fesm2022/core.mjs:2159:33)
	    at ChainedInjector.get (node_modules/@angular/core/fesm2022/core.mjs:17277:36)
	    at lookupTokenUsingModuleInjector (node_modules/@angular/core/fesm2022/core.mjs:5071:39)
	    at getOrCreateInjectable (node_modules/@angular/core/fesm2022/core.mjs:5119:12)
	    at Module.ɵɵdirectiveInject (node_modules/@angular/core/fesm2022/core.mjs:17328:19)
	    at NodeInjectorFactory.factory (node_modules/@angular/router/fesm2022/router_module-DTJgGWLd.mjs:357:97)
	    at getNodeInjectable (node_modules/@angular/core/fesm2022/core.mjs:5331:44)
Chrome Headless 145.0.0.0 (Windows 10): Executed 88 of 171[31m (74 FAILED)[39m (0 secs / 0.604 secs)
[1A[2K[31mChrome Headless 145.0.0.0 (Windows 10) Work4Component should create FAILED[39m
	NullInjectorError: R3InjectorError(Standalone[Work4Component])[ActivatedRoute -> ActivatedRoute -> ActivatedRoute]: 
	  NullInjectorError: No provider for ActivatedRoute!
	error properties: Object({ ngTempTokenPath: null, ngTokenPath: [ 'ActivatedRoute', 'ActivatedRoute', 'ActivatedRoute' ] })
	    at NullInjector.get (node_modules/@angular/core/fesm2022/core.mjs:1630:27)
	    at R3Injector.get (node_modules/@angular/core/fesm2022/core.mjs:2159:33)
	    at R3Injector.get (node_modules/@angular/core/fesm2022/core.mjs:2159:33)
	    at R3Injector.get (node_modules/@angular/core/fesm2022/core.mjs:2159:33)
	    at ChainedInjector.get (node_modules/@angular/core/fesm2022/core.mjs:17277:36)
	    at lookupTokenUsingModuleInjector (node_modules/@angular/core/fesm2022/core.mjs:5071:39)
	    at getOrCreateInjectable (node_modules/@angular/core/fesm2022/core.mjs:5119:12)
	    at Module.ɵɵdirectiveInject (node_modules/@angular/core/fesm2022/core.mjs:17328:19)
	    at NodeInjectorFactory.factory (node_modules/@angular/router/fesm2022/router_module-DTJgGWLd.mjs:357:97)
	    at getNodeInjectable (node_modules/@angular/core/fesm2022/core.mjs:5331:44)
Chrome Headless 145.0.0.0 (Windows 10): Executed 89 of 171[31m (75 FAILED)[39m (0 secs / 0.606 secs)
[1A[2K[31mChrome Headless 145.0.0.0 (Windows 10) SingleHome3Component should create FAILED[39m
	NullInjectorError: R3InjectorError(Standalone[SingleHome3Component])[ActivatedRoute -> ActivatedRoute -> ActivatedRoute]: 
	  NullInjectorError: No provider for ActivatedRoute!
	error properties: Object({ ngTempTokenPath: null, ngTokenPath: [ 'ActivatedRoute', 'ActivatedRoute', 'ActivatedRoute' ] })
	    at NullInjector.get (node_modules/@angular/core/fesm2022/core.mjs:1630:27)
	    at R3Injector.get (node_modules/@angular/core/fesm2022/core.mjs:2159:33)
	    at R3Injector.get (node_modules/@angular/core/fesm2022/core.mjs:2159:33)
	    at R3Injector.get (node_modules/@angular/core/fesm2022/core.mjs:2159:33)
	    at ChainedInjector.get (node_modules/@angular/core/fesm2022/core.mjs:17277:36)
	    at lookupTokenUsingModuleInjector (node_modules/@angular/core/fesm2022/core.mjs:5071:39)
	    at getOrCreateInjectable (node_modules/@angular/core/fesm2022/core.mjs:5119:12)
	    at Module.ɵɵdirectiveInject (node_modules/@angular/core/fesm2022/core.mjs:17328:19)
	    at NodeInjectorFactory.factory (node_modules/@angular/router/fesm2022/router_module-DTJgGWLd.mjs:357:97)
	    at getNodeInjectable (node_modules/@angular/core/fesm2022/core.mjs:5331:44)
Chrome Headless 145.0.0.0 (Windows 10): Executed 90 of 171[31m (76 FAILED)[39m (0 secs / 0.634 secs)
[1A[2K[31mChrome Headless 145.0.0.0 (Windows 10) Blogs4Component should create FAILED[39m
	NullInjectorError: R3InjectorError(Standalone[Blogs4Component])[ActivatedRoute -> ActivatedRoute -> ActivatedRoute]: 
	  NullInjectorError: No provider for ActivatedRoute!
	error properties: Object({ ngTempTokenPath: null, ngTokenPath: [ 'ActivatedRoute', 'ActivatedRoute', 'ActivatedRoute' ] })
	    at NullInjector.get (node_modules/@angular/core/fesm2022/core.mjs:1630:27)
	    at R3Injector.get (node_modules/@angular/core/fesm2022/core.mjs:2159:33)
	    at R3Injector.get (node_modules/@angular/core/fesm2022/core.mjs:2159:33)
	    at R3Injector.get (node_modules/@angular/core/fesm2022/core.mjs:2159:33)
	    at ChainedInjector.get (node_modules/@angular/core/fesm2022/core.mjs:17277:36)
	    at lookupTokenUsingModuleInjector (node_modules/@angular/core/fesm2022/core.mjs:5071:39)
	    at getOrCreateInjectable (node_modules/@angular/core/fesm2022/core.mjs:5119:12)
	    at Module.ɵɵdirectiveInject (node_modules/@angular/core/fesm2022/core.mjs:17328:19)
	    at NodeInjectorFactory.factory (node_modules/@angular/router/fesm2022/router_module-DTJgGWLd.mjs:357:97)
	    at getNodeInjectable (node_modules/@angular/core/fesm2022/core.mjs:5331:44)
Chrome Headless 145.0.0.0 (Windows 10): Executed 91 of 171[31m (77 FAILED)[39m (0 secs / 0.638 secs)
[1A[2KChrome Headless 145.0.0.0 (Windows 10): Executed 92 of 171[31m (77 FAILED)[39m (0 secs / 0.642 secs)
[1A[2K[31mChrome Headless 145.0.0.0 (Windows 10) Hero4Component should create FAILED[39m
	NullInjectorError: R3InjectorError(Standalone[Hero4Component])[ActivatedRoute -> ActivatedRoute -> ActivatedRoute]: 
	  NullInjectorError: No provider for ActivatedRoute!
	error properties: Object({ ngTempTokenPath: null, ngTokenPath: [ 'ActivatedRoute', 'ActivatedRoute', 'ActivatedRoute' ] })
	    at NullInjector.get (node_modules/@angular/core/fesm2022/core.mjs:1630:27)
	    at R3Injector.get (node_modules/@angular/core/fesm2022/core.mjs:2159:33)
	    at R3Injector.get (node_modules/@angular/core/fesm2022/core.mjs:2159:33)
	    at R3Injector.get (node_modules/@angular/core/fesm2022/core.mjs:2159:33)
	    at ChainedInjector.get (node_modules/@angular/core/fesm2022/core.mjs:17277:36)
	    at lookupTokenUsingModuleInjector (node_modules/@angular/core/fesm2022/core.mjs:5071:39)
	    at getOrCreateInjectable (node_modules/@angular/core/fesm2022/core.mjs:5119:12)
	    at Module.ɵɵdirectiveInject (node_modules/@angular/core/fesm2022/core.mjs:17328:19)
	    at NodeInjectorFactory.factory (node_modules/@angular/router/fesm2022/router_module-DTJgGWLd.mjs:357:97)
	    at getNodeInjectable (node_modules/@angular/core/fesm2022/core.mjs:5331:44)
Chrome Headless 145.0.0.0 (Windows 10): Executed 93 of 171[31m (78 FAILED)[39m (0 secs / 0.647 secs)
[1A[2K[31mChrome Headless 145.0.0.0 (Windows 10) CaseDetailRightComponent should create FAILED[39m
	NullInjectorError: R3InjectorError(Standalone[CaseDetailRightComponent])[ActivatedRoute -> ActivatedRoute -> ActivatedRoute]: 
	  NullInjectorError: No provider for ActivatedRoute!
	error properties: Object({ ngTempTokenPath: null, ngTokenPath: [ 'ActivatedRoute', 'ActivatedRoute', 'ActivatedRoute' ] })
	    at NullInjector.get (node_modules/@angular/core/fesm2022/core.mjs:1630:27)
	    at R3Injector.get (node_modules/@angular/core/fesm2022/core.mjs:2159:33)
	    at R3Injector.get (node_modules/@angular/core/fesm2022/core.mjs:2159:33)
	    at R3Injector.get (node_modules/@angular/core/fesm2022/core.mjs:2159:33)
	    at ChainedInjector.get (node_modules/@angular/core/fesm2022/core.mjs:17277:36)
	    at lookupTokenUsingModuleInjector (node_modules/@angular/core/fesm2022/core.mjs:5071:39)
	    at getOrCreateInjectable (node_modules/@angular/core/fesm2022/core.mjs:5119:12)
	    at Module.ɵɵdirectiveInject (node_modules/@angular/core/fesm2022/core.mjs:17328:19)
	    at NodeInjectorFactory.factory (node_modules/@angular/router/fesm2022/router_module-DTJgGWLd.mjs:357:97)
	    at getNodeInjectable (node_modules/@angular/core/fesm2022/core.mjs:5331:44)
Chrome Headless 145.0.0.0 (Windows 10): Executed 94 of 171[31m (79 FAILED)[39m (0 secs / 0.65 secs)
[1A[2K[31mChrome Headless 145.0.0.0 (Windows 10) About3Component should create FAILED[39m
	NullInjectorError: R3InjectorError(DynamicTestModule)[ActivatedRoute -> ActivatedRoute]: 
	  NullInjectorError: No provider for ActivatedRoute!
	error properties: Object({ ngTempTokenPath: null, ngTokenPath: [ 'ActivatedRoute', 'ActivatedRoute' ] })
	    at NullInjector.get (node_modules/@angular/core/fesm2022/core.mjs:1630:27)
	    at R3Injector.get (node_modules/@angular/core/fesm2022/core.mjs:2159:33)
	    at R3Injector.get (node_modules/@angular/core/fesm2022/core.mjs:2159:33)
	    at ChainedInjector.get (node_modules/@angular/core/fesm2022/core.mjs:17277:36)
	    at lookupTokenUsingModuleInjector (node_modules/@angular/core/fesm2022/core.mjs:5071:39)
	    at getOrCreateInjectable (node_modules/@angular/core/fesm2022/core.mjs:5119:12)
	    at Module.ɵɵdirectiveInject (node_modules/@angular/core/fesm2022/core.mjs:17328:19)
	    at NodeInjectorFactory.factory (node_modules/@angular/router/fesm2022/router_module-DTJgGWLd.mjs:357:97)
	    at getNodeInjectable (node_modules/@angular/core/fesm2022/core.mjs:5331:44)
	    at instantiateAllDirectives (node_modules/@angular/core/fesm2022/core.mjs:12593:27)
Chrome Headless 145.0.0.0 (Windows 10): Executed 95 of 171[31m (80 FAILED)[39m (0 secs / 0.651 secs)
[1A[2K[31mChrome Headless 145.0.0.0 (Windows 10) About3Component should create FAILED[39m
	NullInjectorError: R3InjectorError(DynamicTestModule)[ActivatedRoute -> ActivatedRoute]: 
	  NullInjectorError: No provider for ActivatedRoute!
	error properties: Object({ ngTempTokenPath: null, ngTokenPath: [ 'ActivatedRoute', 'ActivatedRoute' ] })
	    at NullInjector.get (node_modules/@angular/core/fesm2022/core.mjs:1630:27)
	    at R3Injector.get (node_modules/@angular/core/fesm2022/core.mjs:2159:33)
	    at R3Injector.get (node_modules/@angular/core/fesm2022/core.mjs:2159:33)
	    at ChainedInjector.get (node_modules/@angular/core/fesm2022/core.mjs:17277:36)
	    at lookupTokenUsingModuleInjector (node_modules/@angular/core/fesm2022/core.mjs:5071:39)
	    at getOrCreateInjectable (node_modules/@angular/core/fesm2022/core.mjs:5119:12)
	    at Module.ɵɵdirectiveInject (node_modules/@angular/core/fesm2022/core.mjs:17328:19)
	    at NodeInjectorFactory.factory (node_modules/@angular/router/fesm2022/router_module-DTJgGWLd.mjs:357:97)
	    at getNodeInjectable (node_modules/@angular/core/fesm2022/core.mjs:5331:44)
	    at instantiateAllDirectives (node_modules/@angular/core/fesm2022/core.mjs:12593:27)
Chrome Headless 145.0.0.0 (Windows 10): Executed 96 of 171[31m (81 FAILED)[39m (0 secs / 0.652 secs)
[1A[2K[31mChrome Headless 145.0.0.0 (Windows 10) Home5Component should create FAILED[39m
	NullInjectorError: R3InjectorError(Standalone[Home5Component])[ActivatedRoute -> ActivatedRoute -> ActivatedRoute]: 
	  NullInjectorError: No provider for ActivatedRoute!
	error properties: Object({ ngTempTokenPath: null, ngTokenPath: [ 'ActivatedRoute', 'ActivatedRoute', 'ActivatedRoute' ] })
	    at NullInjector.get (node_modules/@angular/core/fesm2022/core.mjs:1630:27)
	    at R3Injector.get (node_modules/@angular/core/fesm2022/core.mjs:2159:33)
	    at R3Injector.get (node_modules/@angular/core/fesm2022/core.mjs:2159:33)
	    at R3Injector.get (node_modules/@angular/core/fesm2022/core.mjs:2159:33)
	    at ChainedInjector.get (node_modules/@angular/core/fesm2022/core.mjs:17277:36)
	    at lookupTokenUsingModuleInjector (node_modules/@angular/core/fesm2022/core.mjs:5071:39)
	    at getOrCreateInjectable (node_modules/@angular/core/fesm2022/core.mjs:5119:12)
	    at Module.ɵɵdirectiveInject (node_modules/@angular/core/fesm2022/core.mjs:17328:19)
	    at NodeInjectorFactory.factory (node_modules/@angular/router/fesm2022/router_module-DTJgGWLd.mjs:357:97)
	    at getNodeInjectable (node_modules/@angular/core/fesm2022/core.mjs:5331:44)
Chrome Headless 145.0.0.0 (Windows 10): Executed 97 of 171[31m (82 FAILED)[39m (0 secs / 0.677 secs)
[1A[2K[31mChrome Headless 145.0.0.0 (Windows 10) Hero4Component should create FAILED[39m
	NullInjectorError: R3InjectorError(Standalone[Hero4Component])[ActivatedRoute -> ActivatedRoute -> ActivatedRoute]: 
	  NullInjectorError: No provider for ActivatedRoute!
	error properties: Object({ ngTempTokenPath: null, ngTokenPath: [ 'ActivatedRoute', 'ActivatedRoute', 'ActivatedRoute' ] })
	    at NullInjector.get (node_modules/@angular/core/fesm2022/core.mjs:1630:27)
	    at R3Injector.get (node_modules/@angular/core/fesm2022/core.mjs:2159:33)
	    at R3Injector.get (node_modules/@angular/core/fesm2022/core.mjs:2159:33)
	    at R3Injector.get (node_modules/@angular/core/fesm2022/core.mjs:2159:33)
	    at ChainedInjector.get (node_modules/@angular/core/fesm2022/core.mjs:17277:36)
	    at lookupTokenUsingModuleInjector (node_modules/@angular/core/fesm2022/core.mjs:5071:39)
	    at getOrCreateInjectable (node_modules/@angular/core/fesm2022/core.mjs:5119:12)
	    at Module.ɵɵdirectiveInject (node_modules/@angular/core/fesm2022/core.mjs:17328:19)
	    at NodeInjectorFactory.factory (node_modules/@angular/router/fesm2022/router_module-DTJgGWLd.mjs:357:97)
	    at getNodeInjectable (node_modules/@angular/core/fesm2022/core.mjs:5331:44)
Chrome Headless 145.0.0.0 (Windows 10): Executed 98 of 171[31m (83 FAILED)[39m (0 secs / 0.679 secs)
[1A[2K[31mChrome Headless 145.0.0.0 (Windows 10) Blogs3Component should create FAILED[39m
	NullInjectorError: R3InjectorError(Standalone[Blogs3Component])[ActivatedRoute -> ActivatedRoute -> ActivatedRoute]: 
	  NullInjectorError: No provider for ActivatedRoute!
	error properties: Object({ ngTempTokenPath: null, ngTokenPath: [ 'ActivatedRoute', 'ActivatedRoute', 'ActivatedRoute' ] })
	    at NullInjector.get (node_modules/@angular/core/fesm2022/core.mjs:1630:27)
	    at R3Injector.get (node_modules/@angular/core/fesm2022/core.mjs:2159:33)
	    at R3Injector.get (node_modules/@angular/core/fesm2022/core.mjs:2159:33)
	    at R3Injector.get (node_modules/@angular/core/fesm2022/core.mjs:2159:33)
	    at ChainedInjector.get (node_modules/@angular/core/fesm2022/core.mjs:17277:36)
	    at lookupTokenUsingModuleInjector (node_modules/@angular/core/fesm2022/core.mjs:5071:39)
	    at getOrCreateInjectable (node_modules/@angular/core/fesm2022/core.mjs:5119:12)
	    at Module.ɵɵdirectiveInject (node_modules/@angular/core/fesm2022/core.mjs:17328:19)
	    at NodeInjectorFactory.factory (node_modules/@angular/router/fesm2022/router_module-DTJgGWLd.mjs:357:97)
	    at getNodeInjectable (node_modules/@angular/core/fesm2022/core.mjs:5331:44)
Chrome Headless 145.0.0.0 (Windows 10): Executed 99 of 171[31m (84 FAILED)[39m (0 secs / 0.681 secs)
[1A[2KChrome Headless 145.0.0.0 (Windows 10): Executed 100 of 171[31m (84 FAILED)[39m (0 secs / 0.686 secs)
[1A[2KChrome Headless 145.0.0.0 (Windows 10): Executed 101 of 171[31m (84 FAILED)[39m (0 secs / 0.689 secs)
[1A[2KChrome Headless 145.0.0.0 (Windows 10): Executed 102 of 171[31m (84 FAILED)[39m (0 secs / 0.692 secs)
[1A[2K[31mChrome Headless 145.0.0.0 (Windows 10) Work5Component should create FAILED[39m
	NullInjectorError: R3InjectorError(DynamicTestModule)[ActivatedRoute -> ActivatedRoute]: 
	  NullInjectorError: No provider for ActivatedRoute!
	error properties: Object({ ngTempTokenPath: null, ngTokenPath: [ 'ActivatedRoute', 'ActivatedRoute' ] })
	    at NullInjector.get (node_modules/@angular/core/fesm2022/core.mjs:1630:27)
	    at R3Injector.get (node_modules/@angular/core/fesm2022/core.mjs:2159:33)
	    at R3Injector.get (node_modules/@angular/core/fesm2022/core.mjs:2159:33)
	    at ChainedInjector.get (node_modules/@angular/core/fesm2022/core.mjs:17277:36)
	    at lookupTokenUsingModuleInjector (node_modules/@angular/core/fesm2022/core.mjs:5071:39)
	    at getOrCreateInjectable (node_modules/@angular/core/fesm2022/core.mjs:5119:12)
	    at Module.ɵɵdirectiveInject (node_modules/@angular/core/fesm2022/core.mjs:17328:19)
	    at NodeInjectorFactory.factory (node_modules/@angular/router/fesm2022/router_module-DTJgGWLd.mjs:357:97)
	    at getNodeInjectable (node_modules/@angular/core/fesm2022/core.mjs:5331:44)
	    at instantiateAllDirectives (node_modules/@angular/core/fesm2022/core.mjs:12593:27)
Chrome Headless 145.0.0.0 (Windows 10): Executed 103 of 171[31m (85 FAILED)[39m (0 secs / 0.694 secs)
[1A[2K[31mChrome Headless 145.0.0.0 (Windows 10) Work5Component should create FAILED[39m
	NullInjectorError: R3InjectorError(DynamicTestModule)[ActivatedRoute -> ActivatedRoute]: 
	  NullInjectorError: No provider for ActivatedRoute!
	error properties: Object({ ngTempTokenPath: null, ngTokenPath: [ 'ActivatedRoute', 'ActivatedRoute' ] })
	    at NullInjector.get (node_modules/@angular/core/fesm2022/core.mjs:1630:27)
	    at R3Injector.get (node_modules/@angular/core/fesm2022/core.mjs:2159:33)
	    at R3Injector.get (node_modules/@angular/core/fesm2022/core.mjs:2159:33)
	    at ChainedInjector.get (node_modules/@angular/core/fesm2022/core.mjs:17277:36)
	    at lookupTokenUsingModuleInjector (node_modules/@angular/core/fesm2022/core.mjs:5071:39)
	    at getOrCreateInjectable (node_modules/@angular/core/fesm2022/core.mjs:5119:12)
	    at Module.ɵɵdirectiveInject (node_modules/@angular/core/fesm2022/core.mjs:17328:19)
	    at NodeInjectorFactory.factory (node_modules/@angular/router/fesm2022/router_module-DTJgGWLd.mjs:357:97)
	    at getNodeInjectable (node_modules/@angular/core/fesm2022/core.mjs:5331:44)
	    at instantiateAllDirectives (node_modules/@angular/core/fesm2022/core.mjs:12593:27)
Chrome Headless 145.0.0.0 (Windows 10): Executed 104 of 171[31m (86 FAILED)[39m (0 secs / 0.695 secs)
[1A[2K[31mChrome Headless 145.0.0.0 (Windows 10) Team4Component should create FAILED[39m
	NullInjectorError: R3InjectorError(Standalone[Team4Component])[ActivatedRoute -> ActivatedRoute -> ActivatedRoute]: 
	  NullInjectorError: No provider for ActivatedRoute!
	error properties: Object({ ngTempTokenPath: null, ngTokenPath: [ 'ActivatedRoute', 'ActivatedRoute', 'ActivatedRoute' ] })
	    at NullInjector.get (node_modules/@angular/core/fesm2022/core.mjs:1630:27)
	    at R3Injector.get (node_modules/@angular/core/fesm2022/core.mjs:2159:33)
	    at R3Injector.get (node_modules/@angular/core/fesm2022/core.mjs:2159:33)
	    at R3Injector.get (node_modules/@angular/core/fesm2022/core.mjs:2159:33)
	    at ChainedInjector.get (node_modules/@angular/core/fesm2022/core.mjs:17277:36)
	    at lookupTokenUsingModuleInjector (node_modules/@angular/core/fesm2022/core.mjs:5071:39)
	    at getOrCreateInjectable (node_modules/@angular/core/fesm2022/core.mjs:5119:12)
	    at Module.ɵɵdirectiveInject (node_modules/@angular/core/fesm2022/core.mjs:17328:19)
	    at NodeInjectorFactory.factory (node_modules/@angular/router/fesm2022/router_module-DTJgGWLd.mjs:357:97)
	    at getNodeInjectable (node_modules/@angular/core/fesm2022/core.mjs:5331:44)
Chrome Headless 145.0.0.0 (Windows 10): Executed 105 of 171[31m (87 FAILED)[39m (0 secs / 0.698 secs)
[1A[2K[31mChrome Headless 145.0.0.0 (Windows 10) CaseStudies4Component should create FAILED[39m
	NullInjectorError: R3InjectorError(Standalone[CaseStudies4Component])[ActivatedRoute -> ActivatedRoute -> ActivatedRoute]: 
	  NullInjectorError: No provider for ActivatedRoute!
	error properties: Object({ ngTempTokenPath: null, ngTokenPath: [ 'ActivatedRoute', 'ActivatedRoute', 'ActivatedRoute' ] })
	    at NullInjector.get (node_modules/@angular/core/fesm2022/core.mjs:1630:27)
	    at R3Injector.get (node_modules/@angular/core/fesm2022/core.mjs:2159:33)
	    at R3Injector.get (node_modules/@angular/core/fesm2022/core.mjs:2159:33)
	    at R3Injector.get (node_modules/@angular/core/fesm2022/core.mjs:2159:33)
	    at ChainedInjector.get (node_modules/@angular/core/fesm2022/core.mjs:17277:36)
	    at lookupTokenUsingModuleInjector (node_modules/@angular/core/fesm2022/core.mjs:5071:39)
	    at getOrCreateInjectable (node_modules/@angular/core/fesm2022/core.mjs:5119:12)
	    at Module.ɵɵdirectiveInject (node_modules/@angular/core/fesm2022/core.mjs:17328:19)
	    at NodeInjectorFactory.factory (node_modules/@angular/router/fesm2022/router_module-DTJgGWLd.mjs:357:97)
	    at getNodeInjectable (node_modules/@angular/core/fesm2022/core.mjs:5331:44)
Chrome Headless 145.0.0.0 (Windows 10): Executed 106 of 171[31m (88 FAILED)[39m (0 secs / 0.701 secs)
[1A[2K[31mChrome Headless 145.0.0.0 (Windows 10) SingleHome1Component should create FAILED[39m
	NullInjectorError: R3InjectorError(Standalone[SingleHome1Component])[ActivatedRoute -> ActivatedRoute -> ActivatedRoute]: 
	  NullInjectorError: No provider for ActivatedRoute!
	error properties: Object({ ngTempTokenPath: null, ngTokenPath: [ 'ActivatedRoute', 'ActivatedRoute', 'ActivatedRoute' ] })
	    at NullInjector.get (node_modules/@angular/core/fesm2022/core.mjs:1630:27)
	    at R3Injector.get (node_modules/@angular/core/fesm2022/core.mjs:2159:33)
	    at R3Injector.get (node_modules/@angular/core/fesm2022/core.mjs:2159:33)
	    at R3Injector.get (node_modules/@angular/core/fesm2022/core.mjs:2159:33)
	    at ChainedInjector.get (node_modules/@angular/core/fesm2022/core.mjs:17277:36)
	    at lookupTokenUsingModuleInjector (node_modules/@angular/core/fesm2022/core.mjs:5071:39)
	    at getOrCreateInjectable (node_modules/@angular/core/fesm2022/core.mjs:5119:12)
	    at Module.ɵɵdirectiveInject (node_modules/@angular/core/fesm2022/core.mjs:17328:19)
	    at NodeInjectorFactory.factory (node_modules/@angular/router/fesm2022/router_module-DTJgGWLd.mjs:357:97)
	    at getNodeInjectable (node_modules/@angular/core/fesm2022/core.mjs:5331:44)
Chrome Headless 145.0.0.0 (Windows 10): Executed 107 of 171[31m (89 FAILED)[39m (0 secs / 0.716 secs)
[1A[2K[31mChrome Headless 145.0.0.0 (Windows 10) Error404Component should create FAILED[39m
	NullInjectorError: R3InjectorError(DynamicTestModule)[ActivatedRoute -> ActivatedRoute]: 
	  NullInjectorError: No provider for ActivatedRoute!
	error properties: Object({ ngTempTokenPath: null, ngTokenPath: [ 'ActivatedRoute', 'ActivatedRoute' ] })
	    at NullInjector.get (node_modules/@angular/core/fesm2022/core.mjs:1630:27)
	    at R3Injector.get (node_modules/@angular/core/fesm2022/core.mjs:2159:33)
	    at R3Injector.get (node_modules/@angular/core/fesm2022/core.mjs:2159:33)
	    at ChainedInjector.get (node_modules/@angular/core/fesm2022/core.mjs:17277:36)
	    at lookupTokenUsingModuleInjector (node_modules/@angular/core/fesm2022/core.mjs:5071:39)
	    at getOrCreateInjectable (node_modules/@angular/core/fesm2022/core.mjs:5119:12)
	    at Module.ɵɵdirectiveInject (node_modules/@angular/core/fesm2022/core.mjs:17328:19)
	    at NodeInjectorFactory.factory (node_modules/@angular/router/fesm2022/router_module-DTJgGWLd.mjs:357:97)
	    at getNodeInjectable (node_modules/@angular/core/fesm2022/core.mjs:5331:44)
	    at instantiateAllDirectives (node_modules/@angular/core/fesm2022/core.mjs:12593:27)
Chrome Headless 145.0.0.0 (Windows 10): Executed 108 of 171[31m (90 FAILED)[39m (0 secs / 0.719 secs)
[1A[2KChrome Headless 145.0.0.0 (Windows 10): Executed 109 of 171[31m (90 FAILED)[39m (0 secs / 0.72 secs)
[1A[2K[31mChrome Headless 145.0.0.0 (Windows 10) Home4Component should create FAILED[39m
	NullInjectorError: R3InjectorError(Standalone[Home4Component])[ActivatedRoute -> ActivatedRoute -> ActivatedRoute]: 
	  NullInjectorError: No provider for ActivatedRoute!
	error properties: Object({ ngTempTokenPath: null, ngTokenPath: [ 'ActivatedRoute', 'ActivatedRoute', 'ActivatedRoute' ] })
	    at NullInjector.get (node_modules/@angular/core/fesm2022/core.mjs:1630:27)
	    at R3Injector.get (node_modules/@angular/core/fesm2022/core.mjs:2159:33)
	    at R3Injector.get (node_modules/@angular/core/fesm2022/core.mjs:2159:33)
	    at R3Injector.get (node_modules/@angular/core/fesm2022/core.mjs:2159:33)
	    at ChainedInjector.get (node_modules/@angular/core/fesm2022/core.mjs:17277:36)
	    at lookupTokenUsingModuleInjector (node_modules/@angular/core/fesm2022/core.mjs:5071:39)
	    at getOrCreateInjectable (node_modules/@angular/core/fesm2022/core.mjs:5119:12)
	    at Module.ɵɵdirectiveInject (node_modules/@angular/core/fesm2022/core.mjs:17328:19)
	    at NodeInjectorFactory.factory (node_modules/@angular/router/fesm2022/router_module-DTJgGWLd.mjs:357:97)
	    at getNodeInjectable (node_modules/@angular/core/fesm2022/core.mjs:5331:44)
Chrome Headless 145.0.0.0 (Windows 10): Executed 110 of 171[31m (91 FAILED)[39m (0 secs / 0.728 secs)
[1A[2K[31mChrome Headless 145.0.0.0 (Windows 10) Testimonial2Component should create FAILED[39m
	NullInjectorError: R3InjectorError(Standalone[Testimonial2Component])[ActivatedRoute -> ActivatedRoute -> ActivatedRoute]: 
	  NullInjectorError: No provider for ActivatedRoute!
	error properties: Object({ ngTempTokenPath: null, ngTokenPath: [ 'ActivatedRoute', 'ActivatedRoute', 'ActivatedRoute' ] })
	    at NullInjector.get (node_modules/@angular/core/fesm2022/core.mjs:1630:27)
	    at R3Injector.get (node_modules/@angular/core/fesm2022/core.mjs:2159:33)
	    at R3Injector.get (node_modules/@angular/core/fesm2022/core.mjs:2159:33)
	    at R3Injector.get (node_modules/@angular/core/fesm2022/core.mjs:2159:33)
	    at ChainedInjector.get (node_modules/@angular/core/fesm2022/core.mjs:17277:36)
	    at lookupTokenUsingModuleInjector (node_modules/@angular/core/fesm2022/core.mjs:5071:39)
	    at getOrCreateInjectable (node_modules/@angular/core/fesm2022/core.mjs:5119:12)
	    at Module.ɵɵdirectiveInject (node_modules/@angular/core/fesm2022/core.mjs:17328:19)
	    at NodeInjectorFactory.factory (node_modules/@angular/router/fesm2022/router_module-DTJgGWLd.mjs:357:97)
	    at getNodeInjectable (node_modules/@angular/core/fesm2022/core.mjs:5331:44)
Chrome Headless 145.0.0.0 (Windows 10): Executed 111 of 171[31m (92 FAILED)[39m (0 secs / 0.73 secs)
[1A[2KChrome Headless 145.0.0.0 (Windows 10): Executed 112 of 171[31m (92 FAILED)[39m (0 secs / 0.733 secs)
[1A[2K[31mChrome Headless 145.0.0.0 (Windows 10) CaseStudyCardComponent should create FAILED[39m
	TypeError: Cannot read properties of undefined (reading 'image')
	    at templateFn (ng:///CaseStudyCardComponent.js:27:41)
	    at executeTemplate (node_modules/@angular/core/fesm2022/core.mjs:12369:9)
	    at refreshView (node_modules/@angular/core/fesm2022/core.mjs:14054:13)
	    at detectChangesInView (node_modules/@angular/core/fesm2022/core.mjs:14274:9)
	    at detectChangesInViewIfAttached (node_modules/@angular/core/fesm2022/core.mjs:14234:5)
	    at detectChangesInComponent (node_modules/@angular/core/fesm2022/core.mjs:14222:5)
	    at detectChangesInChildComponents (node_modules/@angular/core/fesm2022/core.mjs:14293:9)
	    at refreshView (node_modules/@angular/core/fesm2022/core.mjs:14109:13)
	    at detectChangesInView (node_modules/@angular/core/fesm2022/core.mjs:14274:9)
	    at detectChangesInViewWhileDirty (node_modules/@angular/core/fesm2022/core.mjs:13966:9)
Chrome Headless 145.0.0.0 (Windows 10): Executed 113 of 171[31m (93 FAILED)[39m (0 secs / 0.736 secs)
[1A[2K[31mChrome Headless 145.0.0.0 (Windows 10) Work3Component should create FAILED[39m
	NullInjectorError: R3InjectorError(Standalone[Work3Component])[ActivatedRoute -> ActivatedRoute -> ActivatedRoute]: 
	  NullInjectorError: No provider for ActivatedRoute!
	error properties: Object({ ngTempTokenPath: null, ngTokenPath: [ 'ActivatedRoute', 'ActivatedRoute', 'ActivatedRoute' ] })
	    at NullInjector.get (node_modules/@angular/core/fesm2022/core.mjs:1630:27)
	    at R3Injector.get (node_modules/@angular/core/fesm2022/core.mjs:2159:33)
	    at R3Injector.get (node_modules/@angular/core/fesm2022/core.mjs:2159:33)
	    at R3Injector.get (node_modules/@angular/core/fesm2022/core.mjs:2159:33)
	    at ChainedInjector.get (node_modules/@angular/core/fesm2022/core.mjs:17277:36)
	    at lookupTokenUsingModuleInjector (node_modules/@angular/core/fesm2022/core.mjs:5071:39)
	    at getOrCreateInjectable (node_modules/@angular/core/fesm2022/core.mjs:5119:12)
	    at Module.ɵɵdirectiveInject (node_modules/@angular/core/fesm2022/core.mjs:17328:19)
	    at NodeInjectorFactory.factory (node_modules/@angular/router/fesm2022/router_module-DTJgGWLd.mjs:357:97)
	    at getNodeInjectable (node_modules/@angular/core/fesm2022/core.mjs:5331:44)
Chrome Headless 145.0.0.0 (Windows 10): Executed 114 of 171[31m (94 FAILED)[39m (0 secs / 0.738 secs)
[1A[2K[31mChrome Headless 145.0.0.0 (Windows 10) Testimonial4Component should create FAILED[39m
	ReferenceError: jQuery is not defined
	    at SlickCarouselComponent.initSlick (node_modules/ngx-slick-carousel/fesm2022/ngx-slick-carousel.mjs:75:9)
	    at SlickCarouselComponent.ngAfterViewChecked (node_modules/ngx-slick-carousel/fesm2022/ngx-slick-carousel.mjs:46:26)
	    at SlickCarouselComponent.call [as ngAfterViewInit] (node_modules/ngx-slick-carousel/fesm2022/ngx-slick-carousel.mjs:33:14)
	    at callHookInternal (node_modules/@angular/core/fesm2022/core.mjs:4215:14)
	    at callHook (node_modules/@angular/core/fesm2022/core.mjs:4242:13)
	    at callHooks (node_modules/@angular/core/fesm2022/core.mjs:4196:17)
	    at executeInitAndCheckHooks (node_modules/@angular/core/fesm2022/core.mjs:4146:9)
	    at refreshView (node_modules/@angular/core/fesm2022/core.mjs:14130:21)
	    at detectChangesInView (node_modules/@angular/core/fesm2022/core.mjs:14274:9)
	    at detectChangesInViewIfAttached (node_modules/@angular/core/fesm2022/core.mjs:14234:5)
Chrome Headless 145.0.0.0 (Windows 10): Executed 115 of 171[31m (95 FAILED)[39m (0 secs / 0.74 secs)
[1A[2K[31mChrome Headless 145.0.0.0 (Windows 10) Work2Component should create FAILED[39m
	NullInjectorError: R3InjectorError(Standalone[Work2Component])[ActivatedRoute -> ActivatedRoute -> ActivatedRoute]: 
	  NullInjectorError: No provider for ActivatedRoute!
	error properties: Object({ ngTempTokenPath: null, ngTokenPath: [ 'ActivatedRoute', 'ActivatedRoute', 'ActivatedRoute' ] })
	    at NullInjector.get (node_modules/@angular/core/fesm2022/core.mjs:1630:27)
	    at R3Injector.get (node_modules/@angular/core/fesm2022/core.mjs:2159:33)
	    at R3Injector.get (node_modules/@angular/core/fesm2022/core.mjs:2159:33)
	    at R3Injector.get (node_modules/@angular/core/fesm2022/core.mjs:2159:33)
	    at ChainedInjector.get (node_modules/@angular/core/fesm2022/core.mjs:17277:36)
	    at lookupTokenUsingModuleInjector (node_modules/@angular/core/fesm2022/core.mjs:5071:39)
	    at getOrCreateInjectable (node_modules/@angular/core/fesm2022/core.mjs:5119:12)
	    at Module.ɵɵdirectiveInject (node_modules/@angular/core/fesm2022/core.mjs:17328:19)
	    at NodeInjectorFactory.factory (node_modules/@angular/router/fesm2022/router_module-DTJgGWLd.mjs:357:97)
	    at getNodeInjectable (node_modules/@angular/core/fesm2022/core.mjs:5331:44)
Chrome Headless 145.0.0.0 (Windows 10): Executed 116 of 171[31m (96 FAILED)[39m (0 secs / 0.741 secs)
[1A[2K[31mChrome Headless 145.0.0.0 (Windows 10) About5Component should create FAILED[39m
	NullInjectorError: R3InjectorError(Standalone[About5Component])[ActivatedRoute -> ActivatedRoute -> ActivatedRoute]: 
	  NullInjectorError: No provider for ActivatedRoute!
	error properties: Object({ ngTempTokenPath: null, ngTokenPath: [ 'ActivatedRoute', 'ActivatedRoute', 'ActivatedRoute' ] })
	    at NullInjector.get (node_modules/@angular/core/fesm2022/core.mjs:1630:27)
	    at R3Injector.get (node_modules/@angular/core/fesm2022/core.mjs:2159:33)
	    at R3Injector.get (node_modules/@angular/core/fesm2022/core.mjs:2159:33)
	    at R3Injector.get (node_modules/@angular/core/fesm2022/core.mjs:2159:33)
	    at ChainedInjector.get (node_modules/@angular/core/fesm2022/core.mjs:17277:36)
	    at lookupTokenUsingModuleInjector (node_modules/@angular/core/fesm2022/core.mjs:5071:39)
	    at getOrCreateInjectable (node_modules/@angular/core/fesm2022/core.mjs:5119:12)
	    at Module.ɵɵdirectiveInject (node_modules/@angular/core/fesm2022/core.mjs:17328:19)
	    at NodeInjectorFactory.factory (node_modules/@angular/router/fesm2022/router_module-DTJgGWLd.mjs:357:97)
	    at getNodeInjectable (node_modules/@angular/core/fesm2022/core.mjs:5331:44)
Chrome Headless 145.0.0.0 (Windows 10): Executed 117 of 171[31m (97 FAILED)[39m (0 secs / 0.742 secs)
[1A[2K[31mChrome Headless 145.0.0.0 (Windows 10) BlogDetailsComponent should create FAILED[39m
	NullInjectorError: R3InjectorError(Standalone[BlogDetailsComponent])[ActivatedRoute -> ActivatedRoute -> ActivatedRoute]: 
	  NullInjectorError: No provider for ActivatedRoute!
	error properties: Object({ ngTempTokenPath: null, ngTokenPath: [ 'ActivatedRoute', 'ActivatedRoute', 'ActivatedRoute' ] })
	    at NullInjector.get (node_modules/@angular/core/fesm2022/core.mjs:1630:27)
	    at R3Injector.get (node_modules/@angular/core/fesm2022/core.mjs:2159:33)
	    at R3Injector.get (node_modules/@angular/core/fesm2022/core.mjs:2159:33)
	    at R3Injector.get (node_modules/@angular/core/fesm2022/core.mjs:2159:33)
	    at ChainedInjector.get (node_modules/@angular/core/fesm2022/core.mjs:17277:36)
	    at lookupTokenUsingModuleInjector (node_modules/@angular/core/fesm2022/core.mjs:5071:39)
	    at getOrCreateInjectable (node_modules/@angular/core/fesm2022/core.mjs:5119:12)
	    at Module.ɵɵdirectiveInject (node_modules/@angular/core/fesm2022/core.mjs:17328:19)
	    at NodeInjectorFactory.factory (node_modules/@angular/router/fesm2022/router_module-DTJgGWLd.mjs:357:97)
	    at getNodeInjectable (node_modules/@angular/core/fesm2022/core.mjs:5331:44)
Chrome Headless 145.0.0.0 (Windows 10): Executed 118 of 171[31m (98 FAILED)[39m (0 secs / 0.744 secs)
[1A[2K[31mChrome Headless 145.0.0.0 (Windows 10) MemberCardComponent should create FAILED[39m
	TypeError: Cannot read properties of undefined (reading 'image')
	    at templateFn (ng:///MemberCardComponent.js:39:43)
	    at executeTemplate (node_modules/@angular/core/fesm2022/core.mjs:12369:9)
	    at refreshView (node_modules/@angular/core/fesm2022/core.mjs:14054:13)
	    at detectChangesInView (node_modules/@angular/core/fesm2022/core.mjs:14274:9)
	    at detectChangesInViewIfAttached (node_modules/@angular/core/fesm2022/core.mjs:14234:5)
	    at detectChangesInComponent (node_modules/@angular/core/fesm2022/core.mjs:14222:5)
	    at detectChangesInChildComponents (node_modules/@angular/core/fesm2022/core.mjs:14293:9)
	    at refreshView (node_modules/@angular/core/fesm2022/core.mjs:14109:13)
	    at detectChangesInView (node_modules/@angular/core/fesm2022/core.mjs:14274:9)
	    at detectChangesInViewWhileDirty (node_modules/@angular/core/fesm2022/core.mjs:13966:9)
Chrome Headless 145.0.0.0 (Windows 10): Executed 119 of 171[31m (99 FAILED)[39m (0 secs / 0.746 secs)
[1A[2K[31mChrome Headless 145.0.0.0 (Windows 10) Hero3Component should create FAILED[39m
	NullInjectorError: R3InjectorError(DynamicTestModule)[ActivatedRoute -> ActivatedRoute]: 
	  NullInjectorError: No provider for ActivatedRoute!
	error properties: Object({ ngTempTokenPath: null, ngTokenPath: [ 'ActivatedRoute', 'ActivatedRoute' ] })
	    at NullInjector.get (node_modules/@angular/core/fesm2022/core.mjs:1630:27)
	    at R3Injector.get (node_modules/@angular/core/fesm2022/core.mjs:2159:33)
	    at R3Injector.get (node_modules/@angular/core/fesm2022/core.mjs:2159:33)
	    at ChainedInjector.get (node_modules/@angular/core/fesm2022/core.mjs:17277:36)
	    at lookupTokenUsingModuleInjector (node_modules/@angular/core/fesm2022/core.mjs:5071:39)
	    at getOrCreateInjectable (node_modules/@angular/core/fesm2022/core.mjs:5119:12)
	    at Module.ɵɵdirectiveInject (node_modules/@angular/core/fesm2022/core.mjs:17328:19)
	    at NodeInjectorFactory.factory (node_modules/@angular/router/fesm2022/router_module-DTJgGWLd.mjs:357:97)
	    at getNodeInjectable (node_modules/@angular/core/fesm2022/core.mjs:5331:44)
	    at instantiateAllDirectives (node_modules/@angular/core/fesm2022/core.mjs:12593:27)
Chrome Headless 145.0.0.0 (Windows 10): Executed 120 of 171[31m (100 FAILED)[39m (0 secs / 0.749 secs)
[1A[2K[31mChrome Headless 145.0.0.0 (Windows 10) About4Component should create FAILED[39m
	NullInjectorError: R3InjectorError(DynamicTestModule)[ActivatedRoute -> ActivatedRoute]: 
	  NullInjectorError: No provider for ActivatedRoute!
	error properties: Object({ ngTempTokenPath: null, ngTokenPath: [ 'ActivatedRoute', 'ActivatedRoute' ] })
	    at NullInjector.get (node_modules/@angular/core/fesm2022/core.mjs:1630:27)
	    at R3Injector.get (node_modules/@angular/core/fesm2022/core.mjs:2159:33)
	    at R3Injector.get (node_modules/@angular/core/fesm2022/core.mjs:2159:33)
	    at ChainedInjector.get (node_modules/@angular/core/fesm2022/core.mjs:17277:36)
	    at lookupTokenUsingModuleInjector (node_modules/@angular/core/fesm2022/core.mjs:5071:39)
	    at getOrCreateInjectable (node_modules/@angular/core/fesm2022/core.mjs:5119:12)
	    at Module.ɵɵdirectiveInject (node_modules/@angular/core/fesm2022/core.mjs:17328:19)
	    at NodeInjectorFactory.factory (node_modules/@angular/router/fesm2022/router_module-DTJgGWLd.mjs:357:97)
	    at getNodeInjectable (node_modules/@angular/core/fesm2022/core.mjs:5331:44)
	    at instantiateAllDirectives (node_modules/@angular/core/fesm2022/core.mjs:12593:27)
Chrome Headless 145.0.0.0 (Windows 10): Executed 121 of 171[31m (101 FAILED)[39m (0 secs / 0.751 secs)
[1A[2K[31mChrome Headless 145.0.0.0 (Windows 10) About2Component should create FAILED[39m
	NullInjectorError: R3InjectorError(Standalone[About2Component])[ActivatedRoute -> ActivatedRoute -> ActivatedRoute]: 
	  NullInjectorError: No provider for ActivatedRoute!
	error properties: Object({ ngTempTokenPath: null, ngTokenPath: [ 'ActivatedRoute', 'ActivatedRoute', 'ActivatedRoute' ] })
	    at NullInjector.get (node_modules/@angular/core/fesm2022/core.mjs:1630:27)
	    at R3Injector.get (node_modules/@angular/core/fesm2022/core.mjs:2159:33)
	    at R3Injector.get (node_modules/@angular/core/fesm2022/core.mjs:2159:33)
	    at R3Injector.get (node_modules/@angular/core/fesm2022/core.mjs:2159:33)
	    at ChainedInjector.get (node_modules/@angular/core/fesm2022/core.mjs:17277:36)
	    at lookupTokenUsingModuleInjector (node_modules/@angular/core/fesm2022/core.mjs:5071:39)
	    at getOrCreateInjectable (node_modules/@angular/core/fesm2022/core.mjs:5119:12)
	    at Module.ɵɵdirectiveInject (node_modules/@angular/core/fesm2022/core.mjs:17328:19)
	    at NodeInjectorFactory.factory (node_modules/@angular/router/fesm2022/router_module-DTJgGWLd.mjs:357:97)
	    at getNodeInjectable (node_modules/@angular/core/fesm2022/core.mjs:5331:44)
Chrome Headless 145.0.0.0 (Windows 10): Executed 122 of 171[31m (102 FAILED)[39m (0 secs / 0.753 secs)
[1A[2K[31mChrome Headless 145.0.0.0 (Windows 10) Footer3Component should create FAILED[39m
	NullInjectorError: R3InjectorError(Standalone[Footer3Component])[ActivatedRoute -> ActivatedRoute -> ActivatedRoute]: 
	  NullInjectorError: No provider for ActivatedRoute!
	error properties: Object({ ngTempTokenPath: null, ngTokenPath: [ 'ActivatedRoute', 'ActivatedRoute', 'ActivatedRoute' ] })
	    at NullInjector.get (node_modules/@angular/core/fesm2022/core.mjs:1630:27)
	    at R3Injector.get (node_modules/@angular/core/fesm2022/core.mjs:2159:33)
	    at R3Injector.get (node_modules/@angular/core/fesm2022/core.mjs:2159:33)
	    at R3Injector.get (node_modules/@angular/core/fesm2022/core.mjs:2159:33)
	    at ChainedInjector.get (node_modules/@angular/core/fesm2022/core.mjs:17277:36)
	    at lookupTokenUsingModuleInjector (node_modules/@angular/core/fesm2022/core.mjs:5071:39)
	    at getOrCreateInjectable (node_modules/@angular/core/fesm2022/core.mjs:5119:12)
	    at Module.ɵɵdirectiveInject (node_modules/@angular/core/fesm2022/core.mjs:17328:19)
	    at NodeInjectorFactory.factory (node_modules/@angular/router/fesm2022/router_module-DTJgGWLd.mjs:357:97)
	    at getNodeInjectable (node_modules/@angular/core/fesm2022/core.mjs:5331:44)
Chrome Headless 145.0.0.0 (Windows 10): Executed 123 of 171[31m (103 FAILED)[39m (0 secs / 0.754 secs)
[1A[2K[31mChrome Headless 145.0.0.0 (Windows 10) CaseStudyComponent should create FAILED[39m
	NullInjectorError: R3InjectorError(Standalone[CaseStudyComponent])[ActivatedRoute -> ActivatedRoute -> ActivatedRoute]: 
	  NullInjectorError: No provider for ActivatedRoute!
	error properties: Object({ ngTempTokenPath: null, ngTokenPath: [ 'ActivatedRoute', 'ActivatedRoute', 'ActivatedRoute' ] })
	    at NullInjector.get (node_modules/@angular/core/fesm2022/core.mjs:1630:27)
	    at R3Injector.get (node_modules/@angular/core/fesm2022/core.mjs:2159:33)
	    at R3Injector.get (node_modules/@angular/core/fesm2022/core.mjs:2159:33)
	    at R3Injector.get (node_modules/@angular/core/fesm2022/core.mjs:2159:33)
	    at ChainedInjector.get (node_modules/@angular/core/fesm2022/core.mjs:17277:36)
	    at lookupTokenUsingModuleInjector (node_modules/@angular/core/fesm2022/core.mjs:5071:39)
	    at getOrCreateInjectable (node_modules/@angular/core/fesm2022/core.mjs:5119:12)
	    at Module.ɵɵdirectiveInject (node_modules/@angular/core/fesm2022/core.mjs:17328:19)
	    at NodeInjectorFactory.factory (node_modules/@angular/router/fesm2022/router_module-DTJgGWLd.mjs:357:97)
	    at getNodeInjectable (node_modules/@angular/core/fesm2022/core.mjs:5331:44)
Chrome Headless 145.0.0.0 (Windows 10): Executed 124 of 171[31m (104 FAILED)[39m (0 secs / 0.757 secs)
[1A[2K[31mChrome Headless 145.0.0.0 (Windows 10) WhyChoose4Component should create FAILED[39m
	NullInjectorError: R3InjectorError(Standalone[WhyChoose4Component])[ActivatedRoute -> ActivatedRoute -> ActivatedRoute]: 
	  NullInjectorError: No provider for ActivatedRoute!
	error properties: Object({ ngTempTokenPath: null, ngTokenPath: [ 'ActivatedRoute', 'ActivatedRoute', 'ActivatedRoute' ] })
	    at NullInjector.get (node_modules/@angular/core/fesm2022/core.mjs:1630:27)
	    at R3Injector.get (node_modules/@angular/core/fesm2022/core.mjs:2159:33)
	    at R3Injector.get (node_modules/@angular/core/fesm2022/core.mjs:2159:33)
	    at R3Injector.get (node_modules/@angular/core/fesm2022/core.mjs:2159:33)
	    at ChainedInjector.get (node_modules/@angular/core/fesm2022/core.mjs:17277:36)
	    at lookupTokenUsingModuleInjector (node_modules/@angular/core/fesm2022/core.mjs:5071:39)
	    at getOrCreateInjectable (node_modules/@angular/core/fesm2022/core.mjs:5119:12)
	    at Module.ɵɵdirectiveInject (node_modules/@angular/core/fesm2022/core.mjs:17328:19)
	    at NodeInjectorFactory.factory (node_modules/@angular/router/fesm2022/router_module-DTJgGWLd.mjs:357:97)
	    at getNodeInjectable (node_modules/@angular/core/fesm2022/core.mjs:5331:44)
Chrome Headless 145.0.0.0 (Windows 10): Executed 125 of 171[31m (105 FAILED)[39m (0 secs / 0.759 secs)
[1A[2K[31mChrome Headless 145.0.0.0 (Windows 10) Testimonial2Component should create FAILED[39m
	NullInjectorError: R3InjectorError(Standalone[Testimonial2Component])[ActivatedRoute -> ActivatedRoute -> ActivatedRoute]: 
	  NullInjectorError: No provider for ActivatedRoute!
	error properties: Object({ ngTempTokenPath: null, ngTokenPath: [ 'ActivatedRoute', 'ActivatedRoute', 'ActivatedRoute' ] })
	    at NullInjector.get (node_modules/@angular/core/fesm2022/core.mjs:1630:27)
	    at R3Injector.get (node_modules/@angular/core/fesm2022/core.mjs:2159:33)
	    at R3Injector.get (node_modules/@angular/core/fesm2022/core.mjs:2159:33)
	    at R3Injector.get (node_modules/@angular/core/fesm2022/core.mjs:2159:33)
	    at ChainedInjector.get (node_modules/@angular/core/fesm2022/core.mjs:17277:36)
	    at lookupTokenUsingModuleInjector (node_modules/@angular/core/fesm2022/core.mjs:5071:39)
	    at getOrCreateInjectable (node_modules/@angular/core/fesm2022/core.mjs:5119:12)
	    at Module.ɵɵdirectiveInject (node_modules/@angular/core/fesm2022/core.mjs:17328:19)
	    at NodeInjectorFactory.factory (node_modules/@angular/router/fesm2022/router_module-DTJgGWLd.mjs:357:97)
	    at getNodeInjectable (node_modules/@angular/core/fesm2022/core.mjs:5331:44)
Chrome Headless 145.0.0.0 (Windows 10): Executed 126 of 171[31m (106 FAILED)[39m (0 secs / 0.761 secs)
[1A[2KChrome Headless 145.0.0.0 (Windows 10): Executed 127 of 171[31m (106 FAILED)[39m (0 secs / 0.763 secs)
[1A[2K[31mChrome Headless 145.0.0.0 (Windows 10) Blogs5Component should create FAILED[39m
	NullInjectorError: R3InjectorError(Standalone[Blogs5Component])[ActivatedRoute -> ActivatedRoute -> ActivatedRoute]: 
	  NullInjectorError: No provider for ActivatedRoute!
	error properties: Object({ ngTempTokenPath: null, ngTokenPath: [ 'ActivatedRoute', 'ActivatedRoute', 'ActivatedRoute' ] })
	    at NullInjector.get (node_modules/@angular/core/fesm2022/core.mjs:1630:27)
	    at R3Injector.get (node_modules/@angular/core/fesm2022/core.mjs:2159:33)
	    at R3Injector.get (node_modules/@angular/core/fesm2022/core.mjs:2159:33)
	    at R3Injector.get (node_modules/@angular/core/fesm2022/core.mjs:2159:33)
	    at ChainedInjector.get (node_modules/@angular/core/fesm2022/core.mjs:17277:36)
	    at lookupTokenUsingModuleInjector (node_modules/@angular/core/fesm2022/core.mjs:5071:39)
	    at getOrCreateInjectable (node_modules/@angular/core/fesm2022/core.mjs:5119:12)
	    at Module.ɵɵdirectiveInject (node_modules/@angular/core/fesm2022/core.mjs:17328:19)
	    at NodeInjectorFactory.factory (node_modules/@angular/router/fesm2022/router_module-DTJgGWLd.mjs:357:97)
	    at getNodeInjectable (node_modules/@angular/core/fesm2022/core.mjs:5331:44)
Chrome Headless 145.0.0.0 (Windows 10): Executed 128 of 171[31m (107 FAILED)[39m (0 secs / 0.765 secs)
[1A[2K[31mChrome Headless 145.0.0.0 (Windows 10) Work3Component should create FAILED[39m
	NullInjectorError: R3InjectorError(Standalone[Work3Component])[ActivatedRoute -> ActivatedRoute -> ActivatedRoute]: 
	  NullInjectorError: No provider for ActivatedRoute!
	error properties: Object({ ngTempTokenPath: null, ngTokenPath: [ 'ActivatedRoute', 'ActivatedRoute', 'ActivatedRoute' ] })
	    at NullInjector.get (node_modules/@angular/core/fesm2022/core.mjs:1630:27)
	    at R3Injector.get (node_modules/@angular/core/fesm2022/core.mjs:2159:33)
	    at R3Injector.get (node_modules/@angular/core/fesm2022/core.mjs:2159:33)
	    at R3Injector.get (node_modules/@angular/core/fesm2022/core.mjs:2159:33)
	    at ChainedInjector.get (node_modules/@angular/core/fesm2022/core.mjs:17277:36)
	    at lookupTokenUsingModuleInjector (node_modules/@angular/core/fesm2022/core.mjs:5071:39)
	    at getOrCreateInjectable (node_modules/@angular/core/fesm2022/core.mjs:5119:12)
	    at Module.ɵɵdirectiveInject (node_modules/@angular/core/fesm2022/core.mjs:17328:19)
	    at NodeInjectorFactory.factory (node_modules/@angular/router/fesm2022/router_module-DTJgGWLd.mjs:357:97)
	    at getNodeInjectable (node_modules/@angular/core/fesm2022/core.mjs:5331:44)
Chrome Headless 145.0.0.0 (Windows 10): Executed 129 of 171[31m (108 FAILED)[39m (0 secs / 0.766 secs)
[1A[2K[31mChrome Headless 145.0.0.0 (Windows 10) Cta3Component should create FAILED[39m
	NullInjectorError: R3InjectorError(DynamicTestModule)[ActivatedRoute -> ActivatedRoute]: 
	  NullInjectorError: No provider for ActivatedRoute!
	error properties: Object({ ngTempTokenPath: null, ngTokenPath: [ 'ActivatedRoute', 'ActivatedRoute' ] })
	    at NullInjector.get (node_modules/@angular/core/fesm2022/core.mjs:1630:27)
	    at R3Injector.get (node_modules/@angular/core/fesm2022/core.mjs:2159:33)
	    at R3Injector.get (node_modules/@angular/core/fesm2022/core.mjs:2159:33)
	    at ChainedInjector.get (node_modules/@angular/core/fesm2022/core.mjs:17277:36)
	    at lookupTokenUsingModuleInjector (node_modules/@angular/core/fesm2022/core.mjs:5071:39)
	    at getOrCreateInjectable (node_modules/@angular/core/fesm2022/core.mjs:5119:12)
	    at Module.ɵɵdirectiveInject (node_modules/@angular/core/fesm2022/core.mjs:17328:19)
	    at NodeInjectorFactory.factory (node_modules/@angular/router/fesm2022/router_module-DTJgGWLd.mjs:357:97)
	    at getNodeInjectable (node_modules/@angular/core/fesm2022/core.mjs:5331:44)
	    at instantiateAllDirectives (node_modules/@angular/core/fesm2022/core.mjs:12593:27)
Chrome Headless 145.0.0.0 (Windows 10): Executed 130 of 171[31m (109 FAILED)[39m (0 secs / 0.767 secs)
[1A[2K[31mChrome Headless 145.0.0.0 (Windows 10) Testimonial1Component should create FAILED[39m
	TypeError: this.el.nativeElement.initialize is not a function
	    at SwiperDirective.call [as ngAfterViewInit] (src/app/core/directives/swiper-directive.component.ts:22:27)
	    at callHookInternal (node_modules/@angular/core/fesm2022/core.mjs:4215:14)
	    at callHook (node_modules/@angular/core/fesm2022/core.mjs:4242:13)
	    at callHooks (node_modules/@angular/core/fesm2022/core.mjs:4196:17)
	    at executeInitAndCheckHooks (node_modules/@angular/core/fesm2022/core.mjs:4146:9)
	    at refreshView (node_modules/@angular/core/fesm2022/core.mjs:14130:21)
	    at detectChangesInView (node_modules/@angular/core/fesm2022/core.mjs:14274:9)
	    at detectChangesInViewIfAttached (node_modules/@angular/core/fesm2022/core.mjs:14234:5)
	    at detectChangesInComponent (node_modules/@angular/core/fesm2022/core.mjs:14222:5)
	    at detectChangesInChildComponents (node_modules/@angular/core/fesm2022/core.mjs:14293:9)
Chrome Headless 145.0.0.0 (Windows 10): Executed 131 of 171[31m (110 FAILED)[39m (0 secs / 0.77 secs)
[1A[2K[31mChrome Headless 145.0.0.0 (Windows 10) CaseStudyDetailComponent should create FAILED[39m
	NullInjectorError: R3InjectorError(Standalone[CaseStudyDetailComponent])[ActivatedRoute -> ActivatedRoute -> ActivatedRoute]: 
	  NullInjectorError: No provider for ActivatedRoute!
	error properties: Object({ ngTempTokenPath: null, ngTokenPath: [ 'ActivatedRoute', 'ActivatedRoute', 'ActivatedRoute' ] })
	    at NullInjector.get (node_modules/@angular/core/fesm2022/core.mjs:1630:27)
	    at R3Injector.get (node_modules/@angular/core/fesm2022/core.mjs:2159:33)
	    at R3Injector.get (node_modules/@angular/core/fesm2022/core.mjs:2159:33)
	    at R3Injector.get (node_modules/@angular/core/fesm2022/core.mjs:2159:33)
	    at ChainedInjector.get (node_modules/@angular/core/fesm2022/core.mjs:17277:36)
	    at lookupTokenUsingModuleInjector (node_modules/@angular/core/fesm2022/core.mjs:5071:39)
	    at getOrCreateInjectable (node_modules/@angular/core/fesm2022/core.mjs:5119:12)
	    at Module.ɵɵdirectiveInject (node_modules/@angular/core/fesm2022/core.mjs:17328:19)
	    at NodeInjectorFactory.factory (node_modules/@angular/router/fesm2022/router_module-DTJgGWLd.mjs:357:97)
	    at getNodeInjectable (node_modules/@angular/core/fesm2022/core.mjs:5331:44)
Chrome Headless 145.0.0.0 (Windows 10): Executed 132 of 171[31m (111 FAILED)[39m (0 secs / 0.772 secs)
[1A[2K[31mChrome Headless 145.0.0.0 (Windows 10) Testimonial3Component should create FAILED[39m
	ReferenceError: jQuery is not defined
	    at SlickCarouselComponent.initSlick (node_modules/ngx-slick-carousel/fesm2022/ngx-slick-carousel.mjs:75:9)
	    at SlickCarouselComponent.ngAfterViewChecked (node_modules/ngx-slick-carousel/fesm2022/ngx-slick-carousel.mjs:46:26)
	    at SlickCarouselComponent.call [as ngAfterViewInit] (node_modules/ngx-slick-carousel/fesm2022/ngx-slick-carousel.mjs:33:14)
	    at callHookInternal (node_modules/@angular/core/fesm2022/core.mjs:4215:14)
	    at callHook (node_modules/@angular/core/fesm2022/core.mjs:4242:13)
	    at callHooks (node_modules/@angular/core/fesm2022/core.mjs:4196:17)
	    at executeInitAndCheckHooks (node_modules/@angular/core/fesm2022/core.mjs:4146:9)
	    at refreshView (node_modules/@angular/core/fesm2022/core.mjs:14130:21)
	    at detectChangesInView (node_modules/@angular/core/fesm2022/core.mjs:14274:9)
	    at detectChangesInViewIfAttached (node_modules/@angular/core/fesm2022/core.mjs:14234:5)
Chrome Headless 145.0.0.0 (Windows 10): Executed 133 of 171[31m (112 FAILED)[39m (0 secs / 0.776 secs)
[1A[2K[31mChrome Headless 145.0.0.0 (Windows 10) About4Component should create FAILED[39m
	NullInjectorError: R3InjectorError(DynamicTestModule)[ActivatedRoute -> ActivatedRoute]: 
	  NullInjectorError: No provider for ActivatedRoute!
	error properties: Object({ ngTempTokenPath: null, ngTokenPath: [ 'ActivatedRoute', 'ActivatedRoute' ] })
	    at NullInjector.get (node_modules/@angular/core/fesm2022/core.mjs:1630:27)
	    at R3Injector.get (node_modules/@angular/core/fesm2022/core.mjs:2159:33)
	    at R3Injector.get (node_modules/@angular/core/fesm2022/core.mjs:2159:33)
	    at ChainedInjector.get (node_modules/@angular/core/fesm2022/core.mjs:17277:36)
	    at lookupTokenUsingModuleInjector (node_modules/@angular/core/fesm2022/core.mjs:5071:39)
	    at getOrCreateInjectable (node_modules/@angular/core/fesm2022/core.mjs:5119:12)
	    at Module.ɵɵdirectiveInject (node_modules/@angular/core/fesm2022/core.mjs:17328:19)
	    at NodeInjectorFactory.factory (node_modules/@angular/router/fesm2022/router_module-DTJgGWLd.mjs:357:97)
	    at getNodeInjectable (node_modules/@angular/core/fesm2022/core.mjs:5331:44)
	    at instantiateAllDirectives (node_modules/@angular/core/fesm2022/core.mjs:12593:27)
Chrome Headless 145.0.0.0 (Windows 10): Executed 134 of 171[31m (113 FAILED)[39m (0 secs / 0.778 secs)
[1A[2K[31mChrome Headless 145.0.0.0 (Windows 10) WhyChoose4Component should create FAILED[39m
	NullInjectorError: R3InjectorError(Standalone[WhyChoose4Component])[ActivatedRoute -> ActivatedRoute -> ActivatedRoute]: 
	  NullInjectorError: No provider for ActivatedRoute!
	error properties: Object({ ngTempTokenPath: null, ngTokenPath: [ 'ActivatedRoute', 'ActivatedRoute', 'ActivatedRoute' ] })
	    at NullInjector.get (node_modules/@angular/core/fesm2022/core.mjs:1630:27)
	    at R3Injector.get (node_modules/@angular/core/fesm2022/core.mjs:2159:33)
	    at R3Injector.get (node_modules/@angular/core/fesm2022/core.mjs:2159:33)
	    at R3Injector.get (node_modules/@angular/core/fesm2022/core.mjs:2159:33)
	    at ChainedInjector.get (node_modules/@angular/core/fesm2022/core.mjs:17277:36)
	    at lookupTokenUsingModuleInjector (node_modules/@angular/core/fesm2022/core.mjs:5071:39)
	    at getOrCreateInjectable (node_modules/@angular/core/fesm2022/core.mjs:5119:12)
	    at Module.ɵɵdirectiveInject (node_modules/@angular/core/fesm2022/core.mjs:17328:19)
	    at NodeInjectorFactory.factory (node_modules/@angular/router/fesm2022/router_module-DTJgGWLd.mjs:357:97)
	    at getNodeInjectable (node_modules/@angular/core/fesm2022/core.mjs:5331:44)
Chrome Headless 145.0.0.0 (Windows 10): Executed 135 of 171[31m (114 FAILED)[39m (0 secs / 0.78 secs)
[1A[2K[31mChrome Headless 145.0.0.0 (Windows 10) Services3Component should create FAILED[39m
	NullInjectorError: R3InjectorError(DynamicTestModule)[ActivatedRoute -> ActivatedRoute]: 
	  NullInjectorError: No provider for ActivatedRoute!
	error properties: Object({ ngTempTokenPath: null, ngTokenPath: [ 'ActivatedRoute', 'ActivatedRoute' ] })
	    at NullInjector.get (node_modules/@angular/core/fesm2022/core.mjs:1630:27)
	    at R3Injector.get (node_modules/@angular/core/fesm2022/core.mjs:2159:33)
	    at R3Injector.get (node_modules/@angular/core/fesm2022/core.mjs:2159:33)
	    at ChainedInjector.get (node_modules/@angular/core/fesm2022/core.mjs:17277:36)
	    at lookupTokenUsingModuleInjector (node_modules/@angular/core/fesm2022/core.mjs:5071:39)
	    at getOrCreateInjectable (node_modules/@angular/core/fesm2022/core.mjs:5119:12)
	    at Module.ɵɵdirectiveInject (node_modules/@angular/core/fesm2022/core.mjs:17328:19)
	    at NodeInjectorFactory.factory (node_modules/@angular/router/fesm2022/router_module-DTJgGWLd.mjs:357:97)
	    at getNodeInjectable (node_modules/@angular/core/fesm2022/core.mjs:5331:44)
	    at instantiateAllDirectives (node_modules/@angular/core/fesm2022/core.mjs:12593:27)
Chrome Headless 145.0.0.0 (Windows 10): Executed 136 of 171[31m (115 FAILED)[39m (0 secs / 0.781 secs)
[1A[2KChrome Headless 145.0.0.0 (Windows 10): Executed 137 of 171[31m (115 FAILED)[39m (0 secs / 0.784 secs)
[1A[2K[31mChrome Headless 145.0.0.0 (Windows 10) Blogs4Component should create FAILED[39m
	NullInjectorError: R3InjectorError(Standalone[Blogs4Component])[ActivatedRoute -> ActivatedRoute -> ActivatedRoute]: 
	  NullInjectorError: No provider for ActivatedRoute!
	error properties: Object({ ngTempTokenPath: null, ngTokenPath: [ 'ActivatedRoute', 'ActivatedRoute', 'ActivatedRoute' ] })
	    at NullInjector.get (node_modules/@angular/core/fesm2022/core.mjs:1630:27)
	    at R3Injector.get (node_modules/@angular/core/fesm2022/core.mjs:2159:33)
	    at R3Injector.get (node_modules/@angular/core/fesm2022/core.mjs:2159:33)
	    at R3Injector.get (node_modules/@angular/core/fesm2022/core.mjs:2159:33)
	    at ChainedInjector.get (node_modules/@angular/core/fesm2022/core.mjs:17277:36)
	    at lookupTokenUsingModuleInjector (node_modules/@angular/core/fesm2022/core.mjs:5071:39)
	    at getOrCreateInjectable (node_modules/@angular/core/fesm2022/core.mjs:5119:12)
	    at Module.ɵɵdirectiveInject (node_modules/@angular/core/fesm2022/core.mjs:17328:19)
	    at NodeInjectorFactory.factory (node_modules/@angular/router/fesm2022/router_module-DTJgGWLd.mjs:357:97)
	    at getNodeInjectable (node_modules/@angular/core/fesm2022/core.mjs:5331:44)
Chrome Headless 145.0.0.0 (Windows 10): Executed 138 of 171[31m (116 FAILED)[39m (0 secs / 0.786 secs)
[1A[2KChrome Headless 145.0.0.0 (Windows 10): Executed 139 of 171[31m (116 FAILED)[39m (0 secs / 0.787 secs)
[1A[2KChrome Headless 145.0.0.0 (Windows 10): Executed 140 of 171[31m (116 FAILED)[39m (0 secs / 0.788 secs)
[1A[2K[31mChrome Headless 145.0.0.0 (Windows 10) Testimonial5Component should create FAILED[39m
	TypeError: this.el.nativeElement.initialize is not a function
	    at SwiperDirective.call [as ngAfterViewInit] (src/app/core/directives/swiper-directive.component.ts:22:27)
	    at callHookInternal (node_modules/@angular/core/fesm2022/core.mjs:4215:14)
	    at callHook (node_modules/@angular/core/fesm2022/core.mjs:4242:13)
	    at callHooks (node_modules/@angular/core/fesm2022/core.mjs:4196:17)
	    at executeInitAndCheckHooks (node_modules/@angular/core/fesm2022/core.mjs:4146:9)
	    at refreshView (node_modules/@angular/core/fesm2022/core.mjs:14130:21)
	    at detectChangesInView (node_modules/@angular/core/fesm2022/core.mjs:14274:9)
	    at detectChangesInViewIfAttached (node_modules/@angular/core/fesm2022/core.mjs:14234:5)
	    at detectChangesInComponent (node_modules/@angular/core/fesm2022/core.mjs:14222:5)
	    at detectChangesInChildComponents (node_modules/@angular/core/fesm2022/core.mjs:14293:9)
Chrome Headless 145.0.0.0 (Windows 10): Executed 141 of 171[31m (117 FAILED)[39m (0 secs / 0.791 secs)
[1A[2K[31mChrome Headless 145.0.0.0 (Windows 10) SingleHeader3Component should create FAILED[39m
	NullInjectorError: R3InjectorError(Standalone[SingleHeader3Component])[ActivatedRoute -> ActivatedRoute -> ActivatedRoute]: 
	  NullInjectorError: No provider for ActivatedRoute!
	error properties: Object({ ngTempTokenPath: null, ngTokenPath: [ 'ActivatedRoute', 'ActivatedRoute', 'ActivatedRoute' ] })
	    at NullInjector.get (node_modules/@angular/core/fesm2022/core.mjs:1630:27)
	    at R3Injector.get (node_modules/@angular/core/fesm2022/core.mjs:2159:33)
	    at R3Injector.get (node_modules/@angular/core/fesm2022/core.mjs:2159:33)
	    at R3Injector.get (node_modules/@angular/core/fesm2022/core.mjs:2159:33)
	    at ChainedInjector.get (node_modules/@angular/core/fesm2022/core.mjs:17277:36)
	    at lookupTokenUsingModuleInjector (node_modules/@angular/core/fesm2022/core.mjs:5071:39)
	    at getOrCreateInjectable (node_modules/@angular/core/fesm2022/core.mjs:5119:12)
	    at Module.ɵɵdirectiveInject (node_modules/@angular/core/fesm2022/core.mjs:17328:19)
	    at NodeInjectorFactory.factory (node_modules/@angular/router/fesm2022/router_module-DTJgGWLd.mjs:357:97)
	    at getNodeInjectable (node_modules/@angular/core/fesm2022/core.mjs:5331:44)
Chrome Headless 145.0.0.0 (Windows 10): Executed 142 of 171[31m (118 FAILED)[39m (0 secs / 0.792 secs)
[1A[2K[31mChrome Headless 145.0.0.0 (Windows 10) NavItemComponent should create FAILED[39m
	NullInjectorError: R3InjectorError(DynamicTestModule)[ActivatedRoute -> ActivatedRoute]: 
	  NullInjectorError: No provider for ActivatedRoute!
	error properties: Object({ ngTempTokenPath: null, ngTokenPath: [ 'ActivatedRoute', 'ActivatedRoute' ] })
	    at NullInjector.get (node_modules/@angular/core/fesm2022/core.mjs:1630:27)
	    at R3Injector.get (node_modules/@angular/core/fesm2022/core.mjs:2159:33)
	    at R3Injector.get (node_modules/@angular/core/fesm2022/core.mjs:2159:33)
	    at ChainedInjector.get (node_modules/@angular/core/fesm2022/core.mjs:17277:36)
	    at lookupTokenUsingModuleInjector (node_modules/@angular/core/fesm2022/core.mjs:5071:39)
	    at getOrCreateInjectable (node_modules/@angular/core/fesm2022/core.mjs:5119:12)
	    at Module.ɵɵdirectiveInject (node_modules/@angular/core/fesm2022/core.mjs:17328:19)
	    at NodeInjectorFactory.factory (node_modules/@angular/router/fesm2022/router_module-DTJgGWLd.mjs:357:97)
	    at getNodeInjectable (node_modules/@angular/core/fesm2022/core.mjs:5331:44)
	    at instantiateAllDirectives (node_modules/@angular/core/fesm2022/core.mjs:12593:27)
Chrome Headless 145.0.0.0 (Windows 10): Executed 143 of 171[31m (119 FAILED)[39m (0 secs / 0.793 secs)
[1A[2K[31mChrome Headless 145.0.0.0 (Windows 10) Blogs2Component should create FAILED[39m
	NullInjectorError: R3InjectorError(Standalone[Blogs2Component])[ActivatedRoute -> ActivatedRoute -> ActivatedRoute]: 
	  NullInjectorError: No provider for ActivatedRoute!
	error properties: Object({ ngTempTokenPath: null, ngTokenPath: [ 'ActivatedRoute', 'ActivatedRoute', 'ActivatedRoute' ] })
	    at NullInjector.get (node_modules/@angular/core/fesm2022/core.mjs:1630:27)
	    at R3Injector.get (node_modules/@angular/core/fesm2022/core.mjs:2159:33)
	    at R3Injector.get (node_modules/@angular/core/fesm2022/core.mjs:2159:33)
	    at R3Injector.get (node_modules/@angular/core/fesm2022/core.mjs:2159:33)
	    at ChainedInjector.get (node_modules/@angular/core/fesm2022/core.mjs:17277:36)
	    at lookupTokenUsingModuleInjector (node_modules/@angular/core/fesm2022/core.mjs:5071:39)
	    at getOrCreateInjectable (node_modules/@angular/core/fesm2022/core.mjs:5119:12)
	    at Module.ɵɵdirectiveInject (node_modules/@angular/core/fesm2022/core.mjs:17328:19)
	    at NodeInjectorFactory.factory (node_modules/@angular/router/fesm2022/router_module-DTJgGWLd.mjs:357:97)
	    at getNodeInjectable (node_modules/@angular/core/fesm2022/core.mjs:5331:44)
Chrome Headless 145.0.0.0 (Windows 10): Executed 144 of 171[31m (120 FAILED)[39m (0 secs / 0.795 secs)
[1A[2K[31mChrome Headless 145.0.0.0 (Windows 10) Footer4Component should create FAILED[39m
	NullInjectorError: R3InjectorError(Standalone[Footer4Component])[ActivatedRoute -> ActivatedRoute -> ActivatedRoute]: 
	  NullInjectorError: No provider for ActivatedRoute!
	error properties: Object({ ngTempTokenPath: null, ngTokenPath: [ 'ActivatedRoute', 'ActivatedRoute', 'ActivatedRoute' ] })
	    at NullInjector.get (node_modules/@angular/core/fesm2022/core.mjs:1630:27)
	    at R3Injector.get (node_modules/@angular/core/fesm2022/core.mjs:2159:33)
	    at R3Injector.get (node_modules/@angular/core/fesm2022/core.mjs:2159:33)
	    at R3Injector.get (node_modules/@angular/core/fesm2022/core.mjs:2159:33)
	    at ChainedInjector.get (node_modules/@angular/core/fesm2022/core.mjs:17277:36)
	    at lookupTokenUsingModuleInjector (node_modules/@angular/core/fesm2022/core.mjs:5071:39)
	    at getOrCreateInjectable (node_modules/@angular/core/fesm2022/core.mjs:5119:12)
	    at Module.ɵɵdirectiveInject (node_modules/@angular/core/fesm2022/core.mjs:17328:19)
	    at NodeInjectorFactory.factory (node_modules/@angular/router/fesm2022/router_module-DTJgGWLd.mjs:357:97)
	    at getNodeInjectable (node_modules/@angular/core/fesm2022/core.mjs:5331:44)
Chrome Headless 145.0.0.0 (Windows 10): Executed 145 of 171[31m (121 FAILED)[39m (0 secs / 0.796 secs)
[1A[2K[31mChrome Headless 145.0.0.0 (Windows 10) SingleHeader2Component should create FAILED[39m
	NullInjectorError: R3InjectorError(Standalone[SingleHeader2Component])[ActivatedRoute -> ActivatedRoute -> ActivatedRoute]: 
	  NullInjectorError: No provider for ActivatedRoute!
	error properties: Object({ ngTempTokenPath: null, ngTokenPath: [ 'ActivatedRoute', 'ActivatedRoute', 'ActivatedRoute' ] })
	    at NullInjector.get (node_modules/@angular/core/fesm2022/core.mjs:1630:27)
	    at R3Injector.get (node_modules/@angular/core/fesm2022/core.mjs:2159:33)
	    at R3Injector.get (node_modules/@angular/core/fesm2022/core.mjs:2159:33)
	    at R3Injector.get (node_modules/@angular/core/fesm2022/core.mjs:2159:33)
	    at ChainedInjector.get (node_modules/@angular/core/fesm2022/core.mjs:17277:36)
	    at lookupTokenUsingModuleInjector (node_modules/@angular/core/fesm2022/core.mjs:5071:39)
	    at getOrCreateInjectable (node_modules/@angular/core/fesm2022/core.mjs:5119:12)
	    at Module.ɵɵdirectiveInject (node_modules/@angular/core/fesm2022/core.mjs:17328:19)
	    at NodeInjectorFactory.factory (node_modules/@angular/router/fesm2022/router_module-DTJgGWLd.mjs:357:97)
	    at getNodeInjectable (node_modules/@angular/core/fesm2022/core.mjs:5331:44)
Chrome Headless 145.0.0.0 (Windows 10): Executed 146 of 171[31m (122 FAILED)[39m (0 secs / 0.797 secs)
[1A[2K[31mChrome Headless 145.0.0.0 (Windows 10) Work1Component should create FAILED[39m
	NullInjectorError: R3InjectorError(Standalone[Work1Component])[ActivatedRoute -> ActivatedRoute -> ActivatedRoute]: 
	  NullInjectorError: No provider for ActivatedRoute!
	error properties: Object({ ngTempTokenPath: null, ngTokenPath: [ 'ActivatedRoute', 'ActivatedRoute', 'ActivatedRoute' ] })
	    at NullInjector.get (node_modules/@angular/core/fesm2022/core.mjs:1630:27)
	    at R3Injector.get (node_modules/@angular/core/fesm2022/core.mjs:2159:33)
	    at R3Injector.get (node_modules/@angular/core/fesm2022/core.mjs:2159:33)
	    at R3Injector.get (node_modules/@angular/core/fesm2022/core.mjs:2159:33)
	    at ChainedInjector.get (node_modules/@angular/core/fesm2022/core.mjs:17277:36)
	    at lookupTokenUsingModuleInjector (node_modules/@angular/core/fesm2022/core.mjs:5071:39)
	    at getOrCreateInjectable (node_modules/@angular/core/fesm2022/core.mjs:5119:12)
	    at Module.ɵɵdirectiveInject (node_modules/@angular/core/fesm2022/core.mjs:17328:19)
	    at NodeInjectorFactory.factory (node_modules/@angular/router/fesm2022/router_module-DTJgGWLd.mjs:357:97)
	    at getNodeInjectable (node_modules/@angular/core/fesm2022/core.mjs:5331:44)
Chrome Headless 145.0.0.0 (Windows 10): Executed 147 of 171[31m (123 FAILED)[39m (0 secs / 0.798 secs)
[1A[2K[31mChrome Headless 145.0.0.0 (Windows 10) CaseStudies1Component should create FAILED[39m
	NullInjectorError: R3InjectorError(DynamicTestModule)[ActivatedRoute -> ActivatedRoute]: 
	  NullInjectorError: No provider for ActivatedRoute!
	error properties: Object({ ngTempTokenPath: null, ngTokenPath: [ 'ActivatedRoute', 'ActivatedRoute' ] })
	    at NullInjector.get (node_modules/@angular/core/fesm2022/core.mjs:1630:27)
	    at R3Injector.get (node_modules/@angular/core/fesm2022/core.mjs:2159:33)
	    at R3Injector.get (node_modules/@angular/core/fesm2022/core.mjs:2159:33)
	    at ChainedInjector.get (node_modules/@angular/core/fesm2022/core.mjs:17277:36)
	    at lookupTokenUsingModuleInjector (node_modules/@angular/core/fesm2022/core.mjs:5071:39)
	    at getOrCreateInjectable (node_modules/@angular/core/fesm2022/core.mjs:5119:12)
	    at Module.ɵɵdirectiveInject (node_modules/@angular/core/fesm2022/core.mjs:17328:19)
	    at NodeInjectorFactory.factory (node_modules/@angular/router/fesm2022/router_module-DTJgGWLd.mjs:357:97)
	    at getNodeInjectable (node_modules/@angular/core/fesm2022/core.mjs:5331:44)
	    at instantiateAllDirectives (node_modules/@angular/core/fesm2022/core.mjs:12593:27)
Chrome Headless 145.0.0.0 (Windows 10): Executed 148 of 171[31m (124 FAILED)[39m (0 secs / 0.799 secs)
[1A[2KChrome Headless 145.0.0.0 (Windows 10): Executed 149 of 171[31m (124 FAILED)[39m (0 secs / 0.8 secs)
[1A[2KChrome Headless 145.0.0.0 (Windows 10): Executed 150 of 171[31m (124 FAILED)[39m (0 secs / 0.801 secs)
[1A[2K[31mChrome Headless 145.0.0.0 (Windows 10) Services1Component should create FAILED[39m
	NullInjectorError: R3InjectorError(Standalone[Services1Component])[ActivatedRoute -> ActivatedRoute -> ActivatedRoute]: 
	  NullInjectorError: No provider for ActivatedRoute!
	error properties: Object({ ngTempTokenPath: null, ngTokenPath: [ 'ActivatedRoute', 'ActivatedRoute', 'ActivatedRoute' ] })
	    at NullInjector.get (node_modules/@angular/core/fesm2022/core.mjs:1630:27)
	    at R3Injector.get (node_modules/@angular/core/fesm2022/core.mjs:2159:33)
	    at R3Injector.get (node_modules/@angular/core/fesm2022/core.mjs:2159:33)
	    at R3Injector.get (node_modules/@angular/core/fesm2022/core.mjs:2159:33)
	    at ChainedInjector.get (node_modules/@angular/core/fesm2022/core.mjs:17277:36)
	    at lookupTokenUsingModuleInjector (node_modules/@angular/core/fesm2022/core.mjs:5071:39)
	    at getOrCreateInjectable (node_modules/@angular/core/fesm2022/core.mjs:5119:12)
	    at Module.ɵɵdirectiveInject (node_modules/@angular/core/fesm2022/core.mjs:17328:19)
	    at NodeInjectorFactory.factory (node_modules/@angular/router/fesm2022/router_module-DTJgGWLd.mjs:357:97)
	    at getNodeInjectable (node_modules/@angular/core/fesm2022/core.mjs:5331:44)
Chrome Headless 145.0.0.0 (Windows 10): Executed 151 of 171[31m (125 FAILED)[39m (0 secs / 0.803 secs)
[1A[2KChrome Headless 145.0.0.0 (Windows 10): Executed 152 of 171[31m (125 FAILED)[39m (0 secs / 0.804 secs)
[1A[2KChrome Headless 145.0.0.0 (Windows 10): Executed 153 of 171[31m (125 FAILED)[39m (0 secs / 0.805 secs)
[1A[2K[31mChrome Headless 145.0.0.0 (Windows 10) Header5Component should create FAILED[39m
	NullInjectorError: R3InjectorError(Standalone[Header5Component])[ActivatedRoute -> ActivatedRoute -> ActivatedRoute]: 
	  NullInjectorError: No provider for ActivatedRoute!
	error properties: Object({ ngTempTokenPath: null, ngTokenPath: [ 'ActivatedRoute', 'ActivatedRoute', 'ActivatedRoute' ] })
	    at NullInjector.get (node_modules/@angular/core/fesm2022/core.mjs:1630:27)
	    at R3Injector.get (node_modules/@angular/core/fesm2022/core.mjs:2159:33)
	    at R3Injector.get (node_modules/@angular/core/fesm2022/core.mjs:2159:33)
	    at R3Injector.get (node_modules/@angular/core/fesm2022/core.mjs:2159:33)
	    at ChainedInjector.get (node_modules/@angular/core/fesm2022/core.mjs:17277:36)
	    at lookupTokenUsingModuleInjector (node_modules/@angular/core/fesm2022/core.mjs:5071:39)
	    at getOrCreateInjectable (node_modules/@angular/core/fesm2022/core.mjs:5119:12)
	    at Module.ɵɵdirectiveInject (node_modules/@angular/core/fesm2022/core.mjs:17328:19)
	    at NodeInjectorFactory.factory (node_modules/@angular/router/fesm2022/router_module-DTJgGWLd.mjs:357:97)
	    at getNodeInjectable (node_modules/@angular/core/fesm2022/core.mjs:5331:44)
Chrome Headless 145.0.0.0 (Windows 10): Executed 154 of 171[31m (126 FAILED)[39m (0 secs / 0.807 secs)
[1A[2KChrome Headless 145.0.0.0 (Windows 10): Executed 155 of 171[31m (126 FAILED)[39m (0 secs / 0.809 secs)
[1A[2K[31mChrome Headless 145.0.0.0 (Windows 10) HeaderComponent should create FAILED[39m
	NullInjectorError: R3InjectorError(Standalone[HeaderComponent])[ActivatedRoute -> ActivatedRoute -> ActivatedRoute]: 
	  NullInjectorError: No provider for ActivatedRoute!
	error properties: Object({ ngTempTokenPath: null, ngTokenPath: [ 'ActivatedRoute', 'ActivatedRoute', 'ActivatedRoute' ] })
	    at NullInjector.get (node_modules/@angular/core/fesm2022/core.mjs:1630:27)
	    at R3Injector.get (node_modules/@angular/core/fesm2022/core.mjs:2159:33)
	    at R3Injector.get (node_modules/@angular/core/fesm2022/core.mjs:2159:33)
	    at R3Injector.get (node_modules/@angular/core/fesm2022/core.mjs:2159:33)
	    at ChainedInjector.get (node_modules/@angular/core/fesm2022/core.mjs:17277:36)
	    at lookupTokenUsingModuleInjector (node_modules/@angular/core/fesm2022/core.mjs:5071:39)
	    at getOrCreateInjectable (node_modules/@angular/core/fesm2022/core.mjs:5119:12)
	    at Module.ɵɵdirectiveInject (node_modules/@angular/core/fesm2022/core.mjs:17328:19)
	    at NodeInjectorFactory.factory (node_modules/@angular/router/fesm2022/router_module-DTJgGWLd.mjs:357:97)
	    at getNodeInjectable (node_modules/@angular/core/fesm2022/core.mjs:5331:44)
Chrome Headless 145.0.0.0 (Windows 10): Executed 156 of 171[31m (127 FAILED)[39m (0 secs / 0.813 secs)
[1A[2K[31mChrome Headless 145.0.0.0 (Windows 10) Services2Component should create FAILED[39m
	NullInjectorError: R3InjectorError(Standalone[Services2Component])[ActivatedRoute -> ActivatedRoute -> ActivatedRoute]: 
	  NullInjectorError: No provider for ActivatedRoute!
	error properties: Object({ ngTempTokenPath: null, ngTokenPath: [ 'ActivatedRoute', 'ActivatedRoute', 'ActivatedRoute' ] })
	    at NullInjector.get (node_modules/@angular/core/fesm2022/core.mjs:1630:27)
	    at R3Injector.get (node_modules/@angular/core/fesm2022/core.mjs:2159:33)
	    at R3Injector.get (node_modules/@angular/core/fesm2022/core.mjs:2159:33)
	    at R3Injector.get (node_modules/@angular/core/fesm2022/core.mjs:2159:33)
	    at ChainedInjector.get (node_modules/@angular/core/fesm2022/core.mjs:17277:36)
	    at lookupTokenUsingModuleInjector (node_modules/@angular/core/fesm2022/core.mjs:5071:39)
	    at getOrCreateInjectable (node_modules/@angular/core/fesm2022/core.mjs:5119:12)
	    at Module.ɵɵdirectiveInject (node_modules/@angular/core/fesm2022/core.mjs:17328:19)
	    at NodeInjectorFactory.factory (node_modules/@angular/router/fesm2022/router_module-DTJgGWLd.mjs:357:97)
	    at getNodeInjectable (node_modules/@angular/core/fesm2022/core.mjs:5331:44)
Chrome Headless 145.0.0.0 (Windows 10): Executed 157 of 171[31m (128 FAILED)[39m (0 secs / 0.815 secs)
[1A[2K[31mChrome Headless 145.0.0.0 (Windows 10) CaseStudies3Component should create FAILED[39m
	NullInjectorError: R3InjectorError(Standalone[CaseStudies3Component])[ActivatedRoute -> ActivatedRoute -> ActivatedRoute]: 
	  NullInjectorError: No provider for ActivatedRoute!
	error properties: Object({ ngTempTokenPath: null, ngTokenPath: [ 'ActivatedRoute', 'ActivatedRoute', 'ActivatedRoute' ] })
	    at NullInjector.get (node_modules/@angular/core/fesm2022/core.mjs:1630:27)
	    at R3Injector.get (node_modules/@angular/core/fesm2022/core.mjs:2159:33)
	    at R3Injector.get (node_modules/@angular/core/fesm2022/core.mjs:2159:33)
	    at R3Injector.get (node_modules/@angular/core/fesm2022/core.mjs:2159:33)
	    at ChainedInjector.get (node_modules/@angular/core/fesm2022/core.mjs:17277:36)
	    at lookupTokenUsingModuleInjector (node_modules/@angular/core/fesm2022/core.mjs:5071:39)
	    at getOrCreateInjectable (node_modules/@angular/core/fesm2022/core.mjs:5119:12)
	    at Module.ɵɵdirectiveInject (node_modules/@angular/core/fesm2022/core.mjs:17328:19)
	    at NodeInjectorFactory.factory (node_modules/@angular/router/fesm2022/router_module-DTJgGWLd.mjs:357:97)
	    at getNodeInjectable (node_modules/@angular/core/fesm2022/core.mjs:5331:44)
Chrome Headless 145.0.0.0 (Windows 10): Executed 158 of 171[31m (129 FAILED)[39m (0 secs / 0.816 secs)
[1A[2KChrome Headless 145.0.0.0 (Windows 10): Executed 159 of 171[31m (129 FAILED)[39m (0 secs / 0.825 secs)
[1A[2K[31mChrome Headless 145.0.0.0 (Windows 10) Contact4Component should create FAILED[39m
	ReferenceError: NiceSelect is not defined
	    at NiceSelectDirective.call [as ngAfterViewInit] (src/app/core/directives/nice-select.directive.ts:12:9)
	    at callHookInternal (node_modules/@angular/core/fesm2022/core.mjs:4215:14)
	    at callHook (node_modules/@angular/core/fesm2022/core.mjs:4242:13)
	    at callHooks (node_modules/@angular/core/fesm2022/core.mjs:4196:17)
	    at executeInitAndCheckHooks (node_modules/@angular/core/fesm2022/core.mjs:4146:9)
	    at refreshView (node_modules/@angular/core/fesm2022/core.mjs:14130:21)
	    at detectChangesInView (node_modules/@angular/core/fesm2022/core.mjs:14274:9)
	    at detectChangesInViewIfAttached (node_modules/@angular/core/fesm2022/core.mjs:14234:5)
	    at detectChangesInComponent (node_modules/@angular/core/fesm2022/core.mjs:14222:5)
	    at detectChangesInChildComponents (node_modules/@angular/core/fesm2022/core.mjs:14293:9)
Chrome Headless 145.0.0.0 (Windows 10): Executed 160 of 171[31m (130 FAILED)[39m (0 secs / 0.827 secs)
[1A[2K[31mChrome Headless 145.0.0.0 (Windows 10) SingleHeader1Component should create FAILED[39m
	NullInjectorError: R3InjectorError(Standalone[SingleHeader1Component])[ActivatedRoute -> ActivatedRoute -> ActivatedRoute]: 
	  NullInjectorError: No provider for ActivatedRoute!
	error properties: Object({ ngTempTokenPath: null, ngTokenPath: [ 'ActivatedRoute', 'ActivatedRoute', 'ActivatedRoute' ] })
	    at NullInjector.get (node_modules/@angular/core/fesm2022/core.mjs:1630:27)
	    at R3Injector.get (node_modules/@angular/core/fesm2022/core.mjs:2159:33)
	    at R3Injector.get (node_modules/@angular/core/fesm2022/core.mjs:2159:33)
	    at R3Injector.get (node_modules/@angular/core/fesm2022/core.mjs:2159:33)
	    at ChainedInjector.get (node_modules/@angular/core/fesm2022/core.mjs:17277:36)
	    at lookupTokenUsingModuleInjector (node_modules/@angular/core/fesm2022/core.mjs:5071:39)
	    at getOrCreateInjectable (node_modules/@angular/core/fesm2022/core.mjs:5119:12)
	    at Module.ɵɵdirectiveInject (node_modules/@angular/core/fesm2022/core.mjs:17328:19)
	    at NodeInjectorFactory.factory (node_modules/@angular/router/fesm2022/router_module-DTJgGWLd.mjs:357:97)
	    at getNodeInjectable (node_modules/@angular/core/fesm2022/core.mjs:5331:44)
Chrome Headless 145.0.0.0 (Windows 10): Executed 161 of 171[31m (131 FAILED)[39m (0 secs / 0.829 secs)
[1A[2K[31mChrome Headless 145.0.0.0 (Windows 10) Blogs1Component should create FAILED[39m
	NullInjectorError: R3InjectorError(Standalone[Blogs1Component])[ActivatedRoute -> ActivatedRoute -> ActivatedRoute]: 
	  NullInjectorError: No provider for ActivatedRoute!
	error properties: Object({ ngTempTokenPath: null, ngTokenPath: [ 'ActivatedRoute', 'ActivatedRoute', 'ActivatedRoute' ] })
	    at NullInjector.get (node_modules/@angular/core/fesm2022/core.mjs:1630:27)
	    at R3Injector.get (node_modules/@angular/core/fesm2022/core.mjs:2159:33)
	    at R3Injector.get (node_modules/@angular/core/fesm2022/core.mjs:2159:33)
	    at R3Injector.get (node_modules/@angular/core/fesm2022/core.mjs:2159:33)
	    at ChainedInjector.get (node_modules/@angular/core/fesm2022/core.mjs:17277:36)
	    at lookupTokenUsingModuleInjector (node_modules/@angular/core/fesm2022/core.mjs:5071:39)
	    at getOrCreateInjectable (node_modules/@angular/core/fesm2022/core.mjs:5119:12)
	    at Module.ɵɵdirectiveInject (node_modules/@angular/core/fesm2022/core.mjs:17328:19)
	    at NodeInjectorFactory.factory (node_modules/@angular/router/fesm2022/router_module-DTJgGWLd.mjs:357:97)
	    at getNodeInjectable (node_modules/@angular/core/fesm2022/core.mjs:5331:44)
Chrome Headless 145.0.0.0 (Windows 10): Executed 162 of 171[31m (132 FAILED)[39m (0 secs / 0.83 secs)
[1A[2K[31mChrome Headless 145.0.0.0 (Windows 10) Footer5Component should create FAILED[39m
	NullInjectorError: R3InjectorError(Standalone[Footer5Component])[ActivatedRoute -> ActivatedRoute -> ActivatedRoute]: 
	  NullInjectorError: No provider for ActivatedRoute!
	error properties: Object({ ngTempTokenPath: null, ngTokenPath: [ 'ActivatedRoute', 'ActivatedRoute', 'ActivatedRoute' ] })
	    at NullInjector.get (node_modules/@angular/core/fesm2022/core.mjs:1630:27)
	    at R3Injector.get (node_modules/@angular/core/fesm2022/core.mjs:2159:33)
	    at R3Injector.get (node_modules/@angular/core/fesm2022/core.mjs:2159:33)
	    at R3Injector.get (node_modules/@angular/core/fesm2022/core.mjs:2159:33)
	    at ChainedInjector.get (node_modules/@angular/core/fesm2022/core.mjs:17277:36)
	    at lookupTokenUsingModuleInjector (node_modules/@angular/core/fesm2022/core.mjs:5071:39)
	    at getOrCreateInjectable (node_modules/@angular/core/fesm2022/core.mjs:5119:12)
	    at Module.ɵɵdirectiveInject (node_modules/@angular/core/fesm2022/core.mjs:17328:19)
	    at NodeInjectorFactory.factory (node_modules/@angular/router/fesm2022/router_module-DTJgGWLd.mjs:357:97)
	    at getNodeInjectable (node_modules/@angular/core/fesm2022/core.mjs:5331:44)
Chrome Headless 145.0.0.0 (Windows 10): Executed 163 of 171[31m (133 FAILED)[39m (0 secs / 0.831 secs)
[1A[2K[31mChrome Headless 145.0.0.0 (Windows 10) Testimonial3Component should create FAILED[39m
	ReferenceError: jQuery is not defined
	    at SlickCarouselComponent.initSlick (node_modules/ngx-slick-carousel/fesm2022/ngx-slick-carousel.mjs:75:9)
	    at SlickCarouselComponent.ngAfterViewChecked (node_modules/ngx-slick-carousel/fesm2022/ngx-slick-carousel.mjs:46:26)
	    at SlickCarouselComponent.call [as ngAfterViewInit] (node_modules/ngx-slick-carousel/fesm2022/ngx-slick-carousel.mjs:33:14)
	    at callHookInternal (node_modules/@angular/core/fesm2022/core.mjs:4215:14)
	    at callHook (node_modules/@angular/core/fesm2022/core.mjs:4242:13)
	    at callHooks (node_modules/@angular/core/fesm2022/core.mjs:4196:17)
	    at executeInitAndCheckHooks (node_modules/@angular/core/fesm2022/core.mjs:4146:9)
	    at refreshView (node_modules/@angular/core/fesm2022/core.mjs:14130:21)
	    at detectChangesInView (node_modules/@angular/core/fesm2022/core.mjs:14274:9)
	    at detectChangesInViewIfAttached (node_modules/@angular/core/fesm2022/core.mjs:14234:5)
Chrome Headless 145.0.0.0 (Windows 10): Executed 164 of 171[31m (134 FAILED)[39m (0 secs / 0.834 secs)
[1A[2K[31mChrome Headless 145.0.0.0 (Windows 10) PageHeaderComponent should create FAILED[39m
	NullInjectorError: R3InjectorError(DynamicTestModule)[ActivatedRoute -> ActivatedRoute]: 
	  NullInjectorError: No provider for ActivatedRoute!
	error properties: Object({ ngTempTokenPath: null, ngTokenPath: [ 'ActivatedRoute', 'ActivatedRoute' ] })
	    at NullInjector.get (node_modules/@angular/core/fesm2022/core.mjs:1630:27)
	    at R3Injector.get (node_modules/@angular/core/fesm2022/core.mjs:2159:33)
	    at R3Injector.get (node_modules/@angular/core/fesm2022/core.mjs:2159:33)
	    at ChainedInjector.get (node_modules/@angular/core/fesm2022/core.mjs:17277:36)
	    at lookupTokenUsingModuleInjector (node_modules/@angular/core/fesm2022/core.mjs:5071:39)
	    at getOrCreateInjectable (node_modules/@angular/core/fesm2022/core.mjs:5119:12)
	    at Module.ɵɵdirectiveInject (node_modules/@angular/core/fesm2022/core.mjs:17328:19)
	    at NodeInjectorFactory.factory (node_modules/@angular/router/fesm2022/router_module-DTJgGWLd.mjs:357:97)
	    at getNodeInjectable (node_modules/@angular/core/fesm2022/core.mjs:5331:44)
	    at instantiateAllDirectives (node_modules/@angular/core/fesm2022/core.mjs:12593:27)
Chrome Headless 145.0.0.0 (Windows 10): Executed 165 of 171[31m (135 FAILED)[39m (0 secs / 0.835 secs)
[1A[2K[31mChrome Headless 145.0.0.0 (Windows 10) Footer5Component should create FAILED[39m
	NullInjectorError: R3InjectorError(Standalone[Footer5Component])[ActivatedRoute -> ActivatedRoute -> ActivatedRoute]: 
	  NullInjectorError: No provider for ActivatedRoute!
	error properties: Object({ ngTempTokenPath: null, ngTokenPath: [ 'ActivatedRoute', 'ActivatedRoute', 'ActivatedRoute' ] })
	    at NullInjector.get (node_modules/@angular/core/fesm2022/core.mjs:1630:27)
	    at R3Injector.get (node_modules/@angular/core/fesm2022/core.mjs:2159:33)
	    at R3Injector.get (node_modules/@angular/core/fesm2022/core.mjs:2159:33)
	    at R3Injector.get (node_modules/@angular/core/fesm2022/core.mjs:2159:33)
	    at ChainedInjector.get (node_modules/@angular/core/fesm2022/core.mjs:17277:36)
	    at lookupTokenUsingModuleInjector (node_modules/@angular/core/fesm2022/core.mjs:5071:39)
	    at getOrCreateInjectable (node_modules/@angular/core/fesm2022/core.mjs:5119:12)
	    at Module.ɵɵdirectiveInject (node_modules/@angular/core/fesm2022/core.mjs:17328:19)
	    at NodeInjectorFactory.factory (node_modules/@angular/router/fesm2022/router_module-DTJgGWLd.mjs:357:97)
	    at getNodeInjectable (node_modules/@angular/core/fesm2022/core.mjs:5331:44)
Chrome Headless 145.0.0.0 (Windows 10): Executed 166 of 171[31m (136 FAILED)[39m (0 secs / 0.836 secs)
[1A[2KChrome Headless 145.0.0.0 (Windows 10): Executed 167 of 171[31m (136 FAILED)[39m (0 secs / 0.837 secs)
[1A[2KChrome Headless 145.0.0.0 (Windows 10): Executed 168 of 171[31m (136 FAILED)[39m (0 secs / 0.839 secs)
[1A[2K[31mChrome Headless 145.0.0.0 (Windows 10) Hero1Component should create FAILED[39m
	NullInjectorError: R3InjectorError(Standalone[Hero1Component])[ActivatedRoute -> ActivatedRoute -> ActivatedRoute]: 
	  NullInjectorError: No provider for ActivatedRoute!
	error properties: Object({ ngTempTokenPath: null, ngTokenPath: [ 'ActivatedRoute', 'ActivatedRoute', 'ActivatedRoute' ] })
	    at NullInjector.get (node_modules/@angular/core/fesm2022/core.mjs:1630:27)
	    at R3Injector.get (node_modules/@angular/core/fesm2022/core.mjs:2159:33)
	    at R3Injector.get (node_modules/@angular/core/fesm2022/core.mjs:2159:33)
	    at R3Injector.get (node_modules/@angular/core/fesm2022/core.mjs:2159:33)
	    at ChainedInjector.get (node_modules/@angular/core/fesm2022/core.mjs:17277:36)
	    at lookupTokenUsingModuleInjector (node_modules/@angular/core/fesm2022/core.mjs:5071:39)
	    at getOrCreateInjectable (node_modules/@angular/core/fesm2022/core.mjs:5119:12)
	    at Module.ɵɵdirectiveInject (node_modules/@angular/core/fesm2022/core.mjs:17328:19)
	    at NodeInjectorFactory.factory (node_modules/@angular/router/fesm2022/router_module-DTJgGWLd.mjs:357:97)
	    at getNodeInjectable (node_modules/@angular/core/fesm2022/core.mjs:5331:44)
Chrome Headless 145.0.0.0 (Windows 10): Executed 169 of 171[31m (137 FAILED)[39m (0 secs / 0.841 secs)
[1A[2KChrome Headless 145.0.0.0 (Windows 10): Executed 170 of 171[31m (137 FAILED)[39m (0 secs / 0.842 secs)
[1A[2K[31mChrome Headless 145.0.0.0 (Windows 10) Blogs3Component should create FAILED[39m
	NullInjectorError: R3InjectorError(Standalone[Blogs3Component])[ActivatedRoute -> ActivatedRoute -> ActivatedRoute]: 
	  NullInjectorError: No provider for ActivatedRoute!
	error properties: Object({ ngTempTokenPath: null, ngTokenPath: [ 'ActivatedRoute', 'ActivatedRoute', 'ActivatedRoute' ] })
	    at NullInjector.get (node_modules/@angular/core/fesm2022/core.mjs:1630:27)
	    at R3Injector.get (node_modules/@angular/core/fesm2022/core.mjs:2159:33)
	    at R3Injector.get (node_modules/@angular/core/fesm2022/core.mjs:2159:33)
	    at R3Injector.get (node_modules/@angular/core/fesm2022/core.mjs:2159:33)
	    at ChainedInjector.get (node_modules/@angular/core/fesm2022/core.mjs:17277:36)
	    at lookupTokenUsingModuleInjector (node_modules/@angular/core/fesm2022/core.mjs:5071:39)
	    at getOrCreateInjectable (node_modules/@angular/core/fesm2022/core.mjs:5119:12)
	    at Module.ɵɵdirectiveInject (node_modules/@angular/core/fesm2022/core.mjs:17328:19)
	    at NodeInjectorFactory.factory (node_modules/@angular/router/fesm2022/router_module-DTJgGWLd.mjs:357:97)
	    at getNodeInjectable (node_modules/@angular/core/fesm2022/core.mjs:5331:44)
Chrome Headless 145.0.0.0 (Windows 10): Executed 171 of 171[31m (138 FAILED)[39m (0 secs / 0.844 secs)
[1A[2KChrome Headless 145.0.0.0 (Windows 10): Executed 171 of 171[31m (138 FAILED)[39m (1.021 secs / 0.844 secs)
[31mTOTAL: 138 FAILED, 33 SUCCESS[39m
✔ Browser application bundle generation complete.
✔ Browser application bundle generation complete.
